
===========================================================================
 report_power
============================================================================
======================= Fastest Corner ===================================

Group                  Internal  Switching    Leakage      Total
                          Power      Power      Power      Power (Watts)
----------------------------------------------------------------
Sequential             2.67e-04   6.78e-05   2.17e-07   3.35e-04  40.0%
Combinational          2.75e-04   2.28e-04   3.16e-09   5.03e-04  60.0%
Macro                  0.00e+00   0.00e+00   0.00e+00   0.00e+00   0.0%
Pad                    0.00e+00   0.00e+00   0.00e+00   0.00e+00   0.0%
----------------------------------------------------------------
Total                  5.42e-04   2.96e-04   2.20e-07   8.38e-04 100.0%
                          64.7%      35.3%       0.0%

======================= Slowest Corner ===================================

Group                  Internal  Switching    Leakage      Total
                          Power      Power      Power      Power (Watts)
----------------------------------------------------------------
Sequential             1.79e-04   4.42e-05   8.66e-07   2.24e-04  39.3%
Combinational          1.97e-04   1.48e-04   1.26e-06   3.47e-04  60.7%
Macro                  0.00e+00   0.00e+00   0.00e+00   0.00e+00   0.0%
Pad                    0.00e+00   0.00e+00   0.00e+00   0.00e+00   0.0%
----------------------------------------------------------------
Total                  3.77e-04   1.92e-04   2.13e-06   5.71e-04 100.0%
                          66.0%      33.6%       0.4%

======================= Typical Corner ===================================

Group                  Internal  Switching    Leakage      Total
                          Power      Power      Power      Power (Watts)
----------------------------------------------------------------
Sequential             2.31e-04   5.68e-05   2.17e-07   2.88e-04  39.9%
Combinational          2.44e-04   1.91e-04   2.16e-09   4.34e-04  60.1%
Macro                  0.00e+00   0.00e+00   0.00e+00   0.00e+00   0.0%
Pad                    0.00e+00   0.00e+00   0.00e+00   0.00e+00   0.0%
----------------------------------------------------------------
Total                  4.75e-04   2.48e-04   2.19e-07   7.22e-04 100.0%
                          65.7%      34.3%       0.0%

