Instance name,  X location,  Y location,  Voltage 
FILLER_0_45_273, 127.075, 133.28, 1.79975
FILLER_0_43_273, 127.075, 127.84, 1.79975
FILLER_0_41_273, 127.075, 122.4, 1.79975
FILLER_0_39_273, 127.075, 116.96, 1.79975
FILLER_0_37_273, 127.075, 111.52, 1.79975
FILLER_0_35_273, 127.075, 106.08, 1.79975
FILLER_0_33_273, 127.075, 100.64, 1.79976
FILLER_0_31_273, 127.075, 95.2, 1.79976
FILLER_0_29_273, 127.075, 89.76, 1.79976
FILLER_0_27_273, 127.075, 84.32, 1.79976
FILLER_0_25_273, 127.075, 78.88, 1.79977
FILLER_0_23_273, 127.075, 73.44, 1.79977
FILLER_0_21_273, 127.075, 68, 1.79974
FILLER_0_19_273, 127.075, 62.56, 1.79974
FILLER_0_17_273, 127.075, 57.12, 1.79972
FILLER_0_13_273, 127.075, 46.24, 1.79971
FILLER_0_11_273, 127.075, 40.8, 1.7997
FILLER_0_9_273, 127.075, 35.36, 1.79971
FILLER_0_7_273, 127.075, 29.92, 1.79971
FILLER_0_5_273, 127.075, 24.48, 1.79971
FILLER_0_3_273, 127.075, 19.04, 1.7997
FILLER_0_1_273, 127.075, 13.6, 1.79969
FILLER_0_46_187, 92.345, 138.72, 1.79974
FILLER_0_44_189, 92.345, 127.84, 1.79975
FILLER_0_42_189, 92.345, 122.4, 1.79975
FILLER_0_40_189, 92.345, 116.96, 1.79976
FILLER_0_38_189, 92.345, 111.52, 1.79977
FILLER_0_36_189, 92.345, 106.08, 1.79978
FILLER_0_34_189, 92.345, 100.64, 1.79979
FILLER_0_32_189, 92.345, 95.2, 1.7998
FILLER_0_30_189, 92.345, 89.76, 1.79981
hold9, 92.345, 84.32, 1.7998
FILLER_0_26_186, 92.345, 84.32, 1.7998
FILLER_0_28_193, 92.345, 84.32, 1.7998
_377_, 92.345, 78.88, 1.79983
_358_, 92.345, 73.44, 1.79985
FILLER_0_24_189, 92.345, 73.44, 1.79985
_292_, 92.345, 68, 1.79975
_351_, 92.345, 68, 1.79975
_353_, 92.345, 68, 1.79975
_359_, 92.345, 68, 1.79975
_360_, 92.345, 68, 1.79975
hold6, 92.345, 68, 1.79975
FILLER_0_20_186, 92.345, 68, 1.79975
FILLER_0_21_192, 92.345, 68, 1.79975
_286_, 92.345, 62.56, 1.79977
_332_, 92.345, 62.56, 1.79977
_412_, 92.345, 62.56, 1.79977
FILLER_0_18_184, 92.345, 62.56, 1.79977
FILLER_0_19_189, 92.345, 62.56, 1.79977
FILLER_0_20_197, 92.345, 62.56, 1.79977
_291_, 92.345, 57.12, 1.7997
_296_, 92.345, 57.12, 1.7997
_329_, 92.345, 57.12, 1.7997
_337_, 92.345, 57.12, 1.7997
_338_, 92.345, 57.12, 1.7997
_346_, 92.345, 57.12, 1.7997
_411_, 92.345, 57.12, 1.7997
FILLER_0_16_187, 92.345, 57.12, 1.7997
FILLER_0_17_196, 92.345, 57.12, 1.7997
_339_, 92.345, 51.68, 1.79969
_344_, 92.345, 51.68, 1.79969
FILLER_0_15_191, 92.345, 51.68, 1.79969
FILLER_0_16_197, 92.345, 51.68, 1.79969
_321_, 92.345, 46.24, 1.79969
_322_, 92.345, 46.24, 1.79969
_409_, 92.345, 46.24, 1.79969
_372_, 92.345, 40.8, 1.79966
FILLER_0_10_190, 92.345, 35.36, 1.7997
FILLER_0_8_190, 92.345, 29.92, 1.7997
FILLER_0_6_189, 92.345, 24.48, 1.7997
FILLER_0_4_189, 92.345, 19.04, 1.79969
FILLER_0_0_190, 92.345, 13.6, 1.79969
FILLER_0_2_189, 92.345, 13.6, 1.79969
input3, 57.615, 138.72, 1.79963
FILLER_0_46_104, 57.615, 138.72, 1.79963
FILLER_0_45_105, 57.615, 133.28, 1.79963
FILLER_0_43_105, 57.615, 127.84, 1.79963
FILLER_0_41_105, 57.615, 122.4, 1.79963
FILLER_0_39_105, 57.615, 116.96, 1.79962
FILLER_0_37_105, 57.615, 111.52, 1.79962
FILLER_0_35_105, 57.615, 106.08, 1.79962
FILLER_0_33_105, 57.615, 100.64, 1.79962
FILLER_0_31_105, 57.615, 95.2, 1.79961
_383_, 57.615, 89.76, 1.7996
FILLER_0_28_110, 57.615, 89.76, 1.7996
FILLER_0_29_105, 57.615, 89.76, 1.7996
FILLER_0_29_113, 57.615, 89.76, 1.7996
FILLER_0_29_121, 57.615, 89.76, 1.7996
_297_, 57.615, 84.32, 1.79954
_298_, 57.615, 84.32, 1.79954
_299_, 57.615, 84.32, 1.79954
_300_, 57.615, 84.32, 1.79954
_405_, 57.615, 84.32, 1.79954
_429_, 57.615, 84.32, 1.79954
_310_, 57.615, 78.88, 1.79953
_425_, 57.615, 78.88, 1.79953
_428_, 57.615, 78.88, 1.79953
_309_, 57.615, 73.44, 1.79954
_423_, 57.615, 73.44, 1.79954
FILLER_0_23_107, 57.615, 73.44, 1.79954
FILLER_0_24_123, 57.615, 73.44, 1.79954
_376_, 57.615, 68, 1.79947
_387_, 57.615, 68, 1.79947
ANTENNA__279__A0, 57.615, 68, 1.79947
FILLER_0_21_103, 57.615, 68, 1.79947
FILLER_0_21_125, 57.615, 68, 1.79947
_282_, 57.615, 62.56, 1.79949
_311_, 57.615, 62.56, 1.79949
_312_, 57.615, 62.56, 1.79949
_422_, 57.615, 62.56, 1.79949
FILLER_0_19_113, 57.615, 62.56, 1.79949
_208_, 57.615, 57.12, 1.79941
_219_, 57.615, 57.12, 1.79941
_283_, 57.615, 57.12, 1.79941
_432_, 57.615, 57.12, 1.79941
clkbuf_0_clk, 57.615, 57.12, 1.79941
ANTENNA__282__A0, 57.615, 57.12, 1.79941
FILLER_0_17_103, 57.615, 57.12, 1.79941
FILLER_0_18_116, 57.615, 57.12, 1.79941
_228_, 57.615, 51.68, 1.79946
_371_, 57.615, 51.68, 1.79946
_420_, 57.615, 51.68, 1.79946
FILLER_0_15_109, 57.615, 51.68, 1.79946
FILLER_0_15_117, 57.615, 51.68, 1.79946
_328_, 57.615, 46.24, 1.79946
_374_, 57.615, 46.24, 1.79946
_417_, 57.615, 46.24, 1.79946
hold2, 57.615, 46.24, 1.79946
hold10, 57.615, 46.24, 1.79946
_370_, 57.615, 40.8, 1.79948
FILLER_0_12_115, 57.615, 40.8, 1.79948
FILLER_0_9_102, 57.615, 35.36, 1.79952
FILLER_0_7_105, 57.615, 29.92, 1.79954
FILLER_0_5_105, 57.615, 24.48, 1.79954
FILLER_0_3_105, 57.615, 19.04, 1.79955
input2, 57.615, 13.6, 1.79954
ANTENNA_input2_A, 57.615, 13.6, 1.79954
FILLER_0_1_105, 57.615, 13.6, 1.79954
ANTENNA_input9_A, 22.885, 138.72, 1.79957
FILLER_0_46_29, 22.885, 138.72, 1.79957
input9, 22.885, 133.28, 1.79956
FILLER_0_39_45, 22.885, 116.96, 1.79955
FILLER_0_27_46, 22.885, 84.32, 1.79949
_447_, 22.885, 78.88, 1.79948
FILLER_0_26_41, 22.885, 78.88, 1.79948
_446_, 22.885, 73.44, 1.79947
_236_, 22.885, 68, 1.79935
_443_, 22.885, 68, 1.79935
_444_, 22.885, 68, 1.79935
FILLER_0_20_29, 22.885, 68, 1.79935
FILLER_0_22_41, 22.885, 68, 1.79935
_267_, 22.885, 62.56, 1.79942
_398_, 22.885, 62.56, 1.79942
_399_, 22.885, 62.56, 1.79942
FILLER_0_18_29, 22.885, 62.56, 1.79942
FILLER_0_19_39, 22.885, 62.56, 1.79942
_392_, 22.885, 57.12, 1.7994
_435_, 22.885, 57.12, 1.7994
FILLER_0_17_49, 22.885, 57.12, 1.7994
_266_, 22.885, 51.68, 1.79943
_273_, 22.885, 51.68, 1.79943
_275_, 22.885, 51.68, 1.79943
_388_, 22.885, 51.68, 1.79943
hold20, 22.885, 51.68, 1.79943
ANTENNA__388__A, 22.885, 51.68, 1.79943
FILLER_0_14_29, 22.885, 51.68, 1.79943
FILLER_0_15_31, 22.885, 51.68, 1.79943
_276_, 22.885, 46.24, 1.79936
_277_, 22.885, 46.24, 1.79936
clkbuf_2_0__f_clk, 22.885, 46.24, 1.79936
FILLER_0_13_49, 22.885, 46.24, 1.79936
_255_, 22.885, 40.8, 1.79944
_261_, 22.885, 40.8, 1.79944
_395_, 22.885, 40.8, 1.79944
FILLER_0_10_29, 22.885, 40.8, 1.79944
FILLER_0_11_44, 22.885, 40.8, 1.79944
FILLER_0_12_44, 22.885, 40.8, 1.79944
_440_, 22.885, 35.36, 1.79943
_441_, 22.885, 35.36, 1.79943
_439_, 22.885, 29.92, 1.79946
FILLER_0_8_41, 22.885, 29.92, 1.79946
output19, 22.885, 13.6, 1.79947
FILLER_0_0_49, 22.885, 13.6, 1.79947
PHY_92, 5.52, 138.72, 1.79957
PHY_93, 144.44, 138.72, 1.79971
FILLER_0_46_53, 34.461, 138.72, 1.79959
FILLER_0_46_81, 46.038, 138.72, 1.79961
FILLER_0_46_137, 69.191, 138.72, 1.79967
FILLER_0_46_209, 103.921, 138.72, 1.79974
output11, 135.757, 138.72, 1.79971
ANTENNA_output11_A, 135.757, 138.72, 1.79971
PHY_88, 5.52, 133.28, 1.79956
PHY_90, 5.52, 133.28, 1.79956
input5, 5.52, 133.28, 1.79956
ANTENNA_input5_A, 5.52, 133.28, 1.79956
PHY_89, 144.44, 133.28, 1.79974
PHY_91, 144.44, 133.28, 1.79974
input1, 144.44, 133.28, 1.79974
ANTENNA_input1_A, 144.44, 133.28, 1.79974
FILLER_0_46_22, 14.202, 133.28, 1.79956
FILLER_0_45_51, 34.461, 133.28, 1.79959
ANTENNA_input3_A, 46.038, 133.28, 1.79961
FILLER_0_44_77, 46.038, 133.28, 1.79961
FILLER_0_44_133, 69.191, 133.28, 1.79967
output12, 80.768, 133.28, 1.7997
ANTENNA_output12_A, 80.768, 133.28, 1.7997
FILLER_0_45_161, 80.768, 133.28, 1.7997
input6, 103.921, 133.28, 1.79974
ANTENNA_input6_A, 103.921, 133.28, 1.79974
FILLER_0_45_217, 103.921, 133.28, 1.79974
FILLER_0_46_249, 115.498, 133.28, 1.79974
FILLER_0_46_289, 135.757, 133.28, 1.79974
PHY_84, 5.52, 127.84, 1.79956
PHY_86, 5.52, 127.84, 1.79956
PHY_85, 144.44, 127.84, 1.79975
PHY_87, 144.44, 127.84, 1.79975
FILLER_0_43_293, 144.44, 127.84, 1.79975
FILLER_0_43_51, 34.461, 127.84, 1.79959
FILLER_0_42_77, 46.038, 127.84, 1.79961
FILLER_0_42_133, 69.191, 127.84, 1.79967
FILLER_0_43_161, 80.768, 127.84, 1.79971
FILLER_0_43_217, 103.921, 127.84, 1.79975
FILLER_0_44_245, 115.498, 127.84, 1.79975
FILLER_0_44_289, 135.757, 127.84, 1.79975
PHY_80, 5.52, 122.4, 1.79956
PHY_82, 5.52, 122.4, 1.79956
PHY_81, 144.44, 122.4, 1.79975
PHY_83, 144.44, 122.4, 1.79975
FILLER_0_41_293, 144.44, 122.4, 1.79975
FILLER_0_41_51, 34.461, 122.4, 1.79958
FILLER_0_40_77, 46.038, 122.4, 1.79961
FILLER_0_40_133, 69.191, 122.4, 1.79967
FILLER_0_41_161, 80.768, 122.4, 1.79971
FILLER_0_41_217, 103.921, 122.4, 1.79975
FILLER_0_42_245, 115.498, 122.4, 1.79975
FILLER_0_42_289, 135.757, 122.4, 1.79975
PHY_76, 5.52, 116.96, 1.79953
PHY_78, 5.52, 116.96, 1.79953
output16, 5.52, 116.96, 1.79953
PHY_77, 144.44, 116.96, 1.79975
PHY_79, 144.44, 116.96, 1.79975
FILLER_0_39_293, 144.44, 116.96, 1.79975
FILLER_0_39_53, 34.461, 116.96, 1.79957
FILLER_0_38_77, 46.038, 116.96, 1.7996
FILLER_0_38_133, 69.191, 116.96, 1.79967
FILLER_0_39_161, 80.768, 116.96, 1.79971
FILLER_0_39_217, 103.921, 116.96, 1.79976
FILLER_0_40_245, 115.498, 116.96, 1.79975
FILLER_0_40_289, 135.757, 116.96, 1.79975
PHY_72, 5.52, 111.52, 1.79955
PHY_74, 5.52, 111.52, 1.79955
PHY_73, 144.44, 111.52, 1.79975
PHY_75, 144.44, 111.52, 1.79975
FILLER_0_37_293, 144.44, 111.52, 1.79975
FILLER_0_37_51, 34.461, 111.52, 1.79958
FILLER_0_36_77, 46.038, 111.52, 1.7996
FILLER_0_36_133, 69.191, 111.52, 1.79967
FILLER_0_37_161, 80.768, 111.52, 1.79972
FILLER_0_37_217, 103.921, 111.52, 1.79976
FILLER_0_38_245, 115.498, 111.52, 1.79976
FILLER_0_38_289, 135.757, 111.52, 1.79975
PHY_68, 5.52, 106.08, 1.79955
PHY_70, 5.52, 106.08, 1.79955
PHY_69, 144.44, 106.08, 1.79975
PHY_71, 144.44, 106.08, 1.79975
output17, 144.44, 106.08, 1.79975
ANTENNA_output17_A, 144.44, 106.08, 1.79975
FILLER_0_35_51, 34.461, 106.08, 1.79957
FILLER_0_34_77, 46.038, 106.08, 1.7996
FILLER_0_34_133, 69.191, 106.08, 1.79967
FILLER_0_35_161, 80.768, 106.08, 1.79972
FILLER_0_35_217, 103.921, 106.08, 1.79977
FILLER_0_36_245, 115.498, 106.08, 1.79976
FILLER_0_36_289, 135.757, 106.08, 1.79975
PHY_64, 5.52, 100.64, 1.79954
PHY_66, 5.52, 100.64, 1.79954
PHY_65, 144.44, 100.64, 1.79976
PHY_67, 144.44, 100.64, 1.79976
FILLER_0_33_293, 144.44, 100.64, 1.79976
FILLER_0_33_51, 34.461, 100.64, 1.79957
FILLER_0_32_77, 46.038, 100.64, 1.79959
FILLER_0_32_133, 69.191, 100.64, 1.79967
FILLER_0_33_161, 80.768, 100.64, 1.79973
FILLER_0_33_217, 103.921, 100.64, 1.79978
FILLER_0_34_245, 115.498, 100.64, 1.79977
FILLER_0_34_289, 135.757, 100.64, 1.79976
PHY_60, 5.52, 95.2, 1.79953
PHY_62, 5.52, 95.2, 1.79953
PHY_61, 144.44, 95.2, 1.79976
PHY_63, 144.44, 95.2, 1.79976
FILLER_0_31_293, 144.44, 95.2, 1.79976
FILLER_0_31_51, 34.461, 95.2, 1.79956
FILLER_0_30_77, 46.038, 95.2, 1.79958
FILLER_0_30_133, 69.191, 95.2, 1.79967
FILLER_0_31_161, 80.768, 95.2, 1.79974
FILLER_0_31_217, 103.921, 95.2, 1.79979
FILLER_0_32_245, 115.498, 95.2, 1.79977
FILLER_0_32_289, 135.757, 95.2, 1.79976
PHY_56, 5.52, 89.76, 1.79952
PHY_58, 5.52, 89.76, 1.79952
PHY_57, 144.44, 89.76, 1.79976
PHY_59, 144.44, 89.76, 1.79976
FILLER_0_29_293, 144.44, 89.76, 1.79976
FILLER_0_29_51, 34.461, 89.76, 1.79955
_210_, 46.038, 89.76, 1.79957
_212_, 46.038, 89.76, 1.79957
_213_, 46.038, 89.76, 1.79957
hold17, 69.191, 89.76, 1.79966
ANTENNA__383__A, 69.191, 89.76, 1.79966
FILLER_0_28_134, 69.191, 89.76, 1.79966
_303_, 80.768, 89.76, 1.79972
hold8, 80.768, 89.76, 1.79972
FILLER_0_28_209, 103.921, 89.76, 1.79979
FILLER_0_29_217, 103.921, 89.76, 1.79979
FILLER_0_30_245, 115.498, 89.76, 1.79978
FILLER_0_30_289, 135.757, 89.76, 1.79976
PHY_52, 5.52, 84.32, 1.79949
PHY_54, 5.52, 84.32, 1.79949
input8, 5.52, 84.32, 1.79949
ANTENNA_input8_A, 5.52, 84.32, 1.79949
PHY_53, 144.44, 84.32, 1.79976
PHY_55, 144.44, 84.32, 1.79976
FILLER_0_27_293, 144.44, 84.32, 1.79976
_216_, 34.461, 84.32, 1.79949
_403_, 34.461, 84.32, 1.79949
_448_, 34.461, 84.32, 1.79949
FILLER_0_28_72, 34.461, 84.32, 1.79949
_207_, 46.038, 84.32, 1.79951
_211_, 46.038, 84.32, 1.79951
_404_, 46.038, 84.32, 1.79951
_450_, 46.038, 84.32, 1.79951
hold1, 46.038, 84.32, 1.79951
hold4, 46.038, 84.32, 1.79951
hold5, 46.038, 84.32, 1.79951
FILLER_0_28_91, 46.038, 84.32, 1.79951
_304_, 69.191, 84.32, 1.7996
_306_, 69.191, 84.32, 1.7996
_426_, 69.191, 84.32, 1.7996
ANTENNA__305__A0, 69.191, 84.32, 1.7996
FILLER_0_27_136, 69.191, 84.32, 1.7996
FILLER_0_28_141, 69.191, 84.32, 1.7996
_424_, 80.768, 84.32, 1.79969
FILLER_0_27_161, 80.768, 84.32, 1.79969
_356_, 103.921, 84.32, 1.79979
FILLER_0_27_217, 103.921, 84.32, 1.79979
FILLER_0_28_244, 115.498, 84.32, 1.79977
FILLER_0_28_289, 135.757, 84.32, 1.79976
PHY_48, 5.52, 78.88, 1.79948
PHY_50, 5.52, 78.88, 1.79948
PHY_49, 144.44, 78.88, 1.79976
PHY_51, 144.44, 78.88, 1.79976
input4, 144.44, 78.88, 1.79976
ANTENNA_input4_A, 144.44, 78.88, 1.79976
FILLER_0_25_293, 144.44, 78.88, 1.79976
_206_, 34.461, 78.88, 1.79949
_214_, 34.461, 78.88, 1.79949
_217_, 34.461, 78.88, 1.79949
_218_, 34.461, 78.88, 1.79949
_222_, 34.461, 78.88, 1.79949
_401_, 34.461, 78.88, 1.79949
_402_, 34.461, 78.88, 1.79949
hold16, 34.461, 78.88, 1.79949
_449_, 46.038, 78.88, 1.7995
FILLER_0_24_79, 46.038, 78.88, 1.7995
_305_, 69.191, 78.88, 1.79959
_316_, 69.191, 78.88, 1.79959
_379_, 69.191, 78.88, 1.79959
hold11, 69.191, 78.88, 1.79959
hold13, 69.191, 78.88, 1.79959
hold14, 69.191, 78.88, 1.79959
_307_, 80.768, 78.88, 1.7997
_308_, 80.768, 78.88, 1.7997
ANTENNA__380__A, 80.768, 78.88, 1.7997
FILLER_0_25_217, 103.921, 78.88, 1.79981
FILLER_0_26_245, 115.498, 78.88, 1.79979
FILLER_0_26_289, 135.757, 78.88, 1.79976
PHY_44, 5.52, 73.44, 1.79947
PHY_46, 5.52, 73.44, 1.79947
PHY_45, 144.44, 73.44, 1.79977
PHY_47, 144.44, 73.44, 1.79977
FILLER_0_23_293, 144.44, 73.44, 1.79977
_205_, 34.461, 73.44, 1.79949
_215_, 34.461, 73.44, 1.79949
_225_, 34.461, 73.44, 1.79949
_226_, 34.461, 73.44, 1.79949
_227_, 34.461, 73.44, 1.79949
FILLER_0_24_65, 34.461, 73.44, 1.79949
_233_, 46.038, 73.44, 1.79952
_239_, 46.038, 73.44, 1.79952
_315_, 69.191, 73.44, 1.79961
_368_, 69.191, 73.44, 1.79961
_378_, 69.191, 73.44, 1.79961
_380_, 69.191, 73.44, 1.79961
_382_, 69.191, 73.44, 1.79961
ANTENNA__387__A, 69.191, 73.44, 1.79961
ANTENNA__382__A, 69.191, 73.44, 1.79961
ANTENNA__381__A, 69.191, 73.44, 1.79961
FILLER_0_22_130, 69.191, 73.44, 1.79961
_317_, 80.768, 73.44, 1.79971
_345_, 80.768, 73.44, 1.79971
_355_, 80.768, 73.44, 1.79971
_406_, 80.768, 73.44, 1.79971
FILLER_0_22_153, 80.768, 73.44, 1.79971
FILLER_0_24_169, 80.768, 73.44, 1.79971
_357_, 103.921, 73.44, 1.79982
FILLER_0_23_218, 103.921, 73.44, 1.79982
FILLER_0_24_245, 115.498, 73.44, 1.79979
FILLER_0_24_289, 135.757, 73.44, 1.79977
PHY_40, 5.52, 68, 1.79935
PHY_42, 5.52, 68, 1.79935
PHY_41, 144.44, 68, 1.79974
PHY_43, 144.44, 68, 1.79974
FILLER_0_21_293, 144.44, 68, 1.79974
FILLER_0_21_27, 14.202, 68, 1.79935
_220_, 34.461, 68, 1.7993
_221_, 34.461, 68, 1.7993
_229_, 34.461, 68, 1.7993
_230_, 34.461, 68, 1.7993
_240_, 34.461, 68, 1.7993
clkbuf_2_1__f_clk, 34.461, 68, 1.7993
_224_, 46.038, 68, 1.79937
_231_, 46.038, 68, 1.79937
_280_, 46.038, 68, 1.79937
_390_, 46.038, 68, 1.79937
_433_, 46.038, 68, 1.79937
FILLER_0_21_93, 46.038, 68, 1.79937
FILLER_0_22_95, 46.038, 68, 1.79937
_302_, 69.191, 68, 1.7995
_375_, 69.191, 68, 1.7995
_381_, 69.191, 68, 1.7995
hold15, 69.191, 68, 1.7995
_350_, 80.768, 68, 1.79955
_352_, 80.768, 68, 1.79955
_407_, 80.768, 68, 1.79955
_408_, 80.768, 68, 1.79955
clkbuf_2_3__f_clk, 80.768, 68, 1.79955
FILLER_0_21_157, 80.768, 68, 1.79955
_335_, 103.921, 68, 1.79974
_364_, 103.921, 68, 1.79974
FILLER_0_22_247, 115.498, 68, 1.79974
FILLER_0_22_289, 135.757, 68, 1.79974
PHY_36, 5.52, 62.56, 1.79942
PHY_38, 5.52, 62.56, 1.79942
PHY_37, 144.44, 62.56, 1.79974
PHY_39, 144.44, 62.56, 1.79974
FILLER_0_19_293, 144.44, 62.56, 1.79974
_223_, 34.461, 62.56, 1.7994
_234_, 34.461, 62.56, 1.7994
_235_, 34.461, 62.56, 1.7994
_237_, 34.461, 62.56, 1.7994
_238_, 34.461, 62.56, 1.7994
_445_, 34.461, 62.56, 1.7994
_263_, 46.038, 62.56, 1.79944
_264_, 46.038, 62.56, 1.79944
_279_, 46.038, 62.56, 1.79944
_393_, 46.038, 62.56, 1.79944
_400_, 46.038, 62.56, 1.79944
_438_, 46.038, 62.56, 1.79944
_301_, 69.191, 62.56, 1.79955
_427_, 69.191, 62.56, 1.79955
hold12, 69.191, 62.56, 1.79955
_318_, 80.768, 62.56, 1.79965
_348_, 80.768, 62.56, 1.79965
_349_, 80.768, 62.56, 1.79965
FILLER_0_19_160, 80.768, 62.56, 1.79965
_330_, 103.921, 62.56, 1.79976
FILLER_0_20_249, 115.498, 62.56, 1.79975
FILLER_0_20_289, 135.757, 62.56, 1.79974
PHY_32, 5.52, 57.12, 1.79938
PHY_34, 5.52, 57.12, 1.79938
output14, 5.52, 57.12, 1.79938
PHY_33, 144.44, 57.12, 1.79972
PHY_35, 144.44, 57.12, 1.79972
FILLER_0_17_293, 144.44, 57.12, 1.79972
_437_, 14.202, 57.12, 1.79938
FILLER_0_16_15, 14.202, 57.12, 1.79938
FILLER_0_17_21, 14.202, 57.12, 1.79938
_232_, 34.461, 57.12, 1.79938
hold19, 34.461, 57.12, 1.79938
FILLER_0_18_71, 34.461, 57.12, 1.79938
_209_, 46.038, 57.12, 1.79938
ANTENNA__263__A1, 46.038, 57.12, 1.79938
FILLER_0_17_93, 46.038, 57.12, 1.79938
_295_, 69.191, 57.12, 1.79948
_320_, 69.191, 57.12, 1.79948
_385_, 69.191, 57.12, 1.79948
_386_, 69.191, 57.12, 1.79948
ANTENNA_clkbuf_0_clk_A, 69.191, 57.12, 1.79948
ANTENNA__386__A, 69.191, 57.12, 1.79948
ANTENNA__385__A, 69.191, 57.12, 1.79948
FILLER_0_16_126, 69.191, 57.12, 1.79948
FILLER_0_16_136, 69.191, 57.12, 1.79948
FILLER_0_17_134, 69.191, 57.12, 1.79948
FILLER_0_18_148, 69.191, 57.12, 1.79948
_290_, 80.768, 57.12, 1.79957
_294_, 80.768, 57.12, 1.79957
_319_, 80.768, 57.12, 1.79957
_347_, 80.768, 57.12, 1.79957
_354_, 80.768, 57.12, 1.79957
FILLER_0_17_164, 80.768, 57.12, 1.79957
FILLER_0_18_165, 80.768, 57.12, 1.79957
_284_, 103.921, 57.12, 1.7997
_331_, 103.921, 57.12, 1.7997
_333_, 103.921, 57.12, 1.7997
_334_, 103.921, 57.12, 1.7997
_336_, 103.921, 57.12, 1.7997
_341_, 103.921, 57.12, 1.7997
_343_, 103.921, 57.12, 1.7997
_363_, 103.921, 57.12, 1.7997
FILLER_0_18_241, 115.498, 57.12, 1.79971
FILLER_0_18_249, 115.498, 57.12, 1.79971
FILLER_0_18_289, 135.757, 57.12, 1.79972
PHY_28, 5.52, 51.68, 1.79943
PHY_30, 5.52, 51.68, 1.79943
PHY_29, 144.44, 51.68, 1.79971
PHY_31, 144.44, 51.68, 1.79971
FILLER_0_15_293, 144.44, 51.68, 1.79971
_274_, 14.202, 51.68, 1.79943
_389_, 14.202, 51.68, 1.79943
ANTENNA__389__A, 14.202, 51.68, 1.79943
_248_, 34.461, 51.68, 1.79943
_262_, 34.461, 51.68, 1.79943
_265_, 34.461, 51.68, 1.79943
_271_, 34.461, 51.68, 1.79943
_272_, 34.461, 51.68, 1.79943
FILLER_0_15_67, 34.461, 51.68, 1.79943
FILLER_0_16_69, 34.461, 51.68, 1.79943
_257_, 46.038, 51.68, 1.79944
_324_, 46.038, 51.68, 1.79944
_326_, 46.038, 51.68, 1.79944
FILLER_0_15_94, 46.038, 51.68, 1.79944
FILLER_0_16_97, 46.038, 51.68, 1.79944
_373_, 69.191, 51.68, 1.79948
_430_, 69.191, 51.68, 1.79948
_431_, 69.191, 51.68, 1.79948
FILLER_0_14_127, 69.191, 51.68, 1.79948
FILLER_0_14_136, 69.191, 51.68, 1.79948
_287_, 80.768, 51.68, 1.79957
_288_, 80.768, 51.68, 1.79957
_289_, 80.768, 51.68, 1.79957
_293_, 80.768, 51.68, 1.79957
FILLER_0_15_165, 80.768, 51.68, 1.79957
_340_, 103.921, 51.68, 1.79968
_342_, 103.921, 51.68, 1.79968
_410_, 103.921, 51.68, 1.79968
FILLER_0_16_243, 115.498, 51.68, 1.7997
FILLER_0_15_276, 135.757, 51.68, 1.79971
FILLER_0_16_289, 135.757, 51.68, 1.79971
PHY_24, 5.52, 46.24, 1.79935
PHY_26, 5.52, 46.24, 1.79935
PHY_25, 144.44, 46.24, 1.79971
PHY_27, 144.44, 46.24, 1.79971
input10, 144.44, 46.24, 1.79971
ANTENNA_input10_A, 144.44, 46.24, 1.79971
FILLER_0_13_293, 144.44, 46.24, 1.79971
_434_, 14.202, 46.24, 1.79935
FILLER_0_13_15, 14.202, 46.24, 1.79935
_242_, 34.461, 46.24, 1.79937
_244_, 34.461, 46.24, 1.79937
_252_, 34.461, 46.24, 1.79937
_256_, 34.461, 46.24, 1.79937
_258_, 34.461, 46.24, 1.79937
_278_, 34.461, 46.24, 1.79937
_281_, 34.461, 46.24, 1.79937
_246_, 46.038, 46.24, 1.79939
_249_, 46.038, 46.24, 1.79939
_250_, 46.038, 46.24, 1.79939
_314_, 46.038, 46.24, 1.79939
_323_, 46.038, 46.24, 1.79939
_327_, 46.038, 46.24, 1.79939
_418_, 46.038, 46.24, 1.79939
hold3, 46.038, 46.24, 1.79939
_384_, 69.191, 46.24, 1.79953
ANTENNA__384__A, 69.191, 46.24, 1.79953
FILLER_0_13_148, 69.191, 46.24, 1.79953
FILLER_0_14_141, 69.191, 46.24, 1.79953
_285_, 80.768, 46.24, 1.7996
_366_, 80.768, 46.24, 1.7996
_367_, 80.768, 46.24, 1.7996
_369_, 80.768, 46.24, 1.7996
_415_, 80.768, 46.24, 1.7996
_414__22, 80.768, 46.24, 1.7996
_415__23, 80.768, 46.24, 1.7996
_416__24, 80.768, 46.24, 1.7996
FILLER_0_14_164, 80.768, 46.24, 1.7996
_361_, 103.921, 46.24, 1.7997
_362_, 103.921, 46.24, 1.7997
FILLER_0_13_204, 103.921, 46.24, 1.7997
FILLER_0_14_247, 115.498, 46.24, 1.7997
FILLER_0_14_289, 135.757, 46.24, 1.79971
PHY_20, 5.52, 40.8, 1.79944
PHY_22, 5.52, 40.8, 1.79944
PHY_21, 144.44, 40.8, 1.7997
PHY_23, 144.44, 40.8, 1.7997
FILLER_0_11_293, 144.44, 40.8, 1.7997
_243_, 34.461, 40.8, 1.79944
_245_, 34.461, 40.8, 1.79944
_247_, 34.461, 40.8, 1.79944
_254_, 34.461, 40.8, 1.79944
_260_, 34.461, 40.8, 1.79944
hold7, 34.461, 40.8, 1.79944
FILLER_0_10_59, 34.461, 40.8, 1.79944
_241_, 46.038, 40.8, 1.79945
_251_, 46.038, 40.8, 1.79945
_259_, 46.038, 40.8, 1.79945
_313_, 46.038, 40.8, 1.79945
_325_, 46.038, 40.8, 1.79945
_421_, 46.038, 40.8, 1.79945
FILLER_0_11_88, 46.038, 40.8, 1.79945
_414_, 69.191, 40.8, 1.79949
_413__21, 69.191, 40.8, 1.79949
FILLER_0_10_133, 69.191, 40.8, 1.79949
FILLER_0_11_137, 69.191, 40.8, 1.79949
FILLER_0_11_145, 69.191, 40.8, 1.79949
FILLER_0_12_141, 69.191, 40.8, 1.79949
_413_, 80.768, 40.8, 1.79951
_419_, 80.768, 40.8, 1.79951
clkbuf_2_2__f_clk, 80.768, 40.8, 1.79951
FILLER_0_10_153, 80.768, 40.8, 1.79951
FILLER_0_11_213, 103.921, 40.8, 1.79967
FILLER_0_11_221, 103.921, 40.8, 1.79967
FILLER_0_12_248, 115.498, 40.8, 1.79969
FILLER_0_12_289, 135.757, 40.8, 1.7997
PHY_16, 5.52, 35.36, 1.79943
PHY_18, 5.52, 35.36, 1.79943
PHY_17, 144.44, 35.36, 1.79971
PHY_19, 144.44, 35.36, 1.79971
FILLER_0_9_293, 144.44, 35.36, 1.79971
FILLER_0_9_27, 14.202, 35.36, 1.79943
_253_, 34.461, 35.36, 1.79944
_268_, 34.461, 35.36, 1.79944
_396_, 34.461, 35.36, 1.79944
_442_, 34.461, 35.36, 1.79944
hold18, 34.461, 35.36, 1.79944
FILLER_0_9_60, 34.461, 35.36, 1.79944
_397_, 46.038, 35.36, 1.79947
_436_, 46.038, 35.36, 1.79947
FILLER_0_8_129, 69.191, 35.36, 1.79958
FILLER_0_8_137, 69.191, 35.36, 1.79958
_365_, 80.768, 35.36, 1.79963
_416_, 80.768, 35.36, 1.79963
FILLER_0_8_153, 80.768, 35.36, 1.79963
FILLER_0_9_161, 80.768, 35.36, 1.79963
FILLER_0_9_220, 103.921, 35.36, 1.7997
FILLER_0_10_245, 115.498, 35.36, 1.79971
FILLER_0_10_289, 135.757, 35.36, 1.79971
PHY_12, 5.52, 29.92, 1.79946
PHY_14, 5.52, 29.92, 1.79946
PHY_13, 144.44, 29.92, 1.79971
PHY_15, 144.44, 29.92, 1.79971
FILLER_0_7_293, 144.44, 29.92, 1.79971
_269_, 34.461, 29.92, 1.79948
_394_, 34.461, 29.92, 1.79948
FILLER_0_7_51, 34.461, 29.92, 1.79948
FILLER_0_7_72, 34.461, 29.92, 1.79948
FILLER_0_8_64, 34.461, 29.92, 1.79948
_270_, 46.038, 29.92, 1.79951
_391_, 46.038, 29.92, 1.79951
ANTENNA__269__A1, 46.038, 29.92, 1.79951
FILLER_0_6_77, 46.038, 29.92, 1.79951
FILLER_0_6_133, 69.191, 29.92, 1.79959
FILLER_0_7_161, 80.768, 29.92, 1.79965
FILLER_0_7_217, 103.921, 29.92, 1.7997
FILLER_0_8_245, 115.498, 29.92, 1.79971
FILLER_0_8_289, 135.757, 29.92, 1.79971
PHY_8, 5.52, 24.48, 1.79946
PHY_10, 5.52, 24.48, 1.79946
output13, 5.52, 24.48, 1.79946
PHY_9, 144.44, 24.48, 1.79971
PHY_11, 144.44, 24.48, 1.79971
FILLER_0_5_293, 144.44, 24.48, 1.79971
FILLER_0_6_21, 14.202, 24.48, 1.79947
FILLER_0_5_51, 34.461, 24.48, 1.79949
FILLER_0_4_77, 46.038, 24.48, 1.79952
FILLER_0_4_133, 69.191, 24.48, 1.79959
FILLER_0_5_161, 80.768, 24.48, 1.79965
FILLER_0_5_217, 103.921, 24.48, 1.7997
FILLER_0_6_245, 115.498, 24.48, 1.7997
FILLER_0_6_289, 135.757, 24.48, 1.79971
PHY_4, 5.52, 19.04, 1.79947
PHY_6, 5.52, 19.04, 1.79947
PHY_5, 144.44, 19.04, 1.79969
PHY_7, 144.44, 19.04, 1.79969
output15, 144.44, 19.04, 1.79969
ANTENNA_output15_A, 144.44, 19.04, 1.79969
FILLER_0_3_293, 144.44, 19.04, 1.79969
FILLER_0_3_51, 34.461, 19.04, 1.7995
FILLER_0_2_77, 46.038, 19.04, 1.79952
FILLER_0_2_133, 69.191, 19.04, 1.79959
FILLER_0_3_161, 80.768, 19.04, 1.79964
FILLER_0_3_217, 103.921, 19.04, 1.79969
FILLER_0_4_245, 115.498, 19.04, 1.7997
FILLER_0_4_289, 135.757, 19.04, 1.7997
PHY_0, 5.52, 13.6, 1.79947
PHY_2, 5.52, 13.6, 1.79947
output18, 5.52, 13.6, 1.79947
PHY_1, 144.44, 13.6, 1.79967
PHY_3, 144.44, 13.6, 1.79967
FILLER_0_0_296, 144.44, 13.6, 1.79967
FILLER_0_1_293, 144.44, 13.6, 1.79967
FILLER_0_0_21, 14.202, 13.6, 1.79947
FILLER_0_1_51, 34.461, 13.6, 1.79949
FILLER_0_0_81, 46.038, 13.6, 1.79952
FILLER_0_0_97, 46.038, 13.6, 1.79952
FILLER_0_0_137, 69.191, 13.6, 1.79959
input7, 80.768, 13.6, 1.79964
ANTENNA_input7_A, 80.768, 13.6, 1.79964
FILLER_0_0_165, 80.768, 13.6, 1.79964
FILLER_0_1_161, 80.768, 13.6, 1.79964
FILLER_0_0_221, 103.921, 13.6, 1.79969
FILLER_0_1_217, 103.921, 13.6, 1.79969
FILLER_0_0_249, 115.498, 13.6, 1.79969
FILLER_0_2_245, 115.498, 13.6, 1.79969
output20, 135.757, 13.6, 1.79967
FILLER_0_0_277, 135.757, 13.6, 1.79967
FILLER_0_0_281, 135.757, 13.6, 1.79967
FILLER_0_2_289, 135.757, 13.6, 1.79967

