Instance name,  X location,  Y location,  Voltage 
PHY_91, 144.44, 136, 0.000276417
PHY_93, 144.44, 136, 0.000276417
input1, 144.44, 136, 0.000276417
ANTENNA_input1_A, 144.44, 136, 0.000276417
PHY_87, 144.44, 130.56, 0.000262875
PHY_89, 144.44, 130.56, 0.000262875
FILLER_0_43_293, 144.44, 130.56, 0.000262875
PHY_83, 144.44, 125.12, 0.000262704
PHY_85, 144.44, 125.12, 0.000262704
FILLER_0_41_293, 144.44, 125.12, 0.000262704
PHY_79, 144.44, 119.68, 0.000262824
PHY_81, 144.44, 119.68, 0.000262824
FILLER_0_39_293, 144.44, 119.68, 0.000262824
PHY_75, 144.44, 114.24, 0.000263322
PHY_77, 144.44, 114.24, 0.000263322
FILLER_0_37_293, 144.44, 114.24, 0.000263322
PHY_71, 144.44, 108.8, 0.000266718
PHY_73, 144.44, 108.8, 0.000266718
output17, 144.44, 108.8, 0.000266718
ANTENNA_output17_A, 144.44, 108.8, 0.000266718
PHY_67, 144.44, 103.36, 0.000264869
PHY_69, 144.44, 103.36, 0.000264869
FILLER_0_33_293, 144.44, 103.36, 0.000264869
PHY_63, 144.44, 97.92, 0.000266132
PHY_65, 144.44, 97.92, 0.000266132
FILLER_0_31_293, 144.44, 97.92, 0.000266132
PHY_59, 144.44, 92.48, 0.000267785
PHY_61, 144.44, 92.48, 0.000267785
FILLER_0_29_293, 144.44, 92.48, 0.000267785
PHY_55, 144.44, 87.04, 0.000271563
PHY_57, 144.44, 87.04, 0.000271563
FILLER_0_27_293, 144.44, 87.04, 0.000271563
PHY_51, 144.44, 81.6, 0.000275561
PHY_53, 144.44, 81.6, 0.000275561
FILLER_0_25_293, 144.44, 81.6, 0.000275561
PHY_47, 144.44, 76.16, 0.000279054
PHY_49, 144.44, 76.16, 0.000279054
input4, 144.44, 76.16, 0.000279054
ANTENNA_input4_A, 144.44, 76.16, 0.000279054
FILLER_0_23_293, 144.44, 76.16, 0.000279054
PHY_43, 144.44, 70.72, 0.000287212
PHY_45, 144.44, 70.72, 0.000287212
FILLER_0_21_293, 144.44, 70.72, 0.000287212
PHY_39, 144.44, 65.28, 0.000292255
PHY_41, 144.44, 65.28, 0.000292255
FILLER_0_19_293, 144.44, 65.28, 0.000292255
PHY_35, 144.44, 59.84, 0.000296853
PHY_37, 144.44, 59.84, 0.000296853
FILLER_0_17_293, 144.44, 59.84, 0.000296853
PHY_31, 144.44, 54.4, 0.000303626
PHY_33, 144.44, 54.4, 0.000303626
FILLER_0_15_293, 144.44, 54.4, 0.000303626
PHY_27, 144.44, 48.96, 0.000303315
PHY_29, 144.44, 48.96, 0.000303315
FILLER_0_13_293, 144.44, 48.96, 0.000303315
PHY_23, 144.44, 43.52, 0.000305825
PHY_25, 144.44, 43.52, 0.000305825
input10, 144.44, 43.52, 0.000305825
ANTENNA_input10_A, 144.44, 43.52, 0.000305825
FILLER_0_11_293, 144.44, 43.52, 0.000305825
PHY_19, 144.44, 38.08, 0.000304033
PHY_21, 144.44, 38.08, 0.000304033
FILLER_0_9_293, 144.44, 38.08, 0.000304033
PHY_15, 144.44, 32.64, 0.00030374
PHY_17, 144.44, 32.64, 0.00030374
FILLER_0_7_293, 144.44, 32.64, 0.00030374
PHY_11, 144.44, 27.2, 0.000304434
PHY_13, 144.44, 27.2, 0.000304434
FILLER_0_5_293, 144.44, 27.2, 0.000304434
PHY_7, 144.44, 21.76, 0.000305627
PHY_9, 144.44, 21.76, 0.000305627
FILLER_0_3_293, 144.44, 21.76, 0.000305627
PHY_3, 144.44, 16.32, 0.000311571
PHY_5, 144.44, 16.32, 0.000311571
output15, 144.44, 16.32, 0.000311571
ANTENNA_output15_A, 144.44, 16.32, 0.000311571
FILLER_0_1_293, 144.44, 16.32, 0.000311571
PHY_1, 144.44, 10.88, 0.000324501
output20, 144.44, 10.88, 0.000324501
FILLER_0_0_296, 144.44, 10.88, 0.000324501
input6, 109.71, 136, 0.000252354
ANTENNA_input6_A, 109.71, 136, 0.000252354
FILLER_0_45_217, 109.71, 136, 0.000252354
FILLER_0_43_217, 109.71, 130.56, 0.000243351
FILLER_0_41_217, 109.71, 125.12, 0.00024298
FILLER_0_39_217, 109.71, 119.68, 0.000242695
FILLER_0_37_217, 109.71, 114.24, 0.000242869
FILLER_0_35_217, 109.71, 108.8, 0.000242939
FILLER_0_33_217, 109.71, 103.36, 0.000242437
FILLER_0_31_217, 109.71, 97.92, 0.000242669
FILLER_0_29_217, 109.71, 92.48, 0.0002432
_356_, 109.71, 87.04, 0.000251728
FILLER_0_27_217, 109.71, 87.04, 0.000251728
FILLER_0_25_217, 109.71, 81.6, 0.000260026
FILLER_0_23_218, 109.71, 76.16, 0.000263063
_330_, 109.71, 65.28, 0.000301548
_331_, 109.71, 59.84, 0.00031147
_333_, 109.71, 59.84, 0.00031147
_334_, 109.71, 59.84, 0.00031147
_340_, 109.71, 54.4, 0.000332018
_342_, 109.71, 54.4, 0.000332018
_362_, 109.71, 48.96, 0.000322632
FILLER_0_11_221, 109.71, 43.52, 0.000322191
FILLER_0_9_220, 109.71, 38.08, 0.000313517
FILLER_0_7_217, 109.71, 32.64, 0.000307273
FILLER_0_5_217, 109.71, 27.2, 0.000305662
FILLER_0_3_217, 109.71, 21.76, 0.00030636
FILLER_0_1_217, 109.71, 16.32, 0.000307966
FILLER_0_0_221, 109.71, 10.88, 0.0003111
FILLER_0_45_161, 74.98, 130.56, 0.000204196
FILLER_0_43_161, 74.98, 125.12, 0.000201801
FILLER_0_41_161, 74.98, 119.68, 0.000198274
FILLER_0_39_161, 74.98, 114.24, 0.000195392
FILLER_0_37_161, 74.98, 108.8, 0.000187381
FILLER_0_35_161, 74.98, 103.36, 0.000179534
FILLER_0_33_161, 74.98, 97.92, 0.000170114
FILLER_0_31_161, 74.98, 92.48, 0.000158925
_303_, 74.98, 87.04, 0.000176343
_304_, 74.98, 87.04, 0.000176343
_426_, 74.98, 87.04, 0.000176343
hold8, 74.98, 87.04, 0.000176343
ANTENNA__305__A0, 74.98, 87.04, 0.000176343
FILLER_0_28_141, 74.98, 87.04, 0.000176343
_305_, 74.98, 81.6, 0.000193336
_316_, 74.98, 81.6, 0.000193336
_424_, 74.98, 81.6, 0.000193336
hold11, 74.98, 81.6, 0.000193336
FILLER_0_27_161, 74.98, 81.6, 0.000193336
_308_, 74.98, 76.16, 0.000160223
_315_, 74.98, 76.16, 0.000160223
_368_, 74.98, 76.16, 0.000160223
_378_, 74.98, 76.16, 0.000160223
_380_, 74.98, 76.16, 0.000160223
ANTENNA__380__A, 74.98, 76.16, 0.000160223
_302_, 74.98, 70.72, 0.000218456
_317_, 74.98, 70.72, 0.000218456
_381_, 74.98, 70.72, 0.000218456
FILLER_0_22_153, 74.98, 70.72, 0.000218456
_301_, 74.98, 65.28, 0.000305871
_352_, 74.98, 65.28, 0.000305871
clkbuf_2_3__f_clk, 74.98, 65.28, 0.000305871
hold12, 74.98, 65.28, 0.000305871
FILLER_0_21_157, 74.98, 65.28, 0.000305871
_295_, 74.98, 59.84, 0.000319706
_318_, 74.98, 59.84, 0.000319706
_319_, 74.98, 59.84, 0.000319706
_385_, 74.98, 59.84, 0.000319706
_386_, 74.98, 59.84, 0.000319706
ANTENNA_clkbuf_0_clk_A, 74.98, 59.84, 0.000319706
ANTENNA__386__A, 74.98, 59.84, 0.000319706
ANTENNA__385__A, 74.98, 59.84, 0.000319706
FILLER_0_18_148, 74.98, 59.84, 0.000319706
FILLER_0_19_160, 74.98, 59.84, 0.000319706
_290_, 74.98, 54.4, 0.000369109
_430_, 74.98, 54.4, 0.000369109
_431_, 74.98, 54.4, 0.000369109
_384_, 74.98, 48.96, 0.000322449
ANTENNA__384__A, 74.98, 48.96, 0.000322449
FILLER_0_13_148, 74.98, 48.96, 0.000322449
FILLER_0_14_141, 74.98, 48.96, 0.000322449
_414_, 74.98, 43.52, 0.000346831
_415_, 74.98, 43.52, 0.000346831
_414__22, 74.98, 43.52, 0.000346831
_415__23, 74.98, 43.52, 0.000346831
_416__24, 74.98, 43.52, 0.000346831
_413__21, 74.98, 43.52, 0.000346831
FILLER_0_11_145, 74.98, 43.52, 0.000346831
FILLER_0_12_141, 74.98, 43.52, 0.000346831
clkbuf_2_2__f_clk, 74.98, 38.08, 0.000348533
FILLER_0_10_153, 74.98, 38.08, 0.000348533
_416_, 74.98, 32.64, 0.000314082
FILLER_0_8_153, 74.98, 32.64, 0.000314082
FILLER_0_9_161, 74.98, 32.64, 0.000314082
FILLER_0_7_161, 74.98, 27.2, 0.000303858
FILLER_0_5_161, 74.98, 21.76, 0.000305582
FILLER_0_3_161, 74.98, 16.32, 0.000307431
FILLER_0_1_161, 74.98, 10.88, 0.000310085
FILLER_0_46_81, 40.25, 136, 0.000276019
FILLER_0_44_77, 40.25, 130.56, 0.00027404
FILLER_0_42_77, 40.25, 125.12, 0.000275276
FILLER_0_40_77, 40.25, 119.68, 0.000277267
FILLER_0_38_77, 40.25, 114.24, 0.000289896
FILLER_0_36_77, 40.25, 108.8, 0.000283277
FILLER_0_34_77, 40.25, 103.36, 0.000287421
FILLER_0_32_77, 40.25, 97.92, 0.000292692
FILLER_0_30_77, 40.25, 92.48, 0.000299321
_210_, 40.25, 87.04, 0.000319256
_212_, 40.25, 87.04, 0.000319256
_213_, 40.25, 87.04, 0.000319256
_216_, 40.25, 87.04, 0.000319256
_403_, 40.25, 87.04, 0.000319256
FILLER_0_28_72, 40.25, 87.04, 0.000319256
_206_, 40.25, 81.6, 0.000379189
_207_, 40.25, 81.6, 0.000379189
_211_, 40.25, 81.6, 0.000379189
_214_, 40.25, 81.6, 0.000379189
_222_, 40.25, 81.6, 0.000379189
_450_, 40.25, 81.6, 0.000379189
hold4, 40.25, 81.6, 0.000379189
hold16, 40.25, 81.6, 0.000379189
_215_, 40.25, 76.16, 0.000371642
_225_, 40.25, 76.16, 0.000371642
_449_, 40.25, 76.16, 0.000371642
FILLER_0_24_65, 40.25, 76.16, 0.000371642
FILLER_0_24_79, 40.25, 76.16, 0.000371642
_220_, 40.25, 70.72, 0.000457245
_230_, 40.25, 70.72, 0.000457245
_233_, 40.25, 70.72, 0.000457245
_239_, 40.25, 70.72, 0.000457245
clkbuf_2_1__f_clk, 40.25, 70.72, 0.000457245
_223_, 40.25, 65.28, 0.000490689
_224_, 40.25, 65.28, 0.000490689
_231_, 40.25, 65.28, 0.000490689
_235_, 40.25, 65.28, 0.000490689
_445_, 40.25, 65.28, 0.000490689
_232_, 40.25, 59.84, 0.00046717
_263_, 40.25, 59.84, 0.00046717
_400_, 40.25, 59.84, 0.00046717
FILLER_0_18_71, 40.25, 59.84, 0.00046717
_248_, 40.25, 54.4, 0.00048421
_262_, 40.25, 54.4, 0.00048421
_271_, 40.25, 54.4, 0.00048421
_272_, 40.25, 54.4, 0.00048421
FILLER_0_15_67, 40.25, 54.4, 0.00048421
FILLER_0_16_69, 40.25, 54.4, 0.00048421
_244_, 40.25, 48.96, 0.000518305
_256_, 40.25, 48.96, 0.000518305
_257_, 40.25, 48.96, 0.000518305
_278_, 40.25, 48.96, 0.000518305
_324_, 40.25, 48.96, 0.000518305
_243_, 40.25, 43.52, 0.000461119
_245_, 40.25, 43.52, 0.000461119
_246_, 40.25, 43.52, 0.000461119
_247_, 40.25, 43.52, 0.000461119
_249_, 40.25, 43.52, 0.000461119
_250_, 40.25, 43.52, 0.000461119
_260_, 40.25, 43.52, 0.000461119
_314_, 40.25, 43.52, 0.000461119
_323_, 40.25, 43.52, 0.000461119
hold7, 40.25, 43.52, 0.000461119
_251_, 40.25, 38.08, 0.000427695
_253_, 40.25, 38.08, 0.000427695
_259_, 40.25, 38.08, 0.000427695
_268_, 40.25, 38.08, 0.000427695
_442_, 40.25, 38.08, 0.000427695
hold18, 40.25, 38.08, 0.000427695
FILLER_0_11_88, 40.25, 38.08, 0.000427695
_269_, 40.25, 32.64, 0.000430794
_397_, 40.25, 32.64, 0.000430794
_436_, 40.25, 32.64, 0.000430794
FILLER_0_7_72, 40.25, 32.64, 0.000430794
FILLER_0_8_64, 40.25, 32.64, 0.000430794
_270_, 40.25, 27.2, 0.000394443
ANTENNA__269__A1, 40.25, 27.2, 0.000394443
FILLER_0_6_77, 40.25, 27.2, 0.000394443
FILLER_0_4_77, 40.25, 21.76, 0.000388051
FILLER_0_2_77, 40.25, 16.32, 0.000386541
FILLER_0_0_81, 40.25, 10.88, 0.00039064
PHY_90, 5.52, 136, 0.000280524
PHY_92, 5.52, 136, 0.000280524
input5, 5.52, 136, 0.000280524
ANTENNA_input5_A, 5.52, 136, 0.000280524
ANTENNA_input9_A, 17.096, 136, 0.00027931
FILLER_0_46_22, 17.096, 136, 0.00027931
FILLER_0_46_29, 17.096, 136, 0.00027931
input9, 28.673, 136, 0.000278096
FILLER_0_46_53, 28.673, 136, 0.000278096
input3, 51.826, 136, 0.000254167
ANTENNA_input3_A, 51.826, 136, 0.000254167
FILLER_0_46_104, 51.826, 136, 0.000254167
FILLER_0_46_137, 63.403, 136, 0.000231636
output12, 86.556, 136, 0.000226159
ANTENNA_output12_A, 86.556, 136, 0.000226159
FILLER_0_46_187, 86.556, 136, 0.000226159
FILLER_0_46_209, 98.133, 136, 0.000239256
FILLER_0_46_249, 121.286, 136, 0.000268314
output11, 132.863, 136, 0.000284276
ANTENNA_output11_A, 132.863, 136, 0.000284276
FILLER_0_45_273, 132.863, 136, 0.000284276
FILLER_0_46_289, 132.863, 136, 0.000284276
PHY_86, 5.52, 130.56, 0.00027404
PHY_88, 5.52, 130.56, 0.00027404
FILLER_0_45_51, 28.673, 130.56, 0.00027404
FILLER_0_45_105, 51.826, 130.56, 0.00025076
FILLER_0_44_133, 63.403, 130.56, 0.000227478
FILLER_0_44_189, 98.133, 130.56, 0.000230299
FILLER_0_44_245, 121.286, 130.56, 0.000249859
FILLER_0_43_273, 132.863, 130.56, 0.000256367
FILLER_0_44_289, 132.863, 130.56, 0.000256367
PHY_82, 5.52, 125.12, 0.000275276
PHY_84, 5.52, 125.12, 0.000275276
FILLER_0_43_51, 28.673, 125.12, 0.000275276
FILLER_0_43_105, 51.826, 125.12, 0.000250786
FILLER_0_42_133, 63.403, 125.12, 0.000226293
FILLER_0_42_189, 98.133, 125.12, 0.000229253
FILLER_0_42_245, 121.286, 125.12, 0.000249554
FILLER_0_41_273, 132.863, 125.12, 0.000256129
FILLER_0_42_289, 132.863, 125.12, 0.000256129
PHY_78, 5.52, 119.68, 0.000277267
PHY_80, 5.52, 119.68, 0.000277267
FILLER_0_39_45, 28.673, 119.68, 0.000277267
FILLER_0_41_51, 28.673, 119.68, 0.000277267
FILLER_0_41_105, 51.826, 119.68, 0.000250938
FILLER_0_40_133, 63.403, 119.68, 0.000224606
FILLER_0_40_189, 98.133, 119.68, 0.000227887
FILLER_0_40_245, 121.286, 119.68, 0.000249404
FILLER_0_39_273, 132.863, 119.68, 0.000256114
FILLER_0_40_289, 132.863, 119.68, 0.000256114
PHY_74, 5.52, 114.24, 0.000331976
PHY_76, 5.52, 114.24, 0.000331976
output16, 5.52, 114.24, 0.000331976
FILLER_0_39_53, 28.673, 114.24, 0.000303923
FILLER_0_39_105, 51.826, 114.24, 0.000258396
FILLER_0_38_133, 63.403, 114.24, 0.000226894
FILLER_0_38_189, 98.133, 114.24, 0.000227043
FILLER_0_38_245, 121.286, 114.24, 0.000249686
FILLER_0_37_273, 132.863, 114.24, 0.000256504
FILLER_0_38_289, 132.863, 114.24, 0.000256504
PHY_70, 5.52, 108.8, 0.000283277
PHY_72, 5.52, 108.8, 0.000283277
FILLER_0_37_51, 28.673, 108.8, 0.000283277
FILLER_0_37_105, 51.826, 108.8, 0.000251314
FILLER_0_36_133, 63.403, 108.8, 0.000219347
FILLER_0_36_189, 98.133, 108.8, 0.000224419
FILLER_0_36_245, 121.286, 108.8, 0.000250865
FILLER_0_35_273, 132.863, 108.8, 0.000258792
FILLER_0_36_289, 132.863, 108.8, 0.000258792
PHY_66, 5.52, 103.36, 0.000287421
PHY_68, 5.52, 103.36, 0.000287421
FILLER_0_35_51, 28.673, 103.36, 0.000287421
FILLER_0_35_105, 51.826, 103.36, 0.000251461
FILLER_0_34_133, 63.403, 103.36, 0.000215498
FILLER_0_34_189, 98.133, 103.36, 0.000221469
FILLER_0_34_245, 121.286, 103.36, 0.000249914
FILLER_0_33_273, 132.863, 103.36, 0.000257391
FILLER_0_34_289, 132.863, 103.36, 0.000257391
PHY_62, 5.52, 97.92, 0.000292692
PHY_64, 5.52, 97.92, 0.000292692
FILLER_0_33_51, 28.673, 97.92, 0.000292692
FILLER_0_33_105, 51.826, 97.92, 0.000251835
FILLER_0_32_133, 63.403, 97.92, 0.000210974
FILLER_0_32_189, 98.133, 97.92, 0.000218483
FILLER_0_32_245, 121.286, 97.92, 0.00025049
FILLER_0_31_273, 132.863, 97.92, 0.000258311
FILLER_0_32_289, 132.863, 97.92, 0.000258311
PHY_58, 5.52, 92.48, 0.000299321
PHY_60, 5.52, 92.48, 0.000299321
FILLER_0_31_51, 28.673, 92.48, 0.000299321
FILLER_0_31_105, 51.826, 92.48, 0.000252632
_383_, 63.403, 92.48, 0.000205938
FILLER_0_29_121, 63.403, 92.48, 0.000205938
FILLER_0_30_133, 63.403, 92.48, 0.000205938
FILLER_0_30_189, 98.133, 92.48, 0.000215107
FILLER_0_30_245, 121.286, 92.48, 0.000251394
FILLER_0_29_273, 132.863, 92.48, 0.000259589
FILLER_0_30_289, 132.863, 92.48, 0.000259589
PHY_54, 5.52, 87.04, 0.000319256
PHY_56, 5.52, 87.04, 0.000319256
FILLER_0_27_46, 28.673, 87.04, 0.000319256
FILLER_0_29_51, 28.673, 87.04, 0.000319256
_404_, 51.826, 87.04, 0.000277915
hold1, 51.826, 87.04, 0.000277915
hold5, 51.826, 87.04, 0.000277915
FILLER_0_28_91, 51.826, 87.04, 0.000277915
FILLER_0_28_110, 51.826, 87.04, 0.000277915
FILLER_0_29_105, 51.826, 87.04, 0.000277915
FILLER_0_29_113, 51.826, 87.04, 0.000277915
_297_, 63.403, 87.04, 0.000234608
hold17, 63.403, 87.04, 0.000234608
ANTENNA__383__A, 63.403, 87.04, 0.000234608
FILLER_0_28_134, 63.403, 87.04, 0.000234608
FILLER_0_28_193, 98.133, 87.04, 0.000226599
FILLER_0_28_209, 98.133, 87.04, 0.000226599
FILLER_0_28_244, 121.286, 87.04, 0.000258339
FILLER_0_27_273, 132.863, 87.04, 0.000264951
FILLER_0_28_289, 132.863, 87.04, 0.000264951
PHY_50, 5.52, 81.6, 0.000406143
PHY_52, 5.52, 81.6, 0.000406143
input8, 5.52, 81.6, 0.000406143
ANTENNA_input8_A, 5.52, 81.6, 0.000406143
_447_, 28.673, 81.6, 0.000404621
_448_, 28.673, 81.6, 0.000404621
FILLER_0_26_41, 28.673, 81.6, 0.000404621
_298_, 51.826, 81.6, 0.000349191
_299_, 51.826, 81.6, 0.000349191
_300_, 51.826, 81.6, 0.000349191
_405_, 51.826, 81.6, 0.000349191
_429_, 51.826, 81.6, 0.000349191
_306_, 63.403, 81.6, 0.000283566
_425_, 63.403, 81.6, 0.000283566
FILLER_0_27_136, 63.403, 81.6, 0.000283566
_307_, 86.556, 81.6, 0.000225464
hold9, 86.556, 81.6, 0.000225464
FILLER_0_26_186, 86.556, 81.6, 0.000225464
FILLER_0_26_245, 121.286, 81.6, 0.000265204
FILLER_0_25_273, 132.863, 81.6, 0.000270382
FILLER_0_26_289, 132.863, 81.6, 0.000270382
PHY_46, 5.52, 76.16, 0.000386125
PHY_48, 5.52, 76.16, 0.000386125
_217_, 28.673, 76.16, 0.000386125
_218_, 28.673, 76.16, 0.000386125
_401_, 28.673, 76.16, 0.000386125
_402_, 28.673, 76.16, 0.000386125
_446_, 28.673, 76.16, 0.000386125
_310_, 51.826, 76.16, 0.000326882
_428_, 51.826, 76.16, 0.000326882
_309_, 63.403, 76.16, 0.000257963
_379_, 63.403, 76.16, 0.000257963
hold13, 63.403, 76.16, 0.000257963
hold14, 63.403, 76.16, 0.000257963
FILLER_0_24_123, 63.403, 76.16, 0.000257963
_345_, 86.556, 76.16, 0.000220808
_355_, 86.556, 76.16, 0.000220808
_377_, 86.556, 76.16, 0.000220808
_406_, 86.556, 76.16, 0.000220808
FILLER_0_24_169, 86.556, 76.16, 0.000220808
_358_, 98.133, 76.16, 0.00024209
FILLER_0_24_189, 98.133, 76.16, 0.00024209
FILLER_0_24_245, 121.286, 76.16, 0.000268393
FILLER_0_23_273, 132.863, 76.16, 0.000273723
FILLER_0_24_289, 132.863, 76.16, 0.000273723
PHY_42, 5.52, 70.72, 0.000464292
PHY_44, 5.52, 70.72, 0.000464292
_205_, 28.673, 70.72, 0.000464291
_226_, 28.673, 70.72, 0.000464291
_227_, 28.673, 70.72, 0.000464291
_236_, 28.673, 70.72, 0.000464291
FILLER_0_22_41, 28.673, 70.72, 0.000464291
_280_, 51.826, 70.72, 0.000403541
_390_, 51.826, 70.72, 0.000403541
_423_, 51.826, 70.72, 0.000403541
_433_, 51.826, 70.72, 0.000403541
FILLER_0_21_93, 51.826, 70.72, 0.000403541
FILLER_0_22_95, 51.826, 70.72, 0.000403541
FILLER_0_23_107, 51.826, 70.72, 0.000403541
_376_, 63.403, 70.72, 0.000311477
_382_, 63.403, 70.72, 0.000311477
_387_, 63.403, 70.72, 0.000311477
ANTENNA__387__A, 63.403, 70.72, 0.000311477
ANTENNA__382__A, 63.403, 70.72, 0.000311477
ANTENNA__381__A, 63.403, 70.72, 0.000311477
FILLER_0_21_125, 63.403, 70.72, 0.000311477
FILLER_0_22_130, 63.403, 70.72, 0.000311477
_350_, 86.556, 70.72, 0.000285467
_407_, 86.556, 70.72, 0.000285467
_408_, 86.556, 70.72, 0.000285467
_353_, 98.133, 70.72, 0.000298951
_357_, 98.133, 70.72, 0.000298951
_359_, 98.133, 70.72, 0.000298951
_360_, 98.133, 70.72, 0.000298951
hold6, 98.133, 70.72, 0.000298951
FILLER_0_21_192, 98.133, 70.72, 0.000298951
FILLER_0_22_247, 121.286, 70.72, 0.000289205
FILLER_0_21_273, 132.863, 70.72, 0.000288208
FILLER_0_22_289, 132.863, 70.72, 0.000288208
PHY_38, 5.52, 65.28, 0.000625001
PHY_40, 5.52, 65.28, 0.000625001
_443_, 17.096, 65.28, 0.000625001
_444_, 17.096, 65.28, 0.000625001
FILLER_0_20_29, 17.096, 65.28, 0.000625001
FILLER_0_21_27, 17.096, 65.28, 0.000625001
_221_, 28.673, 65.28, 0.000564743
_229_, 28.673, 65.28, 0.000564743
_240_, 28.673, 65.28, 0.000564743
_398_, 28.673, 65.28, 0.000564743
_399_, 28.673, 65.28, 0.000564743
FILLER_0_19_39, 28.673, 65.28, 0.000564743
_264_, 51.826, 65.28, 0.000453777
_279_, 51.826, 65.28, 0.000453777
_393_, 51.826, 65.28, 0.000453777
_438_, 51.826, 65.28, 0.000453777
ANTENNA__279__A0, 51.826, 65.28, 0.000453777
FILLER_0_21_103, 51.826, 65.28, 0.000453777
_311_, 63.403, 65.28, 0.000399641
_312_, 63.403, 65.28, 0.000399641
_375_, 63.403, 65.28, 0.000399641
_422_, 63.403, 65.28, 0.000399641
hold15, 63.403, 65.28, 0.000399641
_292_, 86.556, 65.28, 0.000321669
_348_, 86.556, 65.28, 0.000321669
_349_, 86.556, 65.28, 0.000321669
_351_, 86.556, 65.28, 0.000321669
FILLER_0_20_186, 86.556, 65.28, 0.000321669
_332_, 98.133, 65.28, 0.000317953
_335_, 98.133, 65.28, 0.000317953
_364_, 98.133, 65.28, 0.000317953
_412_, 98.133, 65.28, 0.000317953
FILLER_0_19_189, 98.133, 65.28, 0.000317953
FILLER_0_20_197, 98.133, 65.28, 0.000317953
FILLER_0_20_249, 121.286, 65.28, 0.000298451
FILLER_0_19_273, 132.863, 65.28, 0.000295353
FILLER_0_20_289, 132.863, 65.28, 0.000295353
PHY_34, 5.52, 59.84, 0.000490479
PHY_36, 5.52, 59.84, 0.000490479
_267_, 17.096, 59.84, 0.000490479
FILLER_0_17_21, 17.096, 59.84, 0.000490479
FILLER_0_18_29, 17.096, 59.84, 0.000490479
_234_, 28.673, 59.84, 0.000488355
_237_, 28.673, 59.84, 0.000488355
_238_, 28.673, 59.84, 0.000488355
_392_, 28.673, 59.84, 0.000488355
FILLER_0_17_49, 28.673, 59.84, 0.000488355
_209_, 51.826, 59.84, 0.000474465
_282_, 51.826, 59.84, 0.000474465
ANTENNA__263__A1, 51.826, 59.84, 0.000474465
FILLER_0_17_93, 51.826, 59.84, 0.000474465
FILLER_0_19_113, 51.826, 59.84, 0.000474465
_427_, 63.403, 59.84, 0.000456364
clkbuf_0_clk, 63.403, 59.84, 0.000456364
ANTENNA__282__A0, 63.403, 59.84, 0.000456364
FILLER_0_18_116, 63.403, 59.84, 0.000456364
_286_, 86.556, 59.84, 0.000338799
_294_, 86.556, 59.84, 0.000338799
_347_, 86.556, 59.84, 0.000338799
_354_, 86.556, 59.84, 0.000338799
FILLER_0_17_164, 86.556, 59.84, 0.000338799
FILLER_0_18_165, 86.556, 59.84, 0.000338799
FILLER_0_18_184, 86.556, 59.84, 0.000338799
_329_, 98.133, 59.84, 0.000334287
_337_, 98.133, 59.84, 0.000334287
_338_, 98.133, 59.84, 0.000334287
_411_, 98.133, 59.84, 0.000334287
FILLER_0_17_196, 98.133, 59.84, 0.000334287
FILLER_0_18_241, 121.286, 59.84, 0.000306598
FILLER_0_18_249, 121.286, 59.84, 0.000306598
FILLER_0_17_273, 132.863, 59.84, 0.000301725
FILLER_0_18_289, 132.863, 59.84, 0.000301725
PHY_30, 5.52, 54.4, 0.000561794
PHY_32, 5.52, 54.4, 0.000561794
output14, 5.52, 54.4, 0.000561794
_389_, 17.096, 54.4, 0.000558604
_435_, 17.096, 54.4, 0.000558604
_437_, 17.096, 54.4, 0.000558604
ANTENNA__389__A, 17.096, 54.4, 0.000558604
FILLER_0_16_15, 17.096, 54.4, 0.000558604
_273_, 28.673, 54.4, 0.000522596
_275_, 28.673, 54.4, 0.000522596
hold19, 28.673, 54.4, 0.000522596
_208_, 51.826, 54.4, 0.000503799
_219_, 51.826, 54.4, 0.000503799
_283_, 51.826, 54.4, 0.000503799
_326_, 51.826, 54.4, 0.000503799
_432_, 51.826, 54.4, 0.000503799
FILLER_0_15_94, 51.826, 54.4, 0.000503799
FILLER_0_16_97, 51.826, 54.4, 0.000503799
FILLER_0_17_103, 51.826, 54.4, 0.000503799
_320_, 63.403, 54.4, 0.000454318
_371_, 63.403, 54.4, 0.000454318
_420_, 63.403, 54.4, 0.000454318
FILLER_0_15_117, 63.403, 54.4, 0.000454318
FILLER_0_16_126, 63.403, 54.4, 0.000454318
FILLER_0_16_136, 63.403, 54.4, 0.000454318
FILLER_0_17_134, 63.403, 54.4, 0.000454318
_287_, 86.556, 54.4, 0.00040199
_288_, 86.556, 54.4, 0.00040199
_289_, 86.556, 54.4, 0.00040199
_291_, 86.556, 54.4, 0.00040199
_293_, 86.556, 54.4, 0.00040199
_296_, 86.556, 54.4, 0.00040199
_346_, 86.556, 54.4, 0.00040199
FILLER_0_15_165, 86.556, 54.4, 0.00040199
FILLER_0_16_187, 86.556, 54.4, 0.00040199
_284_, 98.133, 54.4, 0.000375047
_336_, 98.133, 54.4, 0.000375047
_339_, 98.133, 54.4, 0.000375047
_341_, 98.133, 54.4, 0.000375047
_343_, 98.133, 54.4, 0.000375047
_344_, 98.133, 54.4, 0.000375047
_363_, 98.133, 54.4, 0.000375047
FILLER_0_15_191, 98.133, 54.4, 0.000375047
FILLER_0_16_197, 98.133, 54.4, 0.000375047
FILLER_0_16_243, 121.286, 54.4, 0.000322555
FILLER_0_15_276, 132.863, 54.4, 0.00031309
FILLER_0_16_289, 132.863, 54.4, 0.00031309
PHY_26, 5.52, 48.96, 0.000645635
PHY_28, 5.52, 48.96, 0.000645635
_266_, 17.096, 48.96, 0.000645635
_274_, 17.096, 48.96, 0.000645635
_388_, 17.096, 48.96, 0.000645635
_434_, 17.096, 48.96, 0.000645635
hold20, 17.096, 48.96, 0.000645635
ANTENNA__388__A, 17.096, 48.96, 0.000645635
FILLER_0_13_15, 17.096, 48.96, 0.000645635
FILLER_0_14_29, 17.096, 48.96, 0.000645635
FILLER_0_15_31, 17.096, 48.96, 0.000645635
_265_, 28.673, 48.96, 0.000626763
_276_, 28.673, 48.96, 0.000626763
clkbuf_2_0__f_clk, 28.673, 48.96, 0.000626763
FILLER_0_13_49, 28.673, 48.96, 0.000626763
_228_, 51.826, 48.96, 0.000494764
_327_, 51.826, 48.96, 0.000494764
_418_, 51.826, 48.96, 0.000494764
hold3, 51.826, 48.96, 0.000494764
FILLER_0_15_109, 51.826, 48.96, 0.000494764
_373_, 63.403, 48.96, 0.000415346
hold10, 63.403, 48.96, 0.000415346
FILLER_0_14_127, 63.403, 48.96, 0.000415346
FILLER_0_14_136, 63.403, 48.96, 0.000415346
_285_, 86.556, 48.96, 0.000337565
_366_, 86.556, 48.96, 0.000337565
_367_, 86.556, 48.96, 0.000337565
_369_, 86.556, 48.96, 0.000337565
FILLER_0_14_164, 86.556, 48.96, 0.000337565
_409_, 98.133, 48.96, 0.000350791
_410_, 98.133, 48.96, 0.000350791
FILLER_0_14_247, 121.286, 48.96, 0.000316193
FILLER_0_13_273, 132.863, 48.96, 0.000309754
FILLER_0_14_289, 132.863, 48.96, 0.000309754
PHY_22, 5.52, 43.52, 0.000465608
PHY_24, 5.52, 43.52, 0.000465608
_277_, 17.096, 43.52, 0.000465608
_242_, 28.673, 43.52, 0.000464978
_252_, 28.673, 43.52, 0.000464978
_255_, 28.673, 43.52, 0.000464978
_258_, 28.673, 43.52, 0.000464978
_261_, 28.673, 43.52, 0.000464978
_281_, 28.673, 43.52, 0.000464978
FILLER_0_11_44, 28.673, 43.52, 0.000464978
FILLER_0_12_44, 28.673, 43.52, 0.000464978
_241_, 51.826, 43.52, 0.000473166
_313_, 51.826, 43.52, 0.000473166
_325_, 51.826, 43.52, 0.000473166
_328_, 51.826, 43.52, 0.000473166
_374_, 51.826, 43.52, 0.000473166
_417_, 51.826, 43.52, 0.000473166
_421_, 51.826, 43.52, 0.000473166
hold2, 51.826, 43.52, 0.000473166
_370_, 63.403, 43.52, 0.000410153
FILLER_0_12_115, 63.403, 43.52, 0.000410153
_321_, 86.556, 43.52, 0.000371473
_322_, 86.556, 43.52, 0.000371473
_413_, 86.556, 43.52, 0.000371473
_419_, 86.556, 43.52, 0.000371473
_361_, 98.133, 43.52, 0.000347142
_372_, 98.133, 43.52, 0.000347142
FILLER_0_13_204, 98.133, 43.52, 0.000347142
FILLER_0_12_248, 121.286, 43.52, 0.000316736
FILLER_0_11_273, 132.863, 43.52, 0.00031128
FILLER_0_12_289, 132.863, 43.52, 0.00031128
PHY_18, 5.52, 38.08, 0.000443327
PHY_20, 5.52, 38.08, 0.000443327
_395_, 17.096, 38.08, 0.000443327
FILLER_0_10_29, 17.096, 38.08, 0.000443327
_254_, 28.673, 38.08, 0.000443014
_441_, 28.673, 38.08, 0.000443014
FILLER_0_10_59, 28.673, 38.08, 0.000443014
FILLER_0_10_133, 63.403, 38.08, 0.000374921
FILLER_0_11_137, 63.403, 38.08, 0.000374921
_365_, 86.556, 38.08, 0.000337087
FILLER_0_10_190, 98.133, 38.08, 0.000325302
FILLER_0_11_213, 98.133, 38.08, 0.000325302
FILLER_0_10_245, 121.286, 38.08, 0.000310356
FILLER_0_9_273, 132.863, 38.08, 0.000307195
FILLER_0_10_289, 132.863, 38.08, 0.000307195
PHY_14, 5.52, 32.64, 0.000480892
PHY_16, 5.52, 32.64, 0.000480892
_440_, 17.096, 32.64, 0.000480892
FILLER_0_9_27, 17.096, 32.64, 0.000480892
_396_, 28.673, 32.64, 0.000462109
_439_, 28.673, 32.64, 0.000462109
FILLER_0_8_41, 28.673, 32.64, 0.000462109
FILLER_0_9_60, 28.673, 32.64, 0.000462109
_391_, 51.826, 32.64, 0.000392098
FILLER_0_9_102, 51.826, 32.64, 0.000392098
FILLER_0_8_129, 63.403, 32.64, 0.00035309
FILLER_0_8_137, 63.403, 32.64, 0.00035309
FILLER_0_8_190, 98.133, 32.64, 0.000309543
FILLER_0_8_245, 121.286, 32.64, 0.000306095
FILLER_0_7_273, 132.863, 32.64, 0.000304918
FILLER_0_8_289, 132.863, 32.64, 0.000304918
PHY_10, 5.52, 27.2, 0.000407068
PHY_12, 5.52, 27.2, 0.000407068
output13, 5.52, 27.2, 0.000407068
FILLER_0_6_21, 17.096, 27.2, 0.00040296
_394_, 28.673, 27.2, 0.000398852
FILLER_0_7_51, 28.673, 27.2, 0.000398852
FILLER_0_7_105, 51.826, 27.2, 0.00036425
FILLER_0_6_133, 63.403, 27.2, 0.000334054
FILLER_0_6_189, 98.133, 27.2, 0.000305061
FILLER_0_6_245, 121.286, 27.2, 0.000305253
FILLER_0_5_273, 132.863, 27.2, 0.000304843
FILLER_0_6_289, 132.863, 27.2, 0.000304843
PHY_6, 5.52, 21.76, 0.000388051
PHY_8, 5.52, 21.76, 0.000388051
FILLER_0_5_51, 28.673, 21.76, 0.000388051
FILLER_0_5_105, 51.826, 21.76, 0.000360563
FILLER_0_4_133, 63.403, 21.76, 0.000333073
FILLER_0_4_189, 98.133, 21.76, 0.000306101
FILLER_0_4_245, 121.286, 21.76, 0.000306116
FILLER_0_3_273, 132.863, 21.76, 0.000305871
FILLER_0_4_289, 132.863, 21.76, 0.000305871
PHY_2, 5.52, 16.32, 0.000386541
PHY_4, 5.52, 16.32, 0.000386541
FILLER_0_3_51, 28.673, 16.32, 0.000386541
FILLER_0_3_105, 51.826, 16.32, 0.000360173
FILLER_0_2_133, 63.403, 16.32, 0.000333802
FILLER_0_2_189, 98.133, 16.32, 0.000307788
FILLER_0_2_245, 121.286, 16.32, 0.000309168
FILLER_0_1_273, 132.863, 16.32, 0.000310369
FILLER_0_2_289, 132.863, 16.32, 0.000310369
PHY_0, 5.52, 10.88, 0.000396738
output18, 5.52, 10.88, 0.000396738
FILLER_0_0_21, 17.096, 10.88, 0.000396713
output19, 28.673, 10.88, 0.000396688
FILLER_0_0_49, 28.673, 10.88, 0.000396688
FILLER_0_1_51, 28.673, 10.88, 0.000396688
input2, 51.826, 10.88, 0.000364219
ANTENNA_input2_A, 51.826, 10.88, 0.000364219
FILLER_0_0_97, 51.826, 10.88, 0.000364219
FILLER_0_1_105, 51.826, 10.88, 0.000364219
FILLER_0_0_137, 63.403, 10.88, 0.000337152
input7, 86.556, 10.88, 0.000310927
ANTENNA_input7_A, 86.556, 10.88, 0.000310927
FILLER_0_0_165, 86.556, 10.88, 0.000310927
FILLER_0_0_190, 98.133, 10.88, 0.000311014
FILLER_0_0_249, 121.286, 10.88, 0.000315566
FILLER_0_0_277, 132.863, 10.88, 0.000320034
FILLER_0_0_281, 132.863, 10.88, 0.000320034

