
===========================================================================
report_checks -unconstrained
===========================================================================
======================= Typical Corner ===================================

Startpoint: rst_n (input port clocked by clk)
Endpoint: _72435_ (recovery check against rising-edge clock clk)
Path Group: asynchronous
Path Type: max

Fanout     Cap    Slew   Delay    Time   Description
-----------------------------------------------------------------------------
                          0.00    0.00   clock clk (rise edge)
                          0.00    0.00   clock network delay (propagated)
                          4.00    4.00 ^ input external delay
                  0.05    0.03    4.03 ^ rst_n (in)
     2    0.01                           rst_n (net)
                  0.05    0.00    4.03 ^ input67/A (sky130_fd_sc_hd__buf_4)
                  0.31    0.31    4.34 ^ input67/X (sky130_fd_sc_hd__buf_4)
     4    0.11                           net67 (net)
                  0.31    0.00    4.35 ^ fanout1071/A (sky130_fd_sc_hd__buf_8)
                  0.31    0.34    4.69 ^ fanout1071/X (sky130_fd_sc_hd__buf_8)
    12    0.19                           net1071 (net)
                  0.32    0.05    4.73 ^ fanout984/A (sky130_fd_sc_hd__buf_4)
                  0.28    0.38    5.11 ^ fanout984/X (sky130_fd_sc_hd__buf_4)
    10    0.10                           net984 (net)
                  0.28    0.00    5.11 ^ fanout983/A (sky130_fd_sc_hd__buf_4)
                  0.26    0.35    5.47 ^ fanout983/X (sky130_fd_sc_hd__buf_4)
    14    0.09                           net983 (net)
                  0.26    0.00    5.47 ^ fanout939/A (sky130_fd_sc_hd__buf_2)
                  0.28    0.36    5.83 ^ fanout939/X (sky130_fd_sc_hd__buf_2)
    10    0.06                           net939 (net)
                  0.28    0.00    5.83 ^ fanout938/A (sky130_fd_sc_hd__buf_4)
                  0.24    0.34    6.17 ^ fanout938/X (sky130_fd_sc_hd__buf_4)
    20    0.09                           net938 (net)
                  0.24    0.00    6.17 ^ fanout937/A (sky130_fd_sc_hd__clkbuf_4)
                  0.20    0.33    6.50 ^ fanout937/X (sky130_fd_sc_hd__clkbuf_4)
    20    0.07                           net937 (net)
                  0.20    0.00    6.51 ^ fanout936/A (sky130_fd_sc_hd__clkbuf_4)
                  0.15    0.28    6.79 ^ fanout936/X (sky130_fd_sc_hd__clkbuf_4)
    10    0.05                           net936 (net)
                  0.15    0.00    6.79 ^ _72435_/RESET_B (sky130_fd_sc_hd__dfrtp_2)
                                  6.79   data arrival time

                         20.00   20.00   clock clk (rise edge)
                          0.00   20.00   clock source latency
                  0.53    0.35   20.35 ^ clk (in)
     2    0.12                           clk (net)
                  0.53    0.00   20.35 ^ clkbuf_0_clk/A (sky130_fd_sc_hd__clkbuf_16)
                  0.14    0.31   20.66 ^ clkbuf_0_clk/X (sky130_fd_sc_hd__clkbuf_16)
     8    0.12                           clknet_0_clk (net)
                  0.14    0.00   20.66 ^ clkbuf_2_3_0_clk/A (sky130_fd_sc_hd__clkbuf_8)
                  0.16    0.23   20.90 ^ clkbuf_2_3_0_clk/X (sky130_fd_sc_hd__clkbuf_8)
     4    0.09                           clknet_2_3_0_clk (net)
                  0.16    0.01   20.90 ^ clkbuf_3_6_0_clk/A (sky130_fd_sc_hd__clkbuf_8)
                  0.33    0.35   21.25 ^ clkbuf_3_6_0_clk/X (sky130_fd_sc_hd__clkbuf_8)
    16    0.19                           clknet_3_6_0_clk (net)
                  0.33    0.01   21.26 ^ clkbuf_6_52__f_clk/A (sky130_fd_sc_hd__clkbuf_16)
                  0.17    0.29   21.55 ^ clkbuf_6_52__f_clk/X (sky130_fd_sc_hd__clkbuf_16)
    22    0.15                           clknet_6_52__leaf_clk (net)
                  0.17    0.00   21.55 ^ clkbuf_leaf_218_clk/A (sky130_fd_sc_hd__clkbuf_16)
                  0.04    0.16   21.71 ^ clkbuf_leaf_218_clk/X (sky130_fd_sc_hd__clkbuf_16)
     7    0.02                           clknet_leaf_218_clk (net)
                  0.04    0.00   21.71 ^ _72435_/CLK (sky130_fd_sc_hd__dfrtp_2)
                         -0.25   21.46   clock uncertainty
                          0.00   21.46   clock reconvergence pessimism
                          0.19   21.65   library recovery time
                                 21.65   data required time
-----------------------------------------------------------------------------
                                 21.65   data required time
                                 -6.79   data arrival time
-----------------------------------------------------------------------------
                                 14.86   slack (MET)


Startpoint: weight_load_en (input port clocked by clk)
Endpoint: act_ready (output port clocked by clk)
Path Group: clk
Path Type: max

Fanout     Cap    Slew   Delay    Time   Description
-----------------------------------------------------------------------------
                          0.00    0.00   clock clk (rise edge)
                          0.00    0.00   clock network delay (propagated)
                          4.00    4.00 ^ input external delay
                  0.04    0.03    4.03 ^ weight_load_en (in)
     2    0.01                           weight_load_en (net)
                  0.04    0.00    4.03 ^ input82/A (sky130_fd_sc_hd__buf_6)
                  0.33    0.31    4.34 ^ input82/X (sky130_fd_sc_hd__buf_6)
    14    0.17                           net82 (net)
                  0.33    0.03    4.36 ^ _53808_/A (sky130_fd_sc_hd__inv_2)
                  0.16    0.21    4.57 v _53808_/Y (sky130_fd_sc_hd__inv_2)
    10    0.05                           _16699_ (net)
                  0.16    0.00    4.57 v _53809_/A (sky130_fd_sc_hd__or4b_1)
                  0.09    0.58    5.15 v _53809_/X (sky130_fd_sc_hd__or4b_1)
     1    0.00                           _16700_ (net)
                  0.09    0.00    5.15 v _53811_/C1 (sky130_fd_sc_hd__o2111a_1)
                  0.05    0.16    5.32 v _53811_/X (sky130_fd_sc_hd__o2111a_1)
     1    0.00                           _16702_ (net)
                  0.05    0.00    5.32 v _53812_/B1 (sky130_fd_sc_hd__o21a_1)
                  0.07    0.14    5.45 v _53812_/X (sky130_fd_sc_hd__o21a_1)
     2    0.01                           _16703_ (net)
                  0.07    0.00    5.45 v _53813_/S (sky130_fd_sc_hd__mux2_1)
                  0.05    0.21    5.67 ^ _53813_/X (sky130_fd_sc_hd__mux2_1)
     1    0.00                           _16704_ (net)
                  0.05    0.00    5.67 ^ _53814_/A (sky130_fd_sc_hd__buf_2)
                  0.17    0.21    5.88 ^ _53814_/X (sky130_fd_sc_hd__buf_2)
    10    0.03                           _02214_ (net)
                  0.17    0.00    5.88 ^ _53815_/A2 (sky130_fd_sc_hd__a21bo_1)
                  0.09    0.18    6.06 ^ _53815_/X (sky130_fd_sc_hd__a21bo_1)
     2    0.01                           _16705_ (net)
                  0.09    0.00    6.06 ^ _53816_/A (sky130_fd_sc_hd__clkbuf_8)
                  0.19    0.26    6.32 ^ _53816_/X (sky130_fd_sc_hd__clkbuf_8)
    20    0.11                           _16706_ (net)
                  0.19    0.00    6.32 ^ _53817_/A (sky130_fd_sc_hd__buf_12)
                  0.33    0.35    6.67 ^ _53817_/X (sky130_fd_sc_hd__buf_12)
    20    0.29                           net83 (net)
                  0.33    0.04    6.71 ^ output83/A (sky130_fd_sc_hd__clkbuf_4)
                  0.12    0.29    7.00 ^ output83/X (sky130_fd_sc_hd__clkbuf_4)
     1    0.03                           act_ready (net)
                  0.12    0.00    7.00 ^ act_ready (out)
                                  7.00   data arrival time

                         20.00   20.00   clock clk (rise edge)
                          0.00   20.00   clock network delay (propagated)
                         -0.25   19.75   clock uncertainty
                          0.00   19.75   clock reconvergence pessimism
                         -4.00   15.75   output external delay
                                 15.75   data required time
-----------------------------------------------------------------------------
                                 15.75   data required time
                                 -7.00   data arrival time
-----------------------------------------------------------------------------
                                  8.75   slack (MET)




===========================================================================
report_checks --slack_max -0.01
============================================================================
======================= Typical Corner ===================================

No paths found.


===========================================================================
 report_check_types -max_slew -max_cap -max_fanout -violators
============================================================================
======================= Typical Corner ===================================

max slew

Pin                                    Limit    Slew   Slack
------------------------------------------------------------
_69765_/A1                              0.75    0.93   -0.18 (VIOLATED)
ANTENNA__69765__A1/DIODE                0.75    0.93   -0.18 (VIOLATED)
_69402_/A                               0.75    0.92   -0.17 (VIOLATED)
ANTENNA__69402__A/DIODE                 0.75    0.92   -0.17 (VIOLATED)
_69151_/A                               0.75    0.92   -0.17 (VIOLATED)
ANTENNA__69151__A/DIODE                 0.75    0.92   -0.17 (VIOLATED)
_68791_/A                               0.75    0.92   -0.17 (VIOLATED)
ANTENNA__68791__A/DIODE                 0.75    0.92   -0.17 (VIOLATED)
_69646_/A1                              0.75    0.92   -0.17 (VIOLATED)
ANTENNA__69646__A1/DIODE                0.75    0.92   -0.17 (VIOLATED)
ANTENNA__69663__A1/DIODE                0.75    0.92   -0.17 (VIOLATED)
_69663_/A1                              0.75    0.92   -0.17 (VIOLATED)
_68747_/A                               0.75    0.92   -0.17 (VIOLATED)
ANTENNA__68747__A/DIODE                 0.75    0.91   -0.16 (VIOLATED)
ANTENNA_16/DIODE                        0.75    0.86   -0.11 (VIOLATED)
ANTENNA_18/DIODE                        0.75    0.86   -0.11 (VIOLATED)
ANTENNA_20/DIODE                        0.75    0.86   -0.11 (VIOLATED)
ANTENNA_21/DIODE                        0.75    0.86   -0.11 (VIOLATED)
ANTENNA_22/DIODE                        0.75    0.86   -0.11 (VIOLATED)
ANTENNA_23/DIODE                        0.75    0.86   -0.11 (VIOLATED)
ANTENNA_24/DIODE                        0.75    0.86   -0.11 (VIOLATED)
ANTENNA_25/DIODE                        0.75    0.86   -0.11 (VIOLATED)
ANTENNA_26/DIODE                        0.75    0.86   -0.11 (VIOLATED)
ANTENNA_27/DIODE                        0.75    0.86   -0.11 (VIOLATED)
ANTENNA_28/DIODE                        0.75    0.86   -0.11 (VIOLATED)
ANTENNA_1/DIODE                         0.75    0.86   -0.11 (VIOLATED)
ANTENNA_30/DIODE                        0.75    0.86   -0.11 (VIOLATED)
ANTENNA_29/DIODE                        0.75    0.86   -0.11 (VIOLATED)
ANTENNA_11/DIODE                        0.75    0.86   -0.11 (VIOLATED)
_72745_/D                               0.75    0.86   -0.11 (VIOLATED)
ANTENNA__72745__D/DIODE                 0.75    0.86   -0.11 (VIOLATED)
_63212_/Y                               0.75    0.86   -0.11 (VIOLATED)
_69697_/A1                              0.75    0.85   -0.10 (VIOLATED)
ANTENNA__69697__A1/DIODE                0.75    0.85   -0.10 (VIOLATED)
_69405_/A                               0.75    0.78   -0.03 (VIOLATED)
ANTENNA__69405__A/DIODE                 0.75    0.78   -0.03 (VIOLATED)
_69648_/A1                              0.75    0.77   -0.02 (VIOLATED)
ANTENNA__69648__A1/DIODE                0.75    0.77   -0.02 (VIOLATED)
_69665_/A1                              0.75    0.77   -0.02 (VIOLATED)
ANTENNA__69665__A1/DIODE                0.75    0.77   -0.02 (VIOLATED)
_69767_/A1                              0.75    0.77   -0.02 (VIOLATED)
ANTENNA__69767__A1/DIODE                0.75    0.77   -0.02 (VIOLATED)
_69076_/A                               0.75    0.76   -0.01 (VIOLATED)
ANTENNA__69076__A/DIODE                 0.75    0.76   -0.01 (VIOLATED)
_69924_/D                               0.75    0.76   -0.01 (VIOLATED)
ANTENNA__69924__D/DIODE                 0.75    0.76   -0.01 (VIOLATED)
_49760_/Y                               0.75    0.76   -0.01 (VIOLATED)
_69154_/A                               0.75    0.76   -0.01 (VIOLATED)
ANTENNA__69154__A/DIODE                 0.75    0.75   -0.00 (VIOLATED)

max fanout

Pin                                   Limit Fanout  Slack
---------------------------------------------------------
clkbuf_6_48__f_clk/X                     10     28    -18 (VIOLATED)
clkbuf_6_32__f_clk/X                     10     26    -16 (VIOLATED)
clkbuf_6_34__f_clk/X                     10     26    -16 (VIOLATED)
clkbuf_6_37__f_clk/X                     10     26    -16 (VIOLATED)
clkbuf_6_46__f_clk/X                     10     26    -16 (VIOLATED)
clkbuf_6_53__f_clk/X                     10     26    -16 (VIOLATED)
_69073_/X                                10     24    -14 (VIOLATED)
clkbuf_6_15__f_clk/X                     10     24    -14 (VIOLATED)
clkbuf_6_54__f_clk/X                     10     24    -14 (VIOLATED)
clkbuf_6_55__f_clk/X                     10     24    -14 (VIOLATED)
clkbuf_leaf_235_clk/X                    10     24    -14 (VIOLATED)
_69145_/X                                10     22    -12 (VIOLATED)
clkbuf_6_23__f_clk/X                     10     22    -12 (VIOLATED)
clkbuf_6_36__f_clk/X                     10     22    -12 (VIOLATED)
clkbuf_6_40__f_clk/X                     10     22    -12 (VIOLATED)
clkbuf_6_47__f_clk/X                     10     22    -12 (VIOLATED)
clkbuf_6_52__f_clk/X                     10     22    -12 (VIOLATED)
clkbuf_6_62__f_clk/X                     10     22    -12 (VIOLATED)
clkbuf_6_63__f_clk/X                     10     22    -12 (VIOLATED)
clkbuf_6_8__f_clk/X                      10     22    -12 (VIOLATED)
_45261_/X                                10     21    -11 (VIOLATED)
_68780_/X                                10     21    -11 (VIOLATED)
_68803_/X                                10     21    -11 (VIOLATED)
clkbuf_leaf_197_clk/X                    10     21    -11 (VIOLATED)
clkbuf_leaf_363_clk/X                    10     21    -11 (VIOLATED)
clkbuf_leaf_364_clk/X                    10     21    -11 (VIOLATED)
clkbuf_leaf_522_clk/X                    10     21    -11 (VIOLATED)
_34926_/X                                10     20    -10 (VIOLATED)
_35441_/X                                10     20    -10 (VIOLATED)
_35473_/X                                10     20    -10 (VIOLATED)
_36453_/X                                10     20    -10 (VIOLATED)
_36468_/X                                10     20    -10 (VIOLATED)
_36469_/X                                10     20    -10 (VIOLATED)
_36999_/X                                10     20    -10 (VIOLATED)
_37015_/X                                10     20    -10 (VIOLATED)
_37085_/X                                10     20    -10 (VIOLATED)
_37164_/X                                10     20    -10 (VIOLATED)
_37630_/X                                10     20    -10 (VIOLATED)
_38088_/X                                10     20    -10 (VIOLATED)
_38104_/X                                10     20    -10 (VIOLATED)
_38634_/X                                10     20    -10 (VIOLATED)
_38650_/X                                10     20    -10 (VIOLATED)
_38720_/X                                10     20    -10 (VIOLATED)
_39180_/X                                10     20    -10 (VIOLATED)
_39196_/X                                10     20    -10 (VIOLATED)
_39268_/X                                10     20    -10 (VIOLATED)
_39277_/X                                10     20    -10 (VIOLATED)
_39292_/X                                10     20    -10 (VIOLATED)
_39294_/X                                10     20    -10 (VIOLATED)
_39726_/X                                10     20    -10 (VIOLATED)
_39742_/X                                10     20    -10 (VIOLATED)
_39921_/X                                10     20    -10 (VIOLATED)
_39923_/X                                10     20    -10 (VIOLATED)
_40360_/X                                10     20    -10 (VIOLATED)
_40408_/X                                10     20    -10 (VIOLATED)
_40818_/X                                10     20    -10 (VIOLATED)
_40833_/X                                10     20    -10 (VIOLATED)
_40834_/X                                10     20    -10 (VIOLATED)
_40906_/X                                10     20    -10 (VIOLATED)
_40915_/X                                10     20    -10 (VIOLATED)
_41362_/X                                10     20    -10 (VIOLATED)
_41369_/X                                10     20    -10 (VIOLATED)
_41370_/X                                10     20    -10 (VIOLATED)
_41993_/X                                10     20    -10 (VIOLATED)
_42016_/X                                10     20    -10 (VIOLATED)
_42450_/X                                10     20    -10 (VIOLATED)
_42465_/X                                10     20    -10 (VIOLATED)
_42466_/X                                10     20    -10 (VIOLATED)
_42535_/X                                10     20    -10 (VIOLATED)
_42564_/X                                10     20    -10 (VIOLATED)
_42977_/X                                10     20    -10 (VIOLATED)
_42978_/X                                10     20    -10 (VIOLATED)
_42979_/X                                10     20    -10 (VIOLATED)
_43068_/X                                10     20    -10 (VIOLATED)
_43542_/X                                10     20    -10 (VIOLATED)
_43614_/X                                10     20    -10 (VIOLATED)
_44072_/X                                10     20    -10 (VIOLATED)
_44088_/X                                10     20    -10 (VIOLATED)
_44160_/X                                10     20    -10 (VIOLATED)
_44184_/X                                10     20    -10 (VIOLATED)
_44269_/X                                10     20    -10 (VIOLATED)
_44706_/X                                10     20    -10 (VIOLATED)
_44714_/X                                10     20    -10 (VIOLATED)
_44730_/X                                10     20    -10 (VIOLATED)
_44815_/X                                10     20    -10 (VIOLATED)
_45164_/X                                10     20    -10 (VIOLATED)
_45252_/X                                10     20    -10 (VIOLATED)
_45276_/X                                10     20    -10 (VIOLATED)
_45710_/X                                10     20    -10 (VIOLATED)
_45725_/X                                10     20    -10 (VIOLATED)
_45726_/X                                10     20    -10 (VIOLATED)
_45798_/X                                10     20    -10 (VIOLATED)
_46344_/X                                10     20    -10 (VIOLATED)
_46802_/X                                10     20    -10 (VIOLATED)
_46817_/X                                10     20    -10 (VIOLATED)
_46818_/X                                10     20    -10 (VIOLATED)
_46899_/X                                10     20    -10 (VIOLATED)
_47346_/X                                10     20    -10 (VIOLATED)
_47353_/X                                10     20    -10 (VIOLATED)
_47354_/X                                10     20    -10 (VIOLATED)
_47429_/X                                10     20    -10 (VIOLATED)
_47431_/X                                10     20    -10 (VIOLATED)
_47433_/X                                10     20    -10 (VIOLATED)
_47457_/X                                10     20    -10 (VIOLATED)
_47907_/X                                10     20    -10 (VIOLATED)
_47979_/X                                10     20    -10 (VIOLATED)
_48437_/X                                10     20    -10 (VIOLATED)
_48453_/X                                10     20    -10 (VIOLATED)
_48525_/X                                10     20    -10 (VIOLATED)
_48632_/X                                10     20    -10 (VIOLATED)
_49079_/X                                10     20    -10 (VIOLATED)
_49095_/X                                10     20    -10 (VIOLATED)
_49529_/X                                10     20    -10 (VIOLATED)
_49545_/X                                10     20    -10 (VIOLATED)
_49617_/X                                10     20    -10 (VIOLATED)
_50075_/X                                10     20    -10 (VIOLATED)
_50090_/X                                10     20    -10 (VIOLATED)
_50091_/X                                10     20    -10 (VIOLATED)
_50160_/X                                10     20    -10 (VIOLATED)
_50687_/X                                10     20    -10 (VIOLATED)
_50689_/X                                10     20    -10 (VIOLATED)
_50695_/X                                10     20    -10 (VIOLATED)
_50713_/X                                10     20    -10 (VIOLATED)
_50727_/X                                10     20    -10 (VIOLATED)
_51076_/X                                10     20    -10 (VIOLATED)
_51078_/X                                10     20    -10 (VIOLATED)
_51084_/X                                10     20    -10 (VIOLATED)
_51172_/X                                10     20    -10 (VIOLATED)
_51854_/X                                10     20    -10 (VIOLATED)
_51862_/X                                10     20    -10 (VIOLATED)
_51880_/X                                10     20    -10 (VIOLATED)
_52243_/X                                10     20    -10 (VIOLATED)
_52245_/X                                10     20    -10 (VIOLATED)
_52251_/X                                10     20    -10 (VIOLATED)
_52269_/X                                10     20    -10 (VIOLATED)
_52632_/X                                10     20    -10 (VIOLATED)
_52634_/X                                10     20    -10 (VIOLATED)
_52640_/X                                10     20    -10 (VIOLATED)
_52658_/X                                10     20    -10 (VIOLATED)
_53021_/X                                10     20    -10 (VIOLATED)
_53023_/X                                10     20    -10 (VIOLATED)
_53029_/X                                10     20    -10 (VIOLATED)
_53047_/X                                10     20    -10 (VIOLATED)
_53061_/X                                10     20    -10 (VIOLATED)
_53117_/X                                10     20    -10 (VIOLATED)
_53410_/X                                10     20    -10 (VIOLATED)
_53508_/X                                10     20    -10 (VIOLATED)
_53816_/X                                10     20    -10 (VIOLATED)
_53817_/X                                10     20    -10 (VIOLATED)
_53818_/X                                10     20    -10 (VIOLATED)
_53819_/X                                10     20    -10 (VIOLATED)
_53838_/X                                10     20    -10 (VIOLATED)
_53841_/X                                10     20    -10 (VIOLATED)
_53860_/X                                10     20    -10 (VIOLATED)
_53863_/X                                10     20    -10 (VIOLATED)
_53882_/X                                10     20    -10 (VIOLATED)
_53885_/X                                10     20    -10 (VIOLATED)
_53904_/X                                10     20    -10 (VIOLATED)
_53907_/X                                10     20    -10 (VIOLATED)
_53926_/X                                10     20    -10 (VIOLATED)
_53929_/X                                10     20    -10 (VIOLATED)
_53973_/X                                10     20    -10 (VIOLATED)
_53975_/X                                10     20    -10 (VIOLATED)
_54459_/X                                10     20    -10 (VIOLATED)
_55530_/X                                10     20    -10 (VIOLATED)
_55908_/X                                10     20    -10 (VIOLATED)
_55909_/X                                10     20    -10 (VIOLATED)
_55911_/X                                10     20    -10 (VIOLATED)
_55912_/X                                10     20    -10 (VIOLATED)
_55920_/X                                10     20    -10 (VIOLATED)
_56395_/X                                10     20    -10 (VIOLATED)
_56404_/X                                10     20    -10 (VIOLATED)
_56418_/X                                10     20    -10 (VIOLATED)
_56498_/X                                10     20    -10 (VIOLATED)
_56879_/X                                10     20    -10 (VIOLATED)
_56902_/X                                10     20    -10 (VIOLATED)
_56982_/X                                10     20    -10 (VIOLATED)
_57848_/X                                10     20    -10 (VIOLATED)
_57955_/X                                10     20    -10 (VIOLATED)
_57957_/X                                10     20    -10 (VIOLATED)
_58400_/X                                10     20    -10 (VIOLATED)
_58834_/X                                10     20    -10 (VIOLATED)
_58904_/X                                10     20    -10 (VIOLATED)
_59896_/X                                10     20    -10 (VIOLATED)
_59963_/X                                10     20    -10 (VIOLATED)
_59971_/X                                10     20    -10 (VIOLATED)
_60072_/X                                10     20    -10 (VIOLATED)
_60518_/X                                10     20    -10 (VIOLATED)
_61022_/X                                10     20    -10 (VIOLATED)
_61030_/X                                10     20    -10 (VIOLATED)
_61553_/X                                10     20    -10 (VIOLATED)
_61561_/X                                10     20    -10 (VIOLATED)
_61660_/X                                10     20    -10 (VIOLATED)
_62081_/X                                10     20    -10 (VIOLATED)
_62190_/X                                10     20    -10 (VIOLATED)
_62539_/X                                10     20    -10 (VIOLATED)
_62555_/X                                10     20    -10 (VIOLATED)
_62734_/X                                10     20    -10 (VIOLATED)
_63083_/X                                10     20    -10 (VIOLATED)
_63178_/X                                10     20    -10 (VIOLATED)
_63194_/X                                10     20    -10 (VIOLATED)
_63277_/X                                10     20    -10 (VIOLATED)
_63740_/X                                10     20    -10 (VIOLATED)
_64174_/X                                10     20    -10 (VIOLATED)
_65282_/X                                10     20    -10 (VIOLATED)
_65812_/X                                10     20    -10 (VIOLATED)
_65828_/X                                10     20    -10 (VIOLATED)
_65897_/X                                10     20    -10 (VIOLATED)
_65908_/X                                10     20    -10 (VIOLATED)
_66007_/X                                10     20    -10 (VIOLATED)
_66358_/X                                10     20    -10 (VIOLATED)
_66454_/X                                10     20    -10 (VIOLATED)
_66470_/X                                10     20    -10 (VIOLATED)
_66523_/X                                10     20    -10 (VIOLATED)
_66902_/X                                10     20    -10 (VIOLATED)
_66910_/X                                10     20    -10 (VIOLATED)
_66989_/X                                10     20    -10 (VIOLATED)
_67013_/X                                10     20    -10 (VIOLATED)
_67445_/X                                10     20    -10 (VIOLATED)
_67556_/X                                10     20    -10 (VIOLATED)
_67990_/X                                10     20    -10 (VIOLATED)
_68006_/X                                10     20    -10 (VIOLATED)
_68084_/X                                10     20    -10 (VIOLATED)
_68090_/X                                10     20    -10 (VIOLATED)
_68093_/X                                10     20    -10 (VIOLATED)
_68096_/X                                10     20    -10 (VIOLATED)
_68099_/X                                10     20    -10 (VIOLATED)
_68102_/X                                10     20    -10 (VIOLATED)
_68105_/X                                10     20    -10 (VIOLATED)
_68108_/X                                10     20    -10 (VIOLATED)
_68111_/X                                10     20    -10 (VIOLATED)
_68171_/X                                10     20    -10 (VIOLATED)
_68209_/X                                10     20    -10 (VIOLATED)
_68210_/X                                10     20    -10 (VIOLATED)
_68231_/X                                10     20    -10 (VIOLATED)
_68252_/X                                10     20    -10 (VIOLATED)
_68273_/X                                10     20    -10 (VIOLATED)
_68274_/X                                10     20    -10 (VIOLATED)
_68295_/X                                10     20    -10 (VIOLATED)
_68316_/X                                10     20    -10 (VIOLATED)
_68337_/X                                10     20    -10 (VIOLATED)
_68358_/X                                10     20    -10 (VIOLATED)
_68379_/X                                10     20    -10 (VIOLATED)
_68400_/X                                10     20    -10 (VIOLATED)
_68421_/X                                10     20    -10 (VIOLATED)
_68442_/X                                10     20    -10 (VIOLATED)
_68463_/X                                10     20    -10 (VIOLATED)
_68484_/X                                10     20    -10 (VIOLATED)
_68485_/X                                10     20    -10 (VIOLATED)
_68506_/X                                10     20    -10 (VIOLATED)
_68527_/X                                10     20    -10 (VIOLATED)
_68548_/X                                10     20    -10 (VIOLATED)
_68569_/X                                10     20    -10 (VIOLATED)
_68590_/X                                10     20    -10 (VIOLATED)
_68611_/X                                10     20    -10 (VIOLATED)
_68632_/X                                10     20    -10 (VIOLATED)
_68653_/X                                10     20    -10 (VIOLATED)
_68674_/X                                10     20    -10 (VIOLATED)
_68734_/X                                10     20    -10 (VIOLATED)
_68741_/X                                10     20    -10 (VIOLATED)
_68744_/X                                10     20    -10 (VIOLATED)
_68747_/X                                10     20    -10 (VIOLATED)
_68750_/X                                10     20    -10 (VIOLATED)
_68753_/X                                10     20    -10 (VIOLATED)
_68756_/X                                10     20    -10 (VIOLATED)
_68759_/X                                10     20    -10 (VIOLATED)
_68785_/X                                10     20    -10 (VIOLATED)
_68788_/X                                10     20    -10 (VIOLATED)
_68791_/X                                10     20    -10 (VIOLATED)
_68794_/X                                10     20    -10 (VIOLATED)
_68797_/X                                10     20    -10 (VIOLATED)
_68800_/X                                10     20    -10 (VIOLATED)
_68807_/X                                10     20    -10 (VIOLATED)
_69063_/X                                10     20    -10 (VIOLATED)
_69067_/X                                10     20    -10 (VIOLATED)
_69070_/X                                10     20    -10 (VIOLATED)
_69076_/X                                10     20    -10 (VIOLATED)
_69079_/X                                10     20    -10 (VIOLATED)
_69082_/X                                10     20    -10 (VIOLATED)
_69085_/X                                10     20    -10 (VIOLATED)
_69106_/X                                10     20    -10 (VIOLATED)
_69141_/X                                10     20    -10 (VIOLATED)
_69148_/X                                10     20    -10 (VIOLATED)
_69151_/X                                10     20    -10 (VIOLATED)
_69154_/X                                10     20    -10 (VIOLATED)
_69157_/X                                10     20    -10 (VIOLATED)
_69160_/X                                10     20    -10 (VIOLATED)
_69163_/X                                10     20    -10 (VIOLATED)
_69390_/X                                10     20    -10 (VIOLATED)
_69392_/X                                10     20    -10 (VIOLATED)
_69396_/X                                10     20    -10 (VIOLATED)
_69399_/X                                10     20    -10 (VIOLATED)
_69402_/X                                10     20    -10 (VIOLATED)
_69405_/X                                10     20    -10 (VIOLATED)
_69408_/X                                10     20    -10 (VIOLATED)
_69411_/X                                10     20    -10 (VIOLATED)
_69414_/X                                10     20    -10 (VIOLATED)
_69861_/Q                                10     20    -10 (VIOLATED)
_69909_/Q                                10     20    -10 (VIOLATED)
_71469_/Q                                10     20    -10 (VIOLATED)
_71501_/Q                                10     20    -10 (VIOLATED)
_71541_/Q                                10     20    -10 (VIOLATED)
_71589_/Q                                10     20    -10 (VIOLATED)
_71645_/Q                                10     20    -10 (VIOLATED)
_71709_/Q                                10     20    -10 (VIOLATED)
_71957_/Q                                10     20    -10 (VIOLATED)
_72309_/Q                                10     20    -10 (VIOLATED)
_72357_/Q                                10     20    -10 (VIOLATED)
_72405_/Q                                10     20    -10 (VIOLATED)
_72453_/Q                                10     20    -10 (VIOLATED)
_72501_/Q                                10     20    -10 (VIOLATED)
_72549_/Q                                10     20    -10 (VIOLATED)
_72685_/Q                                10     20    -10 (VIOLATED)
_72733_/Q                                10     20    -10 (VIOLATED)
_72781_/Q                                10     20    -10 (VIOLATED)
_72829_/Q                                10     20    -10 (VIOLATED)
_72877_/Q                                10     20    -10 (VIOLATED)
_72925_/Q                                10     20    -10 (VIOLATED)
_73061_/Q                                10     20    -10 (VIOLATED)
_73109_/Q                                10     20    -10 (VIOLATED)
_73156_/Q                                10     20    -10 (VIOLATED)
_73205_/Q                                10     20    -10 (VIOLATED)
_73301_/Q                                10     20    -10 (VIOLATED)
_73485_/Q                                10     20    -10 (VIOLATED)
_73533_/Q                                10     20    -10 (VIOLATED)
_73581_/Q                                10     20    -10 (VIOLATED)
_73584_/Q                                10     20    -10 (VIOLATED)
_73629_/Q                                10     20    -10 (VIOLATED)
_73677_/Q                                10     20    -10 (VIOLATED)
_73861_/Q                                10     20    -10 (VIOLATED)
_73957_/Q                                10     20    -10 (VIOLATED)
_74005_/Q                                10     20    -10 (VIOLATED)
_74237_/Q                                10     20    -10 (VIOLATED)
_74285_/Q                                10     20    -10 (VIOLATED)
clkbuf_6_10__f_clk/X                     10     20    -10 (VIOLATED)
clkbuf_6_31__f_clk/X                     10     20    -10 (VIOLATED)
clkbuf_6_41__f_clk/X                     10     20    -10 (VIOLATED)
clkbuf_6_4__f_clk/X                      10     20    -10 (VIOLATED)
clkbuf_6_50__f_clk/X                     10     20    -10 (VIOLATED)
clkbuf_6_56__f_clk/X                     10     20    -10 (VIOLATED)
clkbuf_6_59__f_clk/X                     10     20    -10 (VIOLATED)
clkbuf_6_60__f_clk/X                     10     20    -10 (VIOLATED)
clkbuf_6_7__f_clk/X                      10     20    -10 (VIOLATED)
clkbuf_leaf_242_clk/X                    10     20    -10 (VIOLATED)
fanout1002/X                             10     20    -10 (VIOLATED)
fanout1009/X                             10     20    -10 (VIOLATED)
fanout1012/X                             10     20    -10 (VIOLATED)
fanout1046/X                             10     20    -10 (VIOLATED)
fanout461/X                              10     20    -10 (VIOLATED)
fanout464/X                              10     20    -10 (VIOLATED)
fanout500/X                              10     20    -10 (VIOLATED)
fanout507/X                              10     20    -10 (VIOLATED)
fanout509/X                              10     20    -10 (VIOLATED)
fanout536/X                              10     20    -10 (VIOLATED)
fanout556/X                              10     20    -10 (VIOLATED)
fanout561/X                              10     20    -10 (VIOLATED)
fanout601/X                              10     20    -10 (VIOLATED)
fanout602/X                              10     20    -10 (VIOLATED)
fanout607/X                              10     20    -10 (VIOLATED)
fanout609/X                              10     20    -10 (VIOLATED)
fanout610/X                              10     20    -10 (VIOLATED)
fanout613/X                              10     20    -10 (VIOLATED)
fanout629/X                              10     20    -10 (VIOLATED)
fanout632/X                              10     20    -10 (VIOLATED)
fanout635/X                              10     20    -10 (VIOLATED)
fanout650/X                              10     20    -10 (VIOLATED)
fanout671/X                              10     20    -10 (VIOLATED)
fanout682/X                              10     20    -10 (VIOLATED)
fanout683/X                              10     20    -10 (VIOLATED)
fanout686/X                              10     20    -10 (VIOLATED)
fanout699/X                              10     20    -10 (VIOLATED)
fanout705/X                              10     20    -10 (VIOLATED)
fanout708/X                              10     20    -10 (VIOLATED)
fanout709/X                              10     20    -10 (VIOLATED)
fanout711/X                              10     20    -10 (VIOLATED)
fanout721/X                              10     20    -10 (VIOLATED)
fanout751/X                              10     20    -10 (VIOLATED)
fanout752/X                              10     20    -10 (VIOLATED)
fanout771/X                              10     20    -10 (VIOLATED)
fanout779/X                              10     20    -10 (VIOLATED)
fanout780/X                              10     20    -10 (VIOLATED)
fanout785/X                              10     20    -10 (VIOLATED)
fanout801/X                              10     20    -10 (VIOLATED)
fanout826/X                              10     20    -10 (VIOLATED)
fanout834/X                              10     20    -10 (VIOLATED)
fanout838/X                              10     20    -10 (VIOLATED)
fanout845/X                              10     20    -10 (VIOLATED)
fanout846/X                              10     20    -10 (VIOLATED)
fanout847/X                              10     20    -10 (VIOLATED)
fanout856/X                              10     20    -10 (VIOLATED)
fanout866/X                              10     20    -10 (VIOLATED)
fanout884/X                              10     20    -10 (VIOLATED)
fanout886/X                              10     20    -10 (VIOLATED)
fanout920/X                              10     20    -10 (VIOLATED)
fanout937/X                              10     20    -10 (VIOLATED)
fanout938/X                              10     20    -10 (VIOLATED)
fanout953/X                              10     20    -10 (VIOLATED)
fanout957/X                              10     20    -10 (VIOLATED)
fanout993/X                              10     20    -10 (VIOLATED)
input74/X                                10     20    -10 (VIOLATED)
input75/X                                10     20    -10 (VIOLATED)
input76/X                                10     20    -10 (VIOLATED)
input77/X                                10     20    -10 (VIOLATED)
input78/X                                10     20    -10 (VIOLATED)
input79/X                                10     20    -10 (VIOLATED)
input80/X                                10     20    -10 (VIOLATED)
input81/X                                10     20    -10 (VIOLATED)
clkbuf_leaf_25_clk/X                     10     19     -9 (VIOLATED)
clkbuf_leaf_282_clk/X                    10     19     -9 (VIOLATED)
_35346_/X                                10     18     -8 (VIOLATED)
_54440_/Y                                10     18     -8 (VIOLATED)
_54924_/Y                                10     18     -8 (VIOLATED)
_56376_/Y                                10     18     -8 (VIOLATED)
_56860_/Y                                10     18     -8 (VIOLATED)
_71424_/Q                                10     18     -8 (VIOLATED)
_71428_/Q                                10     18     -8 (VIOLATED)
_71438_/Q                                10     18     -8 (VIOLATED)
_71444_/Q                                10     18     -8 (VIOLATED)
_71728_/Q                                10     18     -8 (VIOLATED)
_71732_/Q                                10     18     -8 (VIOLATED)
_71760_/Q                                10     18     -8 (VIOLATED)
_71764_/Q                                10     18     -8 (VIOLATED)
_71796_/Q                                10     18     -8 (VIOLATED)
_71860_/Q                                10     18     -8 (VIOLATED)
_71888_/Q                                10     18     -8 (VIOLATED)
_71892_/Q                                10     18     -8 (VIOLATED)
_71982_/Q                                10     18     -8 (VIOLATED)
_71986_/Q                                10     18     -8 (VIOLATED)
_71988_/Q                                10     18     -8 (VIOLATED)
_72022_/Q                                10     18     -8 (VIOLATED)
_72026_/Q                                10     18     -8 (VIOLATED)
_72028_/Q                                10     18     -8 (VIOLATED)
_72062_/Q                                10     18     -8 (VIOLATED)
_72066_/Q                                10     18     -8 (VIOLATED)
_72068_/Q                                10     18     -8 (VIOLATED)
_72102_/Q                                10     18     -8 (VIOLATED)
_72106_/Q                                10     18     -8 (VIOLATED)
_72108_/Q                                10     18     -8 (VIOLATED)
_72142_/Q                                10     18     -8 (VIOLATED)
_72146_/Q                                10     18     -8 (VIOLATED)
_72148_/Q                                10     18     -8 (VIOLATED)
_72182_/Q                                10     18     -8 (VIOLATED)
_72186_/Q                                10     18     -8 (VIOLATED)
_72188_/Q                                10     18     -8 (VIOLATED)
_72317_/Q                                10     18     -8 (VIOLATED)
_72413_/Q                                10     18     -8 (VIOLATED)
_72509_/Q                                10     18     -8 (VIOLATED)
_72597_/Q                                10     18     -8 (VIOLATED)
_72693_/Q                                10     18     -8 (VIOLATED)
_72789_/Q                                10     18     -8 (VIOLATED)
_73157_/Q                                10     18     -8 (VIOLATED)
_73309_/Q                                10     18     -8 (VIOLATED)
_73445_/Q                                10     18     -8 (VIOLATED)
_73493_/Q                                10     18     -8 (VIOLATED)
_73637_/Q                                10     18     -8 (VIOLATED)
_73685_/Q                                10     18     -8 (VIOLATED)
_73806_/Q                                10     18     -8 (VIOLATED)
_73821_/Q                                10     18     -8 (VIOLATED)
_74061_/Q                                10     18     -8 (VIOLATED)
_74101_/Q                                10     18     -8 (VIOLATED)
clkbuf_6_12__f_clk/X                     10     18     -8 (VIOLATED)
clkbuf_6_18__f_clk/X                     10     18     -8 (VIOLATED)
clkbuf_6_20__f_clk/X                     10     18     -8 (VIOLATED)
clkbuf_6_22__f_clk/X                     10     18     -8 (VIOLATED)
clkbuf_6_24__f_clk/X                     10     18     -8 (VIOLATED)
clkbuf_6_2__f_clk/X                      10     18     -8 (VIOLATED)
clkbuf_6_33__f_clk/X                     10     18     -8 (VIOLATED)
clkbuf_6_44__f_clk/X                     10     18     -8 (VIOLATED)
clkbuf_6_49__f_clk/X                     10     18     -8 (VIOLATED)
clkbuf_6_58__f_clk/X                     10     18     -8 (VIOLATED)
clkbuf_6_5__f_clk/X                      10     18     -8 (VIOLATED)
clkbuf_leaf_185_clk/X                    10     18     -8 (VIOLATED)
clkbuf_leaf_202_clk/X                    10     18     -8 (VIOLATED)
clkbuf_leaf_471_clk/X                    10     18     -8 (VIOLATED)
clkbuf_leaf_550_clk/X                    10     18     -8 (VIOLATED)
clkbuf_leaf_555_clk/X                    10     18     -8 (VIOLATED)
fanout482/X                              10     18     -8 (VIOLATED)
fanout597/X                              10     18     -8 (VIOLATED)
fanout617/X                              10     18     -8 (VIOLATED)
fanout681/X                              10     18     -8 (VIOLATED)
fanout729/X                              10     18     -8 (VIOLATED)
fanout762/X                              10     18     -8 (VIOLATED)
fanout773/X                              10     18     -8 (VIOLATED)
fanout775/X                              10     18     -8 (VIOLATED)
fanout781/X                              10     18     -8 (VIOLATED)
fanout798/X                              10     18     -8 (VIOLATED)
fanout853/X                              10     18     -8 (VIOLATED)
fanout875/X                              10     18     -8 (VIOLATED)
fanout878/X                              10     18     -8 (VIOLATED)
fanout896/X                              10     18     -8 (VIOLATED)
fanout899/X                              10     18     -8 (VIOLATED)
fanout923/X                              10     18     -8 (VIOLATED)
fanout947/X                              10     18     -8 (VIOLATED)
fanout961/X                              10     18     -8 (VIOLATED)
wire341/X                                10     18     -8 (VIOLATED)
_63212_/Y                                10     17     -7 (VIOLATED)
clkbuf_leaf_105_clk/X                    10     17     -7 (VIOLATED)
clkbuf_leaf_154_clk/X                    10     17     -7 (VIOLATED)
clkbuf_leaf_238_clk/X                    10     17     -7 (VIOLATED)
clkbuf_leaf_254_clk/X                    10     17     -7 (VIOLATED)
clkbuf_leaf_362_clk/X                    10     17     -7 (VIOLATED)
clkbuf_leaf_398_clk/X                    10     17     -7 (VIOLATED)
clkbuf_leaf_453_clk/X                    10     17     -7 (VIOLATED)
_36447_/Y                                10     16     -6 (VIOLATED)
_36993_/Y                                10     16     -6 (VIOLATED)
_38082_/Y                                10     16     -6 (VIOLATED)
_38628_/Y                                10     16     -6 (VIOLATED)
_39174_/Y                                10     16     -6 (VIOLATED)
_40812_/Y                                10     16     -6 (VIOLATED)
_41354_/X                                10     16     -6 (VIOLATED)
_42444_/Y                                10     16     -6 (VIOLATED)
_42976_/X                                10     16     -6 (VIOLATED)
_43520_/Y                                10     16     -6 (VIOLATED)
_44612_/Y                                10     16     -6 (VIOLATED)
_45158_/Y                                10     16     -6 (VIOLATED)
_45704_/Y                                10     16     -6 (VIOLATED)
_46250_/Y                                10     16     -6 (VIOLATED)
_46796_/Y                                10     16     -6 (VIOLATED)
_47338_/X                                10     16     -6 (VIOLATED)
_48977_/Y                                10     16     -6 (VIOLATED)
_50069_/Y                                10     16     -6 (VIOLATED)
_62533_/Y                                10     16     -6 (VIOLATED)
_63075_/X                                10     16     -6 (VIOLATED)
_64168_/Y                                10     16     -6 (VIOLATED)
_64714_/Y                                10     16     -6 (VIOLATED)
_66352_/Y                                10     16     -6 (VIOLATED)
_66894_/X                                10     16     -6 (VIOLATED)
_67437_/X                                10     16     -6 (VIOLATED)
_67984_/Y                                10     16     -6 (VIOLATED)
_68117_/Y                                10     16     -6 (VIOLATED)
_68135_/Y                                10     16     -6 (VIOLATED)
_68174_/Y                                10     16     -6 (VIOLATED)
_68738_/Y                                10     16     -6 (VIOLATED)
_68763_/Y                                10     16     -6 (VIOLATED)
_68782_/Y                                10     16     -6 (VIOLATED)
_68828_/Y                                10     16     -6 (VIOLATED)
_68866_/X                                10     16     -6 (VIOLATED)
_68884_/Y                                10     16     -6 (VIOLATED)
_68902_/Y                                10     16     -6 (VIOLATED)
_68958_/Y                                10     16     -6 (VIOLATED)
_68993_/Y                                10     16     -6 (VIOLATED)
_69010_/Y                                10     16     -6 (VIOLATED)
_69027_/Y                                10     16     -6 (VIOLATED)
_69046_/Y                                10     16     -6 (VIOLATED)
_69124_/Y                                10     16     -6 (VIOLATED)
_69183_/Y                                10     16     -6 (VIOLATED)
_69234_/Y                                10     16     -6 (VIOLATED)
_69319_/Y                                10     16     -6 (VIOLATED)
_69339_/Y                                10     16     -6 (VIOLATED)
_69373_/Y                                10     16     -6 (VIOLATED)
_69417_/Y                                10     16     -6 (VIOLATED)
_69485_/Y                                10     16     -6 (VIOLATED)
_69502_/Y                                10     16     -6 (VIOLATED)
_69519_/Y                                10     16     -6 (VIOLATED)
_69536_/Y                                10     16     -6 (VIOLATED)
_69553_/Y                                10     16     -6 (VIOLATED)
_69622_/Y                                10     16     -6 (VIOLATED)
_69656_/Y                                10     16     -6 (VIOLATED)
_69673_/Y                                10     16     -6 (VIOLATED)
_69690_/Y                                10     16     -6 (VIOLATED)
_69707_/Y                                10     16     -6 (VIOLATED)
_69724_/Y                                10     16     -6 (VIOLATED)
_69741_/Y                                10     16     -6 (VIOLATED)
_69792_/Y                                10     16     -6 (VIOLATED)
_69854_/Q                                10     16     -6 (VIOLATED)
_69857_/Q                                10     16     -6 (VIOLATED)
_69858_/Q                                10     16     -6 (VIOLATED)
_69902_/Q                                10     16     -6 (VIOLATED)
_69906_/Q                                10     16     -6 (VIOLATED)
_71439_/Q                                10     16     -6 (VIOLATED)
_71443_/Q                                10     16     -6 (VIOLATED)
_71465_/Q                                10     16     -6 (VIOLATED)
_71466_/Q                                10     16     -6 (VIOLATED)
_71494_/Q                                10     16     -6 (VIOLATED)
_71497_/Q                                10     16     -6 (VIOLATED)
_71498_/Q                                10     16     -6 (VIOLATED)
_71534_/Q                                10     16     -6 (VIOLATED)
_71537_/Q                                10     16     -6 (VIOLATED)
_71538_/Q                                10     16     -6 (VIOLATED)
_71582_/Q                                10     16     -6 (VIOLATED)
_71586_/Q                                10     16     -6 (VIOLATED)
_71638_/Q                                10     16     -6 (VIOLATED)
_71641_/Q                                10     16     -6 (VIOLATED)
_71642_/Q                                10     16     -6 (VIOLATED)
_71702_/Q                                10     16     -6 (VIOLATED)
_71706_/Q                                10     16     -6 (VIOLATED)
_71731_/Q                                10     16     -6 (VIOLATED)
_71763_/Q                                10     16     -6 (VIOLATED)
_71795_/Q                                10     16     -6 (VIOLATED)
_71891_/Q                                10     16     -6 (VIOLATED)
_71925_/Q                                10     16     -6 (VIOLATED)
_71983_/Q                                10     16     -6 (VIOLATED)
_71987_/Q                                10     16     -6 (VIOLATED)
_72023_/Q                                10     16     -6 (VIOLATED)
_72027_/Q                                10     16     -6 (VIOLATED)
_72063_/Q                                10     16     -6 (VIOLATED)
_72067_/Q                                10     16     -6 (VIOLATED)
_72103_/Q                                10     16     -6 (VIOLATED)
_72107_/Q                                10     16     -6 (VIOLATED)
_72143_/Q                                10     16     -6 (VIOLATED)
_72147_/Q                                10     16     -6 (VIOLATED)
_72183_/Q                                10     16     -6 (VIOLATED)
_72187_/Q                                10     16     -6 (VIOLATED)
_72302_/Q                                10     16     -6 (VIOLATED)
_72306_/Q                                10     16     -6 (VIOLATED)
_72350_/Q                                10     16     -6 (VIOLATED)
_72353_/Q                                10     16     -6 (VIOLATED)
_72354_/Q                                10     16     -6 (VIOLATED)
_72398_/Q                                10     16     -6 (VIOLATED)
_72401_/Q                                10     16     -6 (VIOLATED)
_72402_/Q                                10     16     -6 (VIOLATED)
_72446_/Q                                10     16     -6 (VIOLATED)
_72449_/Q                                10     16     -6 (VIOLATED)
_72450_/Q                                10     16     -6 (VIOLATED)
_72498_/Q                                10     16     -6 (VIOLATED)
_72542_/Q                                10     16     -6 (VIOLATED)
_72545_/Q                                10     16     -6 (VIOLATED)
_72546_/Q                                10     16     -6 (VIOLATED)
_72682_/Q                                10     16     -6 (VIOLATED)
_72726_/Q                                10     16     -6 (VIOLATED)
_72729_/Q                                10     16     -6 (VIOLATED)
_72730_/Q                                10     16     -6 (VIOLATED)
_72774_/Q                                10     16     -6 (VIOLATED)
_72777_/Q                                10     16     -6 (VIOLATED)
_72778_/Q                                10     16     -6 (VIOLATED)
_72822_/Q                                10     16     -6 (VIOLATED)
_72825_/Q                                10     16     -6 (VIOLATED)
_72826_/Q                                10     16     -6 (VIOLATED)
_72870_/Q                                10     16     -6 (VIOLATED)
_72873_/Q                                10     16     -6 (VIOLATED)
_72874_/Q                                10     16     -6 (VIOLATED)
_72918_/Q                                10     16     -6 (VIOLATED)
_72921_/Q                                10     16     -6 (VIOLATED)
_72922_/Q                                10     16     -6 (VIOLATED)
_73054_/Q                                10     16     -6 (VIOLATED)
_73057_/Q                                10     16     -6 (VIOLATED)
_73102_/Q                                10     16     -6 (VIOLATED)
_73105_/Q                                10     16     -6 (VIOLATED)
_73106_/Q                                10     16     -6 (VIOLATED)
_73150_/Q                                10     16     -6 (VIOLATED)
_73198_/Q                                10     16     -6 (VIOLATED)
_73201_/Q                                10     16     -6 (VIOLATED)
_73202_/Q                                10     16     -6 (VIOLATED)
_73250_/Q                                10     16     -6 (VIOLATED)
_73298_/Q                                10     16     -6 (VIOLATED)
_73430_/Q                                10     16     -6 (VIOLATED)
_73433_/Q                                10     16     -6 (VIOLATED)
_73434_/Q                                10     16     -6 (VIOLATED)
_73478_/Q                                10     16     -6 (VIOLATED)
_73481_/Q                                10     16     -6 (VIOLATED)
_73482_/Q                                10     16     -6 (VIOLATED)
_73526_/Q                                10     16     -6 (VIOLATED)
_73529_/Q                                10     16     -6 (VIOLATED)
_73530_/Q                                10     16     -6 (VIOLATED)
_73574_/Q                                10     16     -6 (VIOLATED)
_73577_/Q                                10     16     -6 (VIOLATED)
_73578_/Q                                10     16     -6 (VIOLATED)
_73670_/Q                                10     16     -6 (VIOLATED)
_73673_/Q                                10     16     -6 (VIOLATED)
_73674_/Q                                10     16     -6 (VIOLATED)
_73810_/Q                                10     16     -6 (VIOLATED)
_73811_/Q                                10     16     -6 (VIOLATED)
_73812_/Q                                10     16     -6 (VIOLATED)
_73854_/Q                                10     16     -6 (VIOLATED)
_73857_/Q                                10     16     -6 (VIOLATED)
_73858_/Q                                10     16     -6 (VIOLATED)
_73950_/Q                                10     16     -6 (VIOLATED)
_73953_/Q                                10     16     -6 (VIOLATED)
_73954_/Q                                10     16     -6 (VIOLATED)
_73998_/Q                                10     16     -6 (VIOLATED)
_74001_/Q                                10     16     -6 (VIOLATED)
_74002_/Q                                10     16     -6 (VIOLATED)
_74050_/Q                                10     16     -6 (VIOLATED)
_74182_/Q                                10     16     -6 (VIOLATED)
_74185_/Q                                10     16     -6 (VIOLATED)
_74230_/Q                                10     16     -6 (VIOLATED)
_74233_/Q                                10     16     -6 (VIOLATED)
_74234_/Q                                10     16     -6 (VIOLATED)
_74278_/Q                                10     16     -6 (VIOLATED)
_74281_/Q                                10     16     -6 (VIOLATED)
_74282_/Q                                10     16     -6 (VIOLATED)
_74326_/Q                                10     16     -6 (VIOLATED)
clkbuf_3_0_0_clk/X                       10     16     -6 (VIOLATED)
clkbuf_3_1_0_clk/X                       10     16     -6 (VIOLATED)
clkbuf_3_2_0_clk/X                       10     16     -6 (VIOLATED)
clkbuf_3_3_0_clk/X                       10     16     -6 (VIOLATED)
clkbuf_3_4_0_clk/X                       10     16     -6 (VIOLATED)
clkbuf_3_5_0_clk/X                       10     16     -6 (VIOLATED)
clkbuf_3_6_0_clk/X                       10     16     -6 (VIOLATED)
clkbuf_3_7_0_clk/X                       10     16     -6 (VIOLATED)
clkbuf_6_11__f_clk/X                     10     16     -6 (VIOLATED)
clkbuf_6_14__f_clk/X                     10     16     -6 (VIOLATED)
clkbuf_6_17__f_clk/X                     10     16     -6 (VIOLATED)
clkbuf_6_19__f_clk/X                     10     16     -6 (VIOLATED)
clkbuf_6_27__f_clk/X                     10     16     -6 (VIOLATED)
clkbuf_6_29__f_clk/X                     10     16     -6 (VIOLATED)
clkbuf_6_30__f_clk/X                     10     16     -6 (VIOLATED)
clkbuf_6_35__f_clk/X                     10     16     -6 (VIOLATED)
clkbuf_6_38__f_clk/X                     10     16     -6 (VIOLATED)
clkbuf_6_43__f_clk/X                     10     16     -6 (VIOLATED)
clkbuf_6_45__f_clk/X                     10     16     -6 (VIOLATED)
clkbuf_6_57__f_clk/X                     10     16     -6 (VIOLATED)
clkbuf_6_61__f_clk/X                     10     16     -6 (VIOLATED)
clkbuf_leaf_155_clk/X                    10     16     -6 (VIOLATED)
clkbuf_leaf_189_clk/X                    10     16     -6 (VIOLATED)
clkbuf_leaf_1_clk/X                      10     16     -6 (VIOLATED)
clkbuf_leaf_354_clk/X                    10     16     -6 (VIOLATED)
clkbuf_leaf_377_clk/X                    10     16     -6 (VIOLATED)
clkbuf_leaf_457_clk/X                    10     16     -6 (VIOLATED)
clkbuf_leaf_492_clk/X                    10     16     -6 (VIOLATED)
clkbuf_leaf_512_clk/X                    10     16     -6 (VIOLATED)
clkbuf_leaf_67_clk/X                     10     16     -6 (VIOLATED)
fanout1044/X                             10     16     -6 (VIOLATED)
fanout465/X                              10     16     -6 (VIOLATED)
fanout477/X                              10     16     -6 (VIOLATED)
fanout496/X                              10     16     -6 (VIOLATED)
fanout538/X                              10     16     -6 (VIOLATED)
fanout687/X                              10     16     -6 (VIOLATED)
fanout732/X                              10     16     -6 (VIOLATED)
fanout802/X                              10     16     -6 (VIOLATED)
fanout863/X                              10     16     -6 (VIOLATED)
fanout888/X                              10     16     -6 (VIOLATED)
fanout912/X                              10     16     -6 (VIOLATED)
fanout935/X                              10     16     -6 (VIOLATED)
fanout958/X                              10     16     -6 (VIOLATED)
fanout992/X                              10     16     -6 (VIOLATED)
input72/X                                10     16     -6 (VIOLATED)
max_cap342/X                             10     16     -6 (VIOLATED)
clkbuf_leaf_184_clk/X                    10     15     -5 (VIOLATED)
clkbuf_leaf_222_clk/X                    10     15     -5 (VIOLATED)
clkbuf_leaf_406_clk/X                    10     15     -5 (VIOLATED)
clkbuf_leaf_436_clk/X                    10     15     -5 (VIOLATED)
clkbuf_leaf_452_clk/X                    10     15     -5 (VIOLATED)
clkbuf_leaf_454_clk/X                    10     15     -5 (VIOLATED)
clkbuf_leaf_467_clk/X                    10     15     -5 (VIOLATED)
clkbuf_leaf_543_clk/X                    10     15     -5 (VIOLATED)
clkbuf_leaf_76_clk/X                     10     15     -5 (VIOLATED)
_69855_/Q                                10     14     -4 (VIOLATED)
_69856_/Q                                10     14     -4 (VIOLATED)
_69859_/Q                                10     14     -4 (VIOLATED)
_69860_/Q                                10     14     -4 (VIOLATED)
_69903_/Q                                10     14     -4 (VIOLATED)
_69904_/Q                                10     14     -4 (VIOLATED)
_69907_/Q                                10     14     -4 (VIOLATED)
_69908_/Q                                10     14     -4 (VIOLATED)
_69954_/Q                                10     14     -4 (VIOLATED)
_69955_/Q                                10     14     -4 (VIOLATED)
_69956_/Q                                10     14     -4 (VIOLATED)
_71422_/Q                                10     14     -4 (VIOLATED)
_71423_/Q                                10     14     -4 (VIOLATED)
_71425_/Q                                10     14     -4 (VIOLATED)
_71440_/Q                                10     14     -4 (VIOLATED)
_71463_/Q                                10     14     -4 (VIOLATED)
_71464_/Q                                10     14     -4 (VIOLATED)
_71467_/Q                                10     14     -4 (VIOLATED)
_71468_/Q                                10     14     -4 (VIOLATED)
_71495_/Q                                10     14     -4 (VIOLATED)
_71496_/Q                                10     14     -4 (VIOLATED)
_71499_/Q                                10     14     -4 (VIOLATED)
_71500_/Q                                10     14     -4 (VIOLATED)
_71535_/Q                                10     14     -4 (VIOLATED)
_71536_/Q                                10     14     -4 (VIOLATED)
_71539_/Q                                10     14     -4 (VIOLATED)
_71540_/Q                                10     14     -4 (VIOLATED)
_71583_/Q                                10     14     -4 (VIOLATED)
_71584_/Q                                10     14     -4 (VIOLATED)
_71587_/Q                                10     14     -4 (VIOLATED)
_71639_/Q                                10     14     -4 (VIOLATED)
_71640_/Q                                10     14     -4 (VIOLATED)
_71643_/Q                                10     14     -4 (VIOLATED)
_71644_/Q                                10     14     -4 (VIOLATED)
_71703_/Q                                10     14     -4 (VIOLATED)
_71704_/Q                                10     14     -4 (VIOLATED)
_71707_/Q                                10     14     -4 (VIOLATED)
_71708_/Q                                10     14     -4 (VIOLATED)
_71729_/Q                                10     14     -4 (VIOLATED)
_71758_/Q                                10     14     -4 (VIOLATED)
_71759_/Q                                10     14     -4 (VIOLATED)
_71761_/Q                                10     14     -4 (VIOLATED)
_71857_/Q                                10     14     -4 (VIOLATED)
_71886_/Q                                10     14     -4 (VIOLATED)
_71887_/Q                                10     14     -4 (VIOLATED)
_71889_/Q                                10     14     -4 (VIOLATED)
_72024_/Q                                10     14     -4 (VIOLATED)
_72064_/Q                                10     14     -4 (VIOLATED)
_72104_/Q                                10     14     -4 (VIOLATED)
_72144_/Q                                10     14     -4 (VIOLATED)
_72184_/Q                                10     14     -4 (VIOLATED)
_72304_/Q                                10     14     -4 (VIOLATED)
_72307_/Q                                10     14     -4 (VIOLATED)
_72351_/Q                                10     14     -4 (VIOLATED)
_72352_/Q                                10     14     -4 (VIOLATED)
_72355_/Q                                10     14     -4 (VIOLATED)
_72356_/Q                                10     14     -4 (VIOLATED)
_72399_/Q                                10     14     -4 (VIOLATED)
_72403_/Q                                10     14     -4 (VIOLATED)
_72404_/Q                                10     14     -4 (VIOLATED)
_72447_/Q                                10     14     -4 (VIOLATED)
_72448_/Q                                10     14     -4 (VIOLATED)
_72451_/Q                                10     14     -4 (VIOLATED)
_72452_/Q                                10     14     -4 (VIOLATED)
_72499_/Q                                10     14     -4 (VIOLATED)
_72500_/Q                                10     14     -4 (VIOLATED)
_72543_/Q                                10     14     -4 (VIOLATED)
_72544_/Q                                10     14     -4 (VIOLATED)
_72547_/Q                                10     14     -4 (VIOLATED)
_72548_/Q                                10     14     -4 (VIOLATED)
_72679_/Q                                10     14     -4 (VIOLATED)
_72680_/Q                                10     14     -4 (VIOLATED)
_72727_/Q                                10     14     -4 (VIOLATED)
_72728_/Q                                10     14     -4 (VIOLATED)
_72731_/Q                                10     14     -4 (VIOLATED)
_72732_/Q                                10     14     -4 (VIOLATED)
_72776_/Q                                10     14     -4 (VIOLATED)
_72779_/Q                                10     14     -4 (VIOLATED)
_72780_/Q                                10     14     -4 (VIOLATED)
_72823_/Q                                10     14     -4 (VIOLATED)
_72824_/Q                                10     14     -4 (VIOLATED)
_72827_/Q                                10     14     -4 (VIOLATED)
_72828_/Q                                10     14     -4 (VIOLATED)
_72871_/Q                                10     14     -4 (VIOLATED)
_72872_/Q                                10     14     -4 (VIOLATED)
_72875_/Q                                10     14     -4 (VIOLATED)
_72876_/Q                                10     14     -4 (VIOLATED)
_72919_/Q                                10     14     -4 (VIOLATED)
_72920_/Q                                10     14     -4 (VIOLATED)
_72923_/Q                                10     14     -4 (VIOLATED)
_72924_/Q                                10     14     -4 (VIOLATED)
_72970_/Q                                10     14     -4 (VIOLATED)
_73056_/Q                                10     14     -4 (VIOLATED)
_73103_/Q                                10     14     -4 (VIOLATED)
_73104_/Q                                10     14     -4 (VIOLATED)
_73107_/Q                                10     14     -4 (VIOLATED)
_73108_/Q                                10     14     -4 (VIOLATED)
_73151_/Q                                10     14     -4 (VIOLATED)
_73152_/Q                                10     14     -4 (VIOLATED)
_73154_/Q                                10     14     -4 (VIOLATED)
_73199_/Q                                10     14     -4 (VIOLATED)
_73200_/Q                                10     14     -4 (VIOLATED)
_73203_/Q                                10     14     -4 (VIOLATED)
_73204_/Q                                10     14     -4 (VIOLATED)
_73295_/Q                                10     14     -4 (VIOLATED)
_73296_/Q                                10     14     -4 (VIOLATED)
_73299_/Q                                10     14     -4 (VIOLATED)
_73300_/Q                                10     14     -4 (VIOLATED)
_73342_/Q                                10     14     -4 (VIOLATED)
_73345_/Q                                10     14     -4 (VIOLATED)
_73346_/Q                                10     14     -4 (VIOLATED)
_73435_/Q                                10     14     -4 (VIOLATED)
_73436_/Q                                10     14     -4 (VIOLATED)
_73479_/Q                                10     14     -4 (VIOLATED)
_73480_/Q                                10     14     -4 (VIOLATED)
_73483_/Q                                10     14     -4 (VIOLATED)
_73484_/Q                                10     14     -4 (VIOLATED)
_73527_/Q                                10     14     -4 (VIOLATED)
_73528_/Q                                10     14     -4 (VIOLATED)
_73531_/Q                                10     14     -4 (VIOLATED)
_73532_/Q                                10     14     -4 (VIOLATED)
_73575_/Q                                10     14     -4 (VIOLATED)
_73576_/Q                                10     14     -4 (VIOLATED)
_73579_/Q                                10     14     -4 (VIOLATED)
_73580_/Q                                10     14     -4 (VIOLATED)
_73624_/Q                                10     14     -4 (VIOLATED)
_73627_/Q                                10     14     -4 (VIOLATED)
_73628_/Q                                10     14     -4 (VIOLATED)
_73671_/Q                                10     14     -4 (VIOLATED)
_73672_/Q                                10     14     -4 (VIOLATED)
_73675_/Q                                10     14     -4 (VIOLATED)
_73718_/Q                                10     14     -4 (VIOLATED)
_73722_/Q                                10     14     -4 (VIOLATED)
_73807_/Q                                10     14     -4 (VIOLATED)
_73808_/Q                                10     14     -4 (VIOLATED)
_73809_/Q                                10     14     -4 (VIOLATED)
_73855_/Q                                10     14     -4 (VIOLATED)
_73856_/Q                                10     14     -4 (VIOLATED)
_73859_/Q                                10     14     -4 (VIOLATED)
_73860_/Q                                10     14     -4 (VIOLATED)
_73903_/Q                                10     14     -4 (VIOLATED)
_73904_/Q                                10     14     -4 (VIOLATED)
_73951_/Q                                10     14     -4 (VIOLATED)
_73952_/Q                                10     14     -4 (VIOLATED)
_73955_/Q                                10     14     -4 (VIOLATED)
_73956_/Q                                10     14     -4 (VIOLATED)
_73999_/Q                                10     14     -4 (VIOLATED)
_74000_/Q                                10     14     -4 (VIOLATED)
_74003_/Q                                10     14     -4 (VIOLATED)
_74004_/Q                                10     14     -4 (VIOLATED)
_74094_/Q                                10     14     -4 (VIOLATED)
_74097_/Q                                10     14     -4 (VIOLATED)
_74098_/Q                                10     14     -4 (VIOLATED)
_74183_/Q                                10     14     -4 (VIOLATED)
_74184_/Q                                10     14     -4 (VIOLATED)
_74187_/Q                                10     14     -4 (VIOLATED)
_74231_/Q                                10     14     -4 (VIOLATED)
_74232_/Q                                10     14     -4 (VIOLATED)
_74235_/Q                                10     14     -4 (VIOLATED)
_74236_/Q                                10     14     -4 (VIOLATED)
_74279_/Q                                10     14     -4 (VIOLATED)
_74280_/Q                                10     14     -4 (VIOLATED)
_74283_/Q                                10     14     -4 (VIOLATED)
_74284_/Q                                10     14     -4 (VIOLATED)
clkbuf_6_13__f_clk/X                     10     14     -4 (VIOLATED)
clkbuf_6_21__f_clk/X                     10     14     -4 (VIOLATED)
clkbuf_6_25__f_clk/X                     10     14     -4 (VIOLATED)
clkbuf_6_26__f_clk/X                     10     14     -4 (VIOLATED)
clkbuf_6_39__f_clk/X                     10     14     -4 (VIOLATED)
clkbuf_6_3__f_clk/X                      10     14     -4 (VIOLATED)
clkbuf_6_42__f_clk/X                     10     14     -4 (VIOLATED)
clkbuf_6_51__f_clk/X                     10     14     -4 (VIOLATED)
clkbuf_6_6__f_clk/X                      10     14     -4 (VIOLATED)
clkbuf_leaf_127_clk/X                    10     14     -4 (VIOLATED)
clkbuf_leaf_18_clk/X                     10     14     -4 (VIOLATED)
clkbuf_leaf_200_clk/X                    10     14     -4 (VIOLATED)
clkbuf_leaf_283_clk/X                    10     14     -4 (VIOLATED)
clkbuf_leaf_335_clk/X                    10     14     -4 (VIOLATED)
clkbuf_leaf_339_clk/X                    10     14     -4 (VIOLATED)
clkbuf_leaf_342_clk/X                    10     14     -4 (VIOLATED)
clkbuf_leaf_38_clk/X                     10     14     -4 (VIOLATED)
clkbuf_leaf_469_clk/X                    10     14     -4 (VIOLATED)
clkbuf_leaf_483_clk/X                    10     14     -4 (VIOLATED)
clkbuf_leaf_544_clk/X                    10     14     -4 (VIOLATED)
clkbuf_leaf_548_clk/X                    10     14     -4 (VIOLATED)
clkbuf_leaf_549_clk/X                    10     14     -4 (VIOLATED)
clkbuf_leaf_556_clk/X                    10     14     -4 (VIOLATED)
clkbuf_leaf_77_clk/X                     10     14     -4 (VIOLATED)
clkbuf_leaf_92_clk/X                     10     14     -4 (VIOLATED)
clkbuf_leaf_98_clk/X                     10     14     -4 (VIOLATED)
fanout1001/X                             10     14     -4 (VIOLATED)
fanout1047/X                             10     14     -4 (VIOLATED)
fanout1066/X                             10     14     -4 (VIOLATED)
fanout1070/X                             10     14     -4 (VIOLATED)
fanout481/X                              10     14     -4 (VIOLATED)
fanout516/X                              10     14     -4 (VIOLATED)
fanout547/X                              10     14     -4 (VIOLATED)
fanout600/X                              10     14     -4 (VIOLATED)
fanout623/X                              10     14     -4 (VIOLATED)
fanout631/X                              10     14     -4 (VIOLATED)
fanout636/X                              10     14     -4 (VIOLATED)
fanout642/X                              10     14     -4 (VIOLATED)
fanout672/X                              10     14     -4 (VIOLATED)
fanout697/X                              10     14     -4 (VIOLATED)
fanout698/X                              10     14     -4 (VIOLATED)
fanout849/X                              10     14     -4 (VIOLATED)
fanout850/X                              10     14     -4 (VIOLATED)
fanout915/X                              10     14     -4 (VIOLATED)
fanout929/X                              10     14     -4 (VIOLATED)
fanout983/X                              10     14     -4 (VIOLATED)
input68/X                                10     14     -4 (VIOLATED)
input69/X                                10     14     -4 (VIOLATED)
input70/X                                10     14     -4 (VIOLATED)
input71/X                                10     14     -4 (VIOLATED)
input73/X                                10     14     -4 (VIOLATED)
input82/X                                10     14     -4 (VIOLATED)
clkbuf_leaf_132_clk/X                    10     13     -3 (VIOLATED)
clkbuf_leaf_150_clk/X                    10     13     -3 (VIOLATED)
clkbuf_leaf_170_clk/X                    10     13     -3 (VIOLATED)
clkbuf_leaf_171_clk/X                    10     13     -3 (VIOLATED)
clkbuf_leaf_21_clk/X                     10     13     -3 (VIOLATED)
clkbuf_leaf_220_clk/X                    10     13     -3 (VIOLATED)
clkbuf_leaf_234_clk/X                    10     13     -3 (VIOLATED)
clkbuf_leaf_237_clk/X                    10     13     -3 (VIOLATED)
clkbuf_leaf_241_clk/X                    10     13     -3 (VIOLATED)
clkbuf_leaf_249_clk/X                    10     13     -3 (VIOLATED)
clkbuf_leaf_257_clk/X                    10     13     -3 (VIOLATED)
clkbuf_leaf_280_clk/X                    10     13     -3 (VIOLATED)
clkbuf_leaf_292_clk/X                    10     13     -3 (VIOLATED)
clkbuf_leaf_311_clk/X                    10     13     -3 (VIOLATED)
clkbuf_leaf_327_clk/X                    10     13     -3 (VIOLATED)
clkbuf_leaf_336_clk/X                    10     13     -3 (VIOLATED)
clkbuf_leaf_366_clk/X                    10     13     -3 (VIOLATED)
clkbuf_leaf_372_clk/X                    10     13     -3 (VIOLATED)
clkbuf_leaf_413_clk/X                    10     13     -3 (VIOLATED)
clkbuf_leaf_435_clk/X                    10     13     -3 (VIOLATED)
clkbuf_leaf_440_clk/X                    10     13     -3 (VIOLATED)
clkbuf_leaf_480_clk/X                    10     13     -3 (VIOLATED)
clkbuf_leaf_520_clk/X                    10     13     -3 (VIOLATED)
clkbuf_leaf_521_clk/X                    10     13     -3 (VIOLATED)
clkbuf_leaf_523_clk/X                    10     13     -3 (VIOLATED)
clkbuf_leaf_563_clk/X                    10     13     -3 (VIOLATED)
clkbuf_leaf_78_clk/X                     10     13     -3 (VIOLATED)
_69952_/Q                                10     12     -2 (VIOLATED)
_69953_/Q                                10     12     -2 (VIOLATED)
_69957_/Q                                10     12     -2 (VIOLATED)
_71426_/Q                                10     12     -2 (VIOLATED)
_71730_/Q                                10     12     -2 (VIOLATED)
_71762_/Q                                10     12     -2 (VIOLATED)
_71890_/Q                                10     12     -2 (VIOLATED)
_71918_/Q                                10     12     -2 (VIOLATED)
_71985_/Q                                10     12     -2 (VIOLATED)
_72025_/Q                                10     12     -2 (VIOLATED)
_72065_/Q                                10     12     -2 (VIOLATED)
_72105_/Q                                10     12     -2 (VIOLATED)
_72185_/Q                                10     12     -2 (VIOLATED)
_72592_/Q                                10     12     -2 (VIOLATED)
_72595_/Q                                10     12     -2 (VIOLATED)
_72596_/Q                                10     12     -2 (VIOLATED)
_72967_/Q                                10     12     -2 (VIOLATED)
_72968_/Q                                10     12     -2 (VIOLATED)
_72971_/Q                                10     12     -2 (VIOLATED)
_73153_/Q                                10     12     -2 (VIOLATED)
_73343_/Q                                10     12     -2 (VIOLATED)
_73344_/Q                                10     12     -2 (VIOLATED)
_73719_/Q                                10     12     -2 (VIOLATED)
_73720_/Q                                10     12     -2 (VIOLATED)
_73724_/Q                                10     12     -2 (VIOLATED)
_74095_/Q                                10     12     -2 (VIOLATED)
_74096_/Q                                10     12     -2 (VIOLATED)
_74099_/Q                                10     12     -2 (VIOLATED)
_74100_/Q                                10     12     -2 (VIOLATED)
clkbuf_6_0__f_clk/X                      10     12     -2 (VIOLATED)
clkbuf_6_16__f_clk/X                     10     12     -2 (VIOLATED)
clkbuf_6_1__f_clk/X                      10     12     -2 (VIOLATED)
clkbuf_6_28__f_clk/X                     10     12     -2 (VIOLATED)
clkbuf_6_9__f_clk/X                      10     12     -2 (VIOLATED)
clkbuf_leaf_119_clk/X                    10     12     -2 (VIOLATED)
clkbuf_leaf_229_clk/X                    10     12     -2 (VIOLATED)
clkbuf_leaf_231_clk/X                    10     12     -2 (VIOLATED)
clkbuf_leaf_253_clk/X                    10     12     -2 (VIOLATED)
clkbuf_leaf_271_clk/X                    10     12     -2 (VIOLATED)
clkbuf_leaf_297_clk/X                    10     12     -2 (VIOLATED)
clkbuf_leaf_312_clk/X                    10     12     -2 (VIOLATED)
clkbuf_leaf_348_clk/X                    10     12     -2 (VIOLATED)
clkbuf_leaf_397_clk/X                    10     12     -2 (VIOLATED)
clkbuf_leaf_416_clk/X                    10     12     -2 (VIOLATED)
clkbuf_leaf_434_clk/X                    10     12     -2 (VIOLATED)
clkbuf_leaf_441_clk/X                    10     12     -2 (VIOLATED)
clkbuf_leaf_456_clk/X                    10     12     -2 (VIOLATED)
clkbuf_leaf_490_clk/X                    10     12     -2 (VIOLATED)
clkbuf_leaf_507_clk/X                    10     12     -2 (VIOLATED)
clkbuf_leaf_518_clk/X                    10     12     -2 (VIOLATED)
clkbuf_leaf_524_clk/X                    10     12     -2 (VIOLATED)
clkbuf_leaf_533_clk/X                    10     12     -2 (VIOLATED)
clkbuf_leaf_546_clk/X                    10     12     -2 (VIOLATED)
clkbuf_leaf_547_clk/X                    10     12     -2 (VIOLATED)
clkbuf_leaf_557_clk/X                    10     12     -2 (VIOLATED)
clkbuf_leaf_79_clk/X                     10     12     -2 (VIOLATED)
clkbuf_leaf_83_clk/X                     10     12     -2 (VIOLATED)
clkbuf_leaf_84_clk/X                     10     12     -2 (VIOLATED)
clkbuf_leaf_96_clk/X                     10     12     -2 (VIOLATED)
fanout1003/X                             10     12     -2 (VIOLATED)
fanout1016/X                             10     12     -2 (VIOLATED)
fanout1071/X                             10     12     -2 (VIOLATED)
fanout490/X                              10     12     -2 (VIOLATED)
fanout501/X                              10     12     -2 (VIOLATED)
fanout562/X                              10     12     -2 (VIOLATED)
fanout603/X                              10     12     -2 (VIOLATED)
fanout604/X                              10     12     -2 (VIOLATED)
fanout649/X                              10     12     -2 (VIOLATED)
fanout684/X                              10     12     -2 (VIOLATED)
fanout693/X                              10     12     -2 (VIOLATED)
fanout706/X                              10     12     -2 (VIOLATED)
fanout720/X                              10     12     -2 (VIOLATED)
fanout726/X                              10     12     -2 (VIOLATED)
fanout731/X                              10     12     -2 (VIOLATED)
fanout740/X                              10     12     -2 (VIOLATED)
fanout774/X                              10     12     -2 (VIOLATED)
fanout817/X                              10     12     -2 (VIOLATED)
fanout832/X                              10     12     -2 (VIOLATED)
fanout840/X                              10     12     -2 (VIOLATED)
fanout855/X                              10     12     -2 (VIOLATED)
fanout867/X                              10     12     -2 (VIOLATED)
fanout997/X                              10     12     -2 (VIOLATED)
max_cap350/X                             10     12     -2 (VIOLATED)
wire349/X                                10     12     -2 (VIOLATED)
clkbuf_leaf_139_clk/X                    10     11        (VIOLATED)
clkbuf_leaf_13_clk/X                     10     11        (VIOLATED)
clkbuf_leaf_162_clk/X                    10     11        (VIOLATED)
clkbuf_leaf_17_clk/X                     10     11        (VIOLATED)
clkbuf_leaf_226_clk/X                    10     11        (VIOLATED)
clkbuf_leaf_230_clk/X                    10     11        (VIOLATED)
clkbuf_leaf_256_clk/X                    10     11        (VIOLATED)
clkbuf_leaf_273_clk/X                    10     11        (VIOLATED)
clkbuf_leaf_284_clk/X                    10     11        (VIOLATED)
clkbuf_leaf_286_clk/X                    10     11        (VIOLATED)
clkbuf_leaf_298_clk/X                    10     11        (VIOLATED)
clkbuf_leaf_305_clk/X                    10     11        (VIOLATED)
clkbuf_leaf_307_clk/X                    10     11        (VIOLATED)
clkbuf_leaf_310_clk/X                    10     11        (VIOLATED)
clkbuf_leaf_323_clk/X                    10     11        (VIOLATED)
clkbuf_leaf_345_clk/X                    10     11        (VIOLATED)
clkbuf_leaf_355_clk/X                    10     11        (VIOLATED)
clkbuf_leaf_402_clk/X                    10     11        (VIOLATED)
clkbuf_leaf_40_clk/X                     10     11        (VIOLATED)
clkbuf_leaf_42_clk/X                     10     11        (VIOLATED)
clkbuf_leaf_432_clk/X                    10     11        (VIOLATED)
clkbuf_leaf_444_clk/X                    10     11        (VIOLATED)
clkbuf_leaf_468_clk/X                    10     11        (VIOLATED)
clkbuf_leaf_472_clk/X                    10     11        (VIOLATED)
clkbuf_leaf_503_clk/X                    10     11        (VIOLATED)
clkbuf_leaf_510_clk/X                    10     11        (VIOLATED)
clkbuf_leaf_531_clk/X                    10     11        (VIOLATED)
clkbuf_leaf_532_clk/X                    10     11        (VIOLATED)
clkbuf_leaf_545_clk/X                    10     11        (VIOLATED)
clkbuf_leaf_572_clk/X                    10     11        (VIOLATED)
clkbuf_leaf_578_clk/X                    10     11        (VIOLATED)
clkbuf_leaf_580_clk/X                    10     11        (VIOLATED)
clkbuf_leaf_59_clk/X                     10     11        (VIOLATED)
clkbuf_leaf_65_clk/X                     10     11        (VIOLATED)
clkbuf_leaf_68_clk/X                     10     11        (VIOLATED)
clkbuf_leaf_72_clk/X                     10     11        (VIOLATED)
clkbuf_leaf_89_clk/X                     10     11        (VIOLATED)
clkbuf_leaf_90_clk/X                     10     11        (VIOLATED)



===========================================================================
report_parasitic_annotation -report_unannotated
============================================================================
Found 0 unannotated drivers.
Found 0 partially unannotated drivers.

===========================================================================
max slew violation count 49
max fanout violation count 1102
max cap violation count 0
============================================================================

===========================================================================
check_setup -verbose -unconstrained_endpoints -multiple_clock -no_clock -no_input_delay -loops -generated_clocks
===========================================================================
