
===========================================================================
 report_power
============================================================================
======================= Fastest Corner ===================================

Group                  Internal  Switching    Leakage      Total
                          Power      Power      Power      Power (Watts)
----------------------------------------------------------------
Sequential             2.68e-04   6.53e-05   2.17e-07   3.33e-04  40.2%
Combinational          2.75e-04   2.21e-04   3.16e-09   4.96e-04  59.8%
Macro                  0.00e+00   0.00e+00   0.00e+00   0.00e+00   0.0%
Pad                    0.00e+00   0.00e+00   0.00e+00   0.00e+00   0.0%
----------------------------------------------------------------
Total                  5.43e-04   2.86e-04   2.20e-07   8.29e-04 100.0%
                          65.4%      34.5%       0.0%

======================= Slowest Corner ===================================

Group                  Internal  Switching    Leakage      Total
                          Power      Power      Power      Power (Watts)
----------------------------------------------------------------
Sequential             1.79e-04   4.25e-05   8.66e-07   2.23e-04  39.5%
Combinational          1.97e-04   1.43e-04   1.26e-06   3.42e-04  60.5%
Macro                  0.00e+00   0.00e+00   0.00e+00   0.00e+00   0.0%
Pad                    0.00e+00   0.00e+00   0.00e+00   0.00e+00   0.0%
----------------------------------------------------------------
Total                  3.77e-04   1.86e-04   2.13e-06   5.65e-04 100.0%
                          66.7%      32.9%       0.4%

======================= Typical Corner ===================================

Group                  Internal  Switching    Leakage      Total
                          Power      Power      Power      Power (Watts)
----------------------------------------------------------------
Sequential             2.31e-04   5.46e-05   2.17e-07   2.86e-04  40.0%
Combinational          2.43e-04   1.85e-04   2.16e-09   4.29e-04  60.0%
Macro                  0.00e+00   0.00e+00   0.00e+00   0.00e+00   0.0%
Pad                    0.00e+00   0.00e+00   0.00e+00   0.00e+00   0.0%
----------------------------------------------------------------
Total                  4.75e-04   2.40e-04   2.19e-07   7.15e-04 100.0%
                          66.4%      33.5%       0.0%

