
===========================================================================
report_checks -path_delay min (Hold)
============================================================================
======================= Fastest Corner ===================================

Startpoint: b[0] (input port clocked by __VIRTUAL_CLK__)
Endpoint: result[0] (output port clocked by __VIRTUAL_CLK__)
Path Group: __VIRTUAL_CLK__
Path Type: min
Corner: Fastest

Fanout     Cap    Slew   Delay    Time   Description
-----------------------------------------------------------------------------
                  0.00    0.00    0.00   clock __VIRTUAL_CLK__ (rise edge)
                          0.00    0.00   clock network delay (ideal)
                          2.00    2.00 v input external delay
                  0.01    0.00    2.00 v b[0] (in)
     1    0.00                           b[0] (net)
                  0.01    0.00    2.00 v input5/A (sky130_fd_sc_hd__clkbuf_2)
                  0.07    0.09    2.09 v input5/X (sky130_fd_sc_hd__clkbuf_2)
     7    0.02                           net5 (net)
                  0.07    0.00    2.10 v _061_/A (sky130_fd_sc_hd__nand2_1)
                  0.03    0.05    2.14 ^ _061_/Y (sky130_fd_sc_hd__nand2_1)
     1    0.00                           _004_ (net)
                  0.03    0.00    2.14 ^ _070_/A3 (sky130_fd_sc_hd__a31o_1)
                  0.09    0.12    2.26 ^ _070_/X (sky130_fd_sc_hd__a31o_1)
     2    0.01                           net12 (net)
                  0.09    0.00    2.26 ^ output12/A (sky130_fd_sc_hd__clkbuf_4)
                  0.09    0.14    2.40 ^ output12/X (sky130_fd_sc_hd__clkbuf_4)
     1    0.04                           result[0] (net)
                  0.09    0.00    2.40 ^ result[0] (out)
                                  2.40   data arrival time

                  0.00    0.00    0.00   clock __VIRTUAL_CLK__ (rise edge)
                          0.00    0.00   clock network delay (ideal)
                          0.25    0.25   clock uncertainty
                          0.00    0.25   clock reconvergence pessimism
                         -2.00   -1.75   output external delay
                                 -1.75   data required time
-----------------------------------------------------------------------------
                                 -1.75   data required time
                                 -2.40   data arrival time
-----------------------------------------------------------------------------
                                  4.15   slack (MET)


Startpoint: op[1] (input port clocked by __VIRTUAL_CLK__)
Endpoint: result[2] (output port clocked by __VIRTUAL_CLK__)
Path Group: __VIRTUAL_CLK__
Path Type: min
Corner: Fastest

Fanout     Cap    Slew   Delay    Time   Description
-----------------------------------------------------------------------------
                  0.00    0.00    0.00   clock __VIRTUAL_CLK__ (rise edge)
                          0.00    0.00   clock network delay (ideal)
                          2.00    2.00 ^ input external delay
                  0.01    0.01    2.01 ^ op[1] (in)
     1    0.00                           op[1] (net)
                  0.01    0.00    2.01 ^ input10/A (sky130_fd_sc_hd__clkbuf_2)
                  0.12    0.12    2.12 ^ input10/X (sky130_fd_sc_hd__clkbuf_2)
     8    0.03                           net10 (net)
                  0.12    0.00    2.12 ^ _089_/B (sky130_fd_sc_hd__nor2_1)
                  0.04    0.04    2.16 v _089_/Y (sky130_fd_sc_hd__nor2_1)
     2    0.01                           _030_ (net)
                  0.04    0.00    2.16 v _102_/A1 (sky130_fd_sc_hd__a31o_1)
                  0.04    0.13    2.29 v _102_/X (sky130_fd_sc_hd__a31o_1)
     2    0.01                           net14 (net)
                  0.04    0.00    2.29 v output14/A (sky130_fd_sc_hd__clkbuf_4)
                  0.06    0.12    2.41 v output14/X (sky130_fd_sc_hd__clkbuf_4)
     1    0.03                           result[2] (net)
                  0.06    0.00    2.41 v result[2] (out)
                                  2.41   data arrival time

                  0.00    0.00    0.00   clock __VIRTUAL_CLK__ (rise edge)
                          0.00    0.00   clock network delay (ideal)
                          0.25    0.25   clock uncertainty
                          0.00    0.25   clock reconvergence pessimism
                         -2.00   -1.75   output external delay
                                 -1.75   data required time
-----------------------------------------------------------------------------
                                 -1.75   data required time
                                 -2.41   data arrival time
-----------------------------------------------------------------------------
                                  4.16   slack (MET)


Startpoint: b[1] (input port clocked by __VIRTUAL_CLK__)
Endpoint: result[1] (output port clocked by __VIRTUAL_CLK__)
Path Group: __VIRTUAL_CLK__
Path Type: min
Corner: Fastest

Fanout     Cap    Slew   Delay    Time   Description
-----------------------------------------------------------------------------
                  0.00    0.00    0.00   clock __VIRTUAL_CLK__ (rise edge)
                          0.00    0.00   clock network delay (ideal)
                          2.00    2.00 ^ input external delay
                  0.02    0.01    2.01 ^ b[1] (in)
     1    0.00                           b[1] (net)
                  0.02    0.00    2.01 ^ input6/A (sky130_fd_sc_hd__clkbuf_2)
                  0.10    0.11    2.12 ^ input6/X (sky130_fd_sc_hd__clkbuf_2)
     6    0.02                           net6 (net)
                  0.10    0.00    2.12 ^ _082_/A2 (sky130_fd_sc_hd__o22a_1)
                  0.03    0.07    2.19 ^ _082_/X (sky130_fd_sc_hd__o22a_1)
     1    0.00                           _024_ (net)
                  0.03    0.00    2.19 ^ _087_/B (sky130_fd_sc_hd__or3_1)
                  0.03    0.06    2.25 ^ _087_/X (sky130_fd_sc_hd__or3_1)
     1    0.00                           _029_ (net)
                  0.03    0.00    2.25 ^ _088_/A (sky130_fd_sc_hd__buf_1)
                  0.08    0.08    2.33 ^ _088_/X (sky130_fd_sc_hd__buf_1)
     2    0.01                           net13 (net)
                  0.08    0.00    2.33 ^ output13/A (sky130_fd_sc_hd__clkbuf_4)
                  0.08    0.13    2.46 ^ output13/X (sky130_fd_sc_hd__clkbuf_4)
     1    0.03                           result[1] (net)
                  0.08    0.00    2.46 ^ result[1] (out)
                                  2.46   data arrival time

                  0.00    0.00    0.00   clock __VIRTUAL_CLK__ (rise edge)
                          0.00    0.00   clock network delay (ideal)
                          0.25    0.25   clock uncertainty
                          0.00    0.25   clock reconvergence pessimism
                         -2.00   -1.75   output external delay
                                 -1.75   data required time
-----------------------------------------------------------------------------
                                 -1.75   data required time
                                 -2.46   data arrival time
-----------------------------------------------------------------------------
                                  4.21   slack (MET)


Startpoint: a[2] (input port clocked by __VIRTUAL_CLK__)
Endpoint: result[3] (output port clocked by __VIRTUAL_CLK__)
Path Group: __VIRTUAL_CLK__
Path Type: min
Corner: Fastest

Fanout     Cap    Slew   Delay    Time   Description
-----------------------------------------------------------------------------
                  0.00    0.00    0.00   clock __VIRTUAL_CLK__ (rise edge)
                          0.00    0.00   clock network delay (ideal)
                          2.00    2.00 ^ input external delay
                  0.01    0.01    2.01 ^ a[2] (in)
     1    0.00                           a[2] (net)
                  0.01    0.00    2.01 ^ input3/A (sky130_fd_sc_hd__buf_2)
                  0.12    0.12    2.13 ^ input3/X (sky130_fd_sc_hd__buf_2)
     8    0.03                           net3 (net)
                  0.12    0.00    2.13 ^ _115_/A1 (sky130_fd_sc_hd__a211o_1)
                  0.04    0.09    2.22 ^ _115_/X (sky130_fd_sc_hd__a211o_1)
     2    0.01                           _055_ (net)
                  0.04    0.00    2.22 ^ _116_/B (sky130_fd_sc_hd__and2_1)
                  0.04    0.07    2.30 ^ _116_/X (sky130_fd_sc_hd__and2_1)
     1    0.00                           _056_ (net)
                  0.04    0.00    2.30 ^ _117_/A (sky130_fd_sc_hd__clkbuf_1)
                  0.04    0.05    2.35 ^ _117_/X (sky130_fd_sc_hd__clkbuf_1)
     1    0.00                           net15 (net)
                  0.04    0.00    2.35 ^ output15/A (sky130_fd_sc_hd__clkbuf_4)
                  0.08    0.12    2.47 ^ output15/X (sky130_fd_sc_hd__clkbuf_4)
     1    0.03                           result[3] (net)
                  0.08    0.00    2.47 ^ result[3] (out)
                                  2.47   data arrival time

                  0.00    0.00    0.00   clock __VIRTUAL_CLK__ (rise edge)
                          0.00    0.00   clock network delay (ideal)
                          0.25    0.25   clock uncertainty
                          0.00    0.25   clock reconvergence pessimism
                         -2.00   -1.75   output external delay
                                 -1.75   data required time
-----------------------------------------------------------------------------
                                 -1.75   data required time
                                 -2.47   data arrival time
-----------------------------------------------------------------------------
                                  4.22   slack (MET)


Startpoint: a[2] (input port clocked by __VIRTUAL_CLK__)
Endpoint: zero (output port clocked by __VIRTUAL_CLK__)
Path Group: __VIRTUAL_CLK__
Path Type: min
Corner: Fastest

Fanout     Cap    Slew   Delay    Time   Description
-----------------------------------------------------------------------------
                  0.00    0.00    0.00   clock __VIRTUAL_CLK__ (rise edge)
                          0.00    0.00   clock network delay (ideal)
                          2.00    2.00 ^ input external delay
                  0.01    0.01    2.01 ^ a[2] (in)
     1    0.00                           a[2] (net)
                  0.01    0.00    2.01 ^ input3/A (sky130_fd_sc_hd__buf_2)
                  0.12    0.12    2.13 ^ input3/X (sky130_fd_sc_hd__buf_2)
     8    0.03                           net3 (net)
                  0.12    0.00    2.13 ^ _115_/A1 (sky130_fd_sc_hd__a211o_1)
                  0.04    0.09    2.22 ^ _115_/X (sky130_fd_sc_hd__a211o_1)
     2    0.01                           _055_ (net)
                  0.04    0.00    2.22 ^ _118_/A2 (sky130_fd_sc_hd__a2111oi_1)
                  0.03    0.04    2.26 v _118_/Y (sky130_fd_sc_hd__a2111oi_1)
     1    0.00                           net16 (net)
                  0.03    0.00    2.26 v wire19/A (sky130_fd_sc_hd__clkbuf_1)
                  0.03    0.06    2.32 v wire19/X (sky130_fd_sc_hd__clkbuf_1)
     1    0.01                           net19 (net)
                  0.03    0.00    2.32 v wire18/A (sky130_fd_sc_hd__clkbuf_1)
                  0.02    0.06    2.38 v wire18/X (sky130_fd_sc_hd__clkbuf_1)
     1    0.00                           net18 (net)
                  0.02    0.00    2.38 v wire17/A (sky130_fd_sc_hd__clkbuf_1)
                  0.02    0.05    2.43 v wire17/X (sky130_fd_sc_hd__clkbuf_1)
     1    0.00                           net17 (net)
                  0.02    0.00    2.43 v output16/A (sky130_fd_sc_hd__clkbuf_4)
                  0.06    0.11    2.55 v output16/X (sky130_fd_sc_hd__clkbuf_4)
     1    0.03                           zero (net)
                  0.06    0.00    2.55 v zero (out)
                                  2.55   data arrival time

                  0.00    0.00    0.00   clock __VIRTUAL_CLK__ (rise edge)
                          0.00    0.00   clock network delay (ideal)
                          0.25    0.25   clock uncertainty
                          0.00    0.25   clock reconvergence pessimism
                         -2.00   -1.75   output external delay
                                 -1.75   data required time
-----------------------------------------------------------------------------
                                 -1.75   data required time
                                 -2.55   data arrival time
-----------------------------------------------------------------------------
                                  4.30   slack (MET)



======================= Slowest Corner ===================================

Startpoint: b[0] (input port clocked by __VIRTUAL_CLK__)
Endpoint: result[0] (output port clocked by __VIRTUAL_CLK__)
Path Group: __VIRTUAL_CLK__
Path Type: min
Corner: Slowest

Fanout     Cap    Slew   Delay    Time   Description
-----------------------------------------------------------------------------
                  0.00    0.00    0.00   clock __VIRTUAL_CLK__ (rise edge)
                          0.00    0.00   clock network delay (ideal)
                          2.00    2.00 v input external delay
                  0.02    0.01    2.01 v b[0] (in)
     1    0.00                           b[0] (net)
                  0.02    0.00    2.01 v input5/A (sky130_fd_sc_hd__clkbuf_2)
                  0.17    0.25    2.26 v input5/X (sky130_fd_sc_hd__clkbuf_2)
     7    0.02                           net5 (net)
                  0.17    0.00    2.26 v _061_/A (sky130_fd_sc_hd__nand2_1)
                  0.08    0.13    2.39 ^ _061_/Y (sky130_fd_sc_hd__nand2_1)
     1    0.00                           _004_ (net)
                  0.08    0.00    2.39 ^ _070_/A3 (sky130_fd_sc_hd__a31o_1)
                  0.19    0.38    2.77 ^ _070_/X (sky130_fd_sc_hd__a31o_1)
     2    0.01                           net12 (net)
                  0.19    0.00    2.77 ^ output12/A (sky130_fd_sc_hd__clkbuf_4)
                  0.18    0.37    3.14 ^ output12/X (sky130_fd_sc_hd__clkbuf_4)
     1    0.04                           result[0] (net)
                  0.18    0.00    3.14 ^ result[0] (out)
                                  3.14   data arrival time

                  0.00    0.00    0.00   clock __VIRTUAL_CLK__ (rise edge)
                          0.00    0.00   clock network delay (ideal)
                          0.25    0.25   clock uncertainty
                          0.00    0.25   clock reconvergence pessimism
                         -2.00   -1.75   output external delay
                                 -1.75   data required time
-----------------------------------------------------------------------------
                                 -1.75   data required time
                                 -3.14   data arrival time
-----------------------------------------------------------------------------
                                  4.89   slack (MET)


Startpoint: op[1] (input port clocked by __VIRTUAL_CLK__)
Endpoint: result[2] (output port clocked by __VIRTUAL_CLK__)
Path Group: __VIRTUAL_CLK__
Path Type: min
Corner: Slowest

Fanout     Cap    Slew   Delay    Time   Description
-----------------------------------------------------------------------------
                  0.00    0.00    0.00   clock __VIRTUAL_CLK__ (rise edge)
                          0.00    0.00   clock network delay (ideal)
                          2.00    2.00 ^ input external delay
                  0.03    0.02    2.02 ^ op[1] (in)
     1    0.00                           op[1] (net)
                  0.03    0.00    2.02 ^ input10/A (sky130_fd_sc_hd__clkbuf_2)
                  0.23    0.27    2.29 ^ input10/X (sky130_fd_sc_hd__clkbuf_2)
     8    0.03                           net10 (net)
                  0.23    0.00    2.29 ^ _089_/B (sky130_fd_sc_hd__nor2_1)
                  0.08    0.15    2.44 v _089_/Y (sky130_fd_sc_hd__nor2_1)
     2    0.01                           _030_ (net)
                  0.08    0.00    2.44 v _102_/A1 (sky130_fd_sc_hd__a31o_1)
                  0.12    0.37    2.81 v _102_/X (sky130_fd_sc_hd__a31o_1)
     2    0.01                           net14 (net)
                  0.12    0.00    2.81 v output14/A (sky130_fd_sc_hd__clkbuf_4)
                  0.14    0.33    3.14 v output14/X (sky130_fd_sc_hd__clkbuf_4)
     1    0.03                           result[2] (net)
                  0.14    0.00    3.14 v result[2] (out)
                                  3.14   data arrival time

                  0.00    0.00    0.00   clock __VIRTUAL_CLK__ (rise edge)
                          0.00    0.00   clock network delay (ideal)
                          0.25    0.25   clock uncertainty
                          0.00    0.25   clock reconvergence pessimism
                         -2.00   -1.75   output external delay
                                 -1.75   data required time
-----------------------------------------------------------------------------
                                 -1.75   data required time
                                 -3.14   data arrival time
-----------------------------------------------------------------------------
                                  4.89   slack (MET)


Startpoint: b[1] (input port clocked by __VIRTUAL_CLK__)
Endpoint: result[1] (output port clocked by __VIRTUAL_CLK__)
Path Group: __VIRTUAL_CLK__
Path Type: min
Corner: Slowest

Fanout     Cap    Slew   Delay    Time   Description
-----------------------------------------------------------------------------
                  0.00    0.00    0.00   clock __VIRTUAL_CLK__ (rise edge)
                          0.00    0.00   clock network delay (ideal)
                          2.00    2.00 ^ input external delay
                  0.04    0.02    2.02 ^ b[1] (in)
     1    0.00                           b[1] (net)
                  0.04    0.00    2.02 ^ input6/A (sky130_fd_sc_hd__clkbuf_2)
                  0.21    0.27    2.29 ^ input6/X (sky130_fd_sc_hd__clkbuf_2)
     6    0.02                           net6 (net)
                  0.21    0.00    2.29 ^ _082_/A2 (sky130_fd_sc_hd__o22a_1)
                  0.06    0.27    2.56 ^ _082_/X (sky130_fd_sc_hd__o22a_1)
     1    0.00                           _024_ (net)
                  0.06    0.00    2.56 ^ _087_/B (sky130_fd_sc_hd__or3_1)
                  0.06    0.15    2.71 ^ _087_/X (sky130_fd_sc_hd__or3_1)
     1    0.00                           _029_ (net)
                  0.06    0.00    2.71 ^ _088_/A (sky130_fd_sc_hd__buf_1)
                  0.18    0.21    2.93 ^ _088_/X (sky130_fd_sc_hd__buf_1)
     2    0.01                           net13 (net)
                  0.18    0.00    2.93 ^ output13/A (sky130_fd_sc_hd__clkbuf_4)
                  0.18    0.36    3.29 ^ output13/X (sky130_fd_sc_hd__clkbuf_4)
     1    0.03                           result[1] (net)
                  0.18    0.00    3.29 ^ result[1] (out)
                                  3.29   data arrival time

                  0.00    0.00    0.00   clock __VIRTUAL_CLK__ (rise edge)
                          0.00    0.00   clock network delay (ideal)
                          0.25    0.25   clock uncertainty
                          0.00    0.25   clock reconvergence pessimism
                         -2.00   -1.75   output external delay
                                 -1.75   data required time
-----------------------------------------------------------------------------
                                 -1.75   data required time
                                 -3.29   data arrival time
-----------------------------------------------------------------------------
                                  5.04   slack (MET)


Startpoint: a[2] (input port clocked by __VIRTUAL_CLK__)
Endpoint: result[3] (output port clocked by __VIRTUAL_CLK__)
Path Group: __VIRTUAL_CLK__
Path Type: min
Corner: Slowest

Fanout     Cap    Slew   Delay    Time   Description
-----------------------------------------------------------------------------
                  0.00    0.00    0.00   clock __VIRTUAL_CLK__ (rise edge)
                          0.00    0.00   clock network delay (ideal)
                          2.00    2.00 ^ input external delay
                  0.03    0.01    2.01 ^ a[2] (in)
     1    0.00                           a[2] (net)
                  0.03    0.00    2.01 ^ input3/A (sky130_fd_sc_hd__buf_2)
                  0.26    0.30    2.31 ^ input3/X (sky130_fd_sc_hd__buf_2)
     8    0.03                           net3 (net)
                  0.26    0.00    2.32 ^ _115_/A1 (sky130_fd_sc_hd__a211o_1)
                  0.09    0.31    2.63 ^ _115_/X (sky130_fd_sc_hd__a211o_1)
     2    0.01                           _055_ (net)
                  0.09    0.00    2.63 ^ _116_/B (sky130_fd_sc_hd__and2_1)
                  0.09    0.23    2.86 ^ _116_/X (sky130_fd_sc_hd__and2_1)
     1    0.00                           _056_ (net)
                  0.09    0.00    2.86 ^ _117_/A (sky130_fd_sc_hd__clkbuf_1)
                  0.08    0.16    3.02 ^ _117_/X (sky130_fd_sc_hd__clkbuf_1)
     1    0.00                           net15 (net)
                  0.08    0.00    3.02 ^ output15/A (sky130_fd_sc_hd__clkbuf_4)
                  0.18    0.32    3.34 ^ output15/X (sky130_fd_sc_hd__clkbuf_4)
     1    0.03                           result[3] (net)
                  0.18    0.00    3.34 ^ result[3] (out)
                                  3.34   data arrival time

                  0.00    0.00    0.00   clock __VIRTUAL_CLK__ (rise edge)
                          0.00    0.00   clock network delay (ideal)
                          0.25    0.25   clock uncertainty
                          0.00    0.25   clock reconvergence pessimism
                         -2.00   -1.75   output external delay
                                 -1.75   data required time
-----------------------------------------------------------------------------
                                 -1.75   data required time
                                 -3.34   data arrival time
-----------------------------------------------------------------------------
                                  5.09   slack (MET)


Startpoint: a[2] (input port clocked by __VIRTUAL_CLK__)
Endpoint: zero (output port clocked by __VIRTUAL_CLK__)
Path Group: __VIRTUAL_CLK__
Path Type: min
Corner: Slowest

Fanout     Cap    Slew   Delay    Time   Description
-----------------------------------------------------------------------------
                  0.00    0.00    0.00   clock __VIRTUAL_CLK__ (rise edge)
                          0.00    0.00   clock network delay (ideal)
                          2.00    2.00 ^ input external delay
                  0.03    0.01    2.01 ^ a[2] (in)
     1    0.00                           a[2] (net)
                  0.03    0.00    2.01 ^ input3/A (sky130_fd_sc_hd__buf_2)
                  0.26    0.30    2.31 ^ input3/X (sky130_fd_sc_hd__buf_2)
     8    0.03                           net3 (net)
                  0.26    0.00    2.32 ^ _115_/A1 (sky130_fd_sc_hd__a211o_1)
                  0.09    0.31    2.63 ^ _115_/X (sky130_fd_sc_hd__a211o_1)
     2    0.01                           _055_ (net)
                  0.09    0.00    2.63 ^ _118_/A2 (sky130_fd_sc_hd__a2111oi_1)
                  0.07    0.14    2.77 v _118_/Y (sky130_fd_sc_hd__a2111oi_1)
     1    0.00                           net16 (net)
                  0.07    0.00    2.77 v wire19/A (sky130_fd_sc_hd__clkbuf_1)
                  0.08    0.17    2.95 v wire19/X (sky130_fd_sc_hd__clkbuf_1)
     1    0.01                           net19 (net)
                  0.08    0.00    2.95 v wire18/A (sky130_fd_sc_hd__clkbuf_1)
                  0.06    0.16    3.11 v wire18/X (sky130_fd_sc_hd__clkbuf_1)
     1    0.00                           net18 (net)
                  0.06    0.00    3.11 v wire17/A (sky130_fd_sc_hd__clkbuf_1)
                  0.06    0.16    3.27 v wire17/X (sky130_fd_sc_hd__clkbuf_1)
     1    0.00                           net17 (net)
                  0.06    0.00    3.27 v output16/A (sky130_fd_sc_hd__clkbuf_4)
                  0.14    0.31    3.58 v output16/X (sky130_fd_sc_hd__clkbuf_4)
     1    0.03                           zero (net)
                  0.14    0.00    3.58 v zero (out)
                                  3.58   data arrival time

                  0.00    0.00    0.00   clock __VIRTUAL_CLK__ (rise edge)
                          0.00    0.00   clock network delay (ideal)
                          0.25    0.25   clock uncertainty
                          0.00    0.25   clock reconvergence pessimism
                         -2.00   -1.75   output external delay
                                 -1.75   data required time
-----------------------------------------------------------------------------
                                 -1.75   data required time
                                 -3.58   data arrival time
-----------------------------------------------------------------------------
                                  5.33   slack (MET)



======================= Typical Corner ===================================

Startpoint: b[0] (input port clocked by __VIRTUAL_CLK__)
Endpoint: result[0] (output port clocked by __VIRTUAL_CLK__)
Path Group: __VIRTUAL_CLK__
Path Type: min
Corner: Typical

Fanout     Cap    Slew   Delay    Time   Description
-----------------------------------------------------------------------------
                  0.00    0.00    0.00   clock __VIRTUAL_CLK__ (rise edge)
                          0.00    0.00   clock network delay (ideal)
                          2.00    2.00 v input external delay
                  0.01    0.00    2.00 v b[0] (in)
     1    0.00                           b[0] (net)
                  0.01    0.00    2.00 v input5/A (sky130_fd_sc_hd__clkbuf_2)
                  0.09    0.14    2.14 v input5/X (sky130_fd_sc_hd__clkbuf_2)
     7    0.02                           net5 (net)
                  0.09    0.00    2.14 v _061_/A (sky130_fd_sc_hd__nand2_1)
                  0.05    0.07    2.21 ^ _061_/Y (sky130_fd_sc_hd__nand2_1)
     1    0.00                           _004_ (net)
                  0.05    0.00    2.21 ^ _070_/A3 (sky130_fd_sc_hd__a31o_1)
                  0.12    0.19    2.40 ^ _070_/X (sky130_fd_sc_hd__a31o_1)
     2    0.01                           net12 (net)
                  0.12    0.00    2.40 ^ output12/A (sky130_fd_sc_hd__clkbuf_4)
                  0.11    0.20    2.60 ^ output12/X (sky130_fd_sc_hd__clkbuf_4)
     1    0.04                           result[0] (net)
                  0.11    0.00    2.60 ^ result[0] (out)
                                  2.60   data arrival time

                  0.00    0.00    0.00   clock __VIRTUAL_CLK__ (rise edge)
                          0.00    0.00   clock network delay (ideal)
                          0.25    0.25   clock uncertainty
                          0.00    0.25   clock reconvergence pessimism
                         -2.00   -1.75   output external delay
                                 -1.75   data required time
-----------------------------------------------------------------------------
                                 -1.75   data required time
                                 -2.60   data arrival time
-----------------------------------------------------------------------------
                                  4.35   slack (MET)


Startpoint: op[1] (input port clocked by __VIRTUAL_CLK__)
Endpoint: result[2] (output port clocked by __VIRTUAL_CLK__)
Path Group: __VIRTUAL_CLK__
Path Type: min
Corner: Typical

Fanout     Cap    Slew   Delay    Time   Description
-----------------------------------------------------------------------------
                  0.00    0.00    0.00   clock __VIRTUAL_CLK__ (rise edge)
                          0.00    0.00   clock network delay (ideal)
                          2.00    2.00 ^ input external delay
                  0.02    0.01    2.01 ^ op[1] (in)
     1    0.00                           op[1] (net)
                  0.02    0.00    2.01 ^ input10/A (sky130_fd_sc_hd__clkbuf_2)
                  0.15    0.16    2.17 ^ input10/X (sky130_fd_sc_hd__clkbuf_2)
     8    0.03                           net10 (net)
                  0.15    0.00    2.17 ^ _089_/B (sky130_fd_sc_hd__nor2_1)
                  0.05    0.07    2.24 v _089_/Y (sky130_fd_sc_hd__nor2_1)
     2    0.01                           _030_ (net)
                  0.05    0.00    2.25 v _102_/A1 (sky130_fd_sc_hd__a31o_1)
                  0.06    0.20    2.44 v _102_/X (sky130_fd_sc_hd__a31o_1)
     2    0.01                           net14 (net)
                  0.06    0.00    2.44 v output14/A (sky130_fd_sc_hd__clkbuf_4)
                  0.08    0.18    2.62 v output14/X (sky130_fd_sc_hd__clkbuf_4)
     1    0.03                           result[2] (net)
                  0.08    0.00    2.62 v result[2] (out)
                                  2.62   data arrival time

                  0.00    0.00    0.00   clock __VIRTUAL_CLK__ (rise edge)
                          0.00    0.00   clock network delay (ideal)
                          0.25    0.25   clock uncertainty
                          0.00    0.25   clock reconvergence pessimism
                         -2.00   -1.75   output external delay
                                 -1.75   data required time
-----------------------------------------------------------------------------
                                 -1.75   data required time
                                 -2.62   data arrival time
-----------------------------------------------------------------------------
                                  4.37   slack (MET)


Startpoint: b[1] (input port clocked by __VIRTUAL_CLK__)
Endpoint: result[1] (output port clocked by __VIRTUAL_CLK__)
Path Group: __VIRTUAL_CLK__
Path Type: min
Corner: Typical

Fanout     Cap    Slew   Delay    Time   Description
-----------------------------------------------------------------------------
                  0.00    0.00    0.00   clock __VIRTUAL_CLK__ (rise edge)
                          0.00    0.00   clock network delay (ideal)
                          2.00    2.00 ^ input external delay
                  0.02    0.01    2.01 ^ b[1] (in)
     1    0.00                           b[1] (net)
                  0.02    0.00    2.01 ^ input6/A (sky130_fd_sc_hd__clkbuf_2)
                  0.14    0.15    2.17 ^ input6/X (sky130_fd_sc_hd__clkbuf_2)
     6    0.02                           net6 (net)
                  0.14    0.00    2.17 ^ _082_/A2 (sky130_fd_sc_hd__o22a_1)
                  0.04    0.13    2.30 ^ _082_/X (sky130_fd_sc_hd__o22a_1)
     1    0.00                           _024_ (net)
                  0.04    0.00    2.30 ^ _087_/B (sky130_fd_sc_hd__or3_1)
                  0.04    0.08    2.38 ^ _087_/X (sky130_fd_sc_hd__or3_1)
     1    0.00                           _029_ (net)
                  0.04    0.00    2.38 ^ _088_/A (sky130_fd_sc_hd__buf_1)
                  0.11    0.12    2.50 ^ _088_/X (sky130_fd_sc_hd__buf_1)
     2    0.01                           net13 (net)
                  0.11    0.00    2.50 ^ output13/A (sky130_fd_sc_hd__clkbuf_4)
                  0.11    0.20    2.70 ^ output13/X (sky130_fd_sc_hd__clkbuf_4)
     1    0.03                           result[1] (net)
                  0.11    0.00    2.70 ^ result[1] (out)
                                  2.70   data arrival time

                  0.00    0.00    0.00   clock __VIRTUAL_CLK__ (rise edge)
                          0.00    0.00   clock network delay (ideal)
                          0.25    0.25   clock uncertainty
                          0.00    0.25   clock reconvergence pessimism
                         -2.00   -1.75   output external delay
                                 -1.75   data required time
-----------------------------------------------------------------------------
                                 -1.75   data required time
                                 -2.70   data arrival time
-----------------------------------------------------------------------------
                                  4.45   slack (MET)


Startpoint: a[2] (input port clocked by __VIRTUAL_CLK__)
Endpoint: result[3] (output port clocked by __VIRTUAL_CLK__)
Path Group: __VIRTUAL_CLK__
Path Type: min
Corner: Typical

Fanout     Cap    Slew   Delay    Time   Description
-----------------------------------------------------------------------------
                  0.00    0.00    0.00   clock __VIRTUAL_CLK__ (rise edge)
                          0.00    0.00   clock network delay (ideal)
                          2.00    2.00 ^ input external delay
                  0.02    0.01    2.01 ^ a[2] (in)
     1    0.00                           a[2] (net)
                  0.02    0.00    2.01 ^ input3/A (sky130_fd_sc_hd__buf_2)
                  0.16    0.17    2.18 ^ input3/X (sky130_fd_sc_hd__buf_2)
     8    0.03                           net3 (net)
                  0.16    0.00    2.18 ^ _115_/A1 (sky130_fd_sc_hd__a211o_1)
                  0.06    0.15    2.34 ^ _115_/X (sky130_fd_sc_hd__a211o_1)
     2    0.01                           _055_ (net)
                  0.06    0.00    2.34 ^ _116_/B (sky130_fd_sc_hd__and2_1)
                  0.05    0.12    2.45 ^ _116_/X (sky130_fd_sc_hd__and2_1)
     1    0.00                           _056_ (net)
                  0.05    0.00    2.45 ^ _117_/A (sky130_fd_sc_hd__clkbuf_1)
                  0.05    0.08    2.54 ^ _117_/X (sky130_fd_sc_hd__clkbuf_1)
     1    0.00                           net15 (net)
                  0.05    0.00    2.54 ^ output15/A (sky130_fd_sc_hd__clkbuf_4)
                  0.11    0.18    2.72 ^ output15/X (sky130_fd_sc_hd__clkbuf_4)
     1    0.03                           result[3] (net)
                  0.11    0.00    2.72 ^ result[3] (out)
                                  2.72   data arrival time

                  0.00    0.00    0.00   clock __VIRTUAL_CLK__ (rise edge)
                          0.00    0.00   clock network delay (ideal)
                          0.25    0.25   clock uncertainty
                          0.00    0.25   clock reconvergence pessimism
                         -2.00   -1.75   output external delay
                                 -1.75   data required time
-----------------------------------------------------------------------------
                                 -1.75   data required time
                                 -2.72   data arrival time
-----------------------------------------------------------------------------
                                  4.47   slack (MET)


Startpoint: a[2] (input port clocked by __VIRTUAL_CLK__)
Endpoint: zero (output port clocked by __VIRTUAL_CLK__)
Path Group: __VIRTUAL_CLK__
Path Type: min
Corner: Typical

Fanout     Cap    Slew   Delay    Time   Description
-----------------------------------------------------------------------------
                  0.00    0.00    0.00   clock __VIRTUAL_CLK__ (rise edge)
                          0.00    0.00   clock network delay (ideal)
                          2.00    2.00 ^ input external delay
                  0.02    0.01    2.01 ^ a[2] (in)
     1    0.00                           a[2] (net)
                  0.02    0.00    2.01 ^ input3/A (sky130_fd_sc_hd__buf_2)
                  0.16    0.17    2.18 ^ input3/X (sky130_fd_sc_hd__buf_2)
     8    0.03                           net3 (net)
                  0.16    0.00    2.18 ^ _115_/A1 (sky130_fd_sc_hd__a211o_1)
                  0.06    0.15    2.34 ^ _115_/X (sky130_fd_sc_hd__a211o_1)
     2    0.01                           _055_ (net)
                  0.06    0.00    2.34 ^ _118_/A2 (sky130_fd_sc_hd__a2111oi_1)
                  0.04    0.06    2.40 v _118_/Y (sky130_fd_sc_hd__a2111oi_1)
     1    0.00                           net16 (net)
                  0.04    0.00    2.40 v wire19/A (sky130_fd_sc_hd__clkbuf_1)
                  0.04    0.09    2.49 v wire19/X (sky130_fd_sc_hd__clkbuf_1)
     1    0.01                           net19 (net)
                  0.04    0.00    2.49 v wire18/A (sky130_fd_sc_hd__clkbuf_1)
                  0.03    0.09    2.58 v wire18/X (sky130_fd_sc_hd__clkbuf_1)
     1    0.00                           net18 (net)
                  0.03    0.00    2.58 v wire17/A (sky130_fd_sc_hd__clkbuf_1)
                  0.03    0.08    2.66 v wire17/X (sky130_fd_sc_hd__clkbuf_1)
     1    0.00                           net17 (net)
                  0.03    0.00    2.66 v output16/A (sky130_fd_sc_hd__clkbuf_4)
                  0.08    0.17    2.83 v output16/X (sky130_fd_sc_hd__clkbuf_4)
     1    0.03                           zero (net)
                  0.08    0.00    2.83 v zero (out)
                                  2.83   data arrival time

                  0.00    0.00    0.00   clock __VIRTUAL_CLK__ (rise edge)
                          0.00    0.00   clock network delay (ideal)
                          0.25    0.25   clock uncertainty
                          0.00    0.25   clock reconvergence pessimism
                         -2.00   -1.75   output external delay
                                 -1.75   data required time
-----------------------------------------------------------------------------
                                 -1.75   data required time
                                 -2.83   data arrival time
-----------------------------------------------------------------------------
                                  4.58   slack (MET)



