Instance name,  X location,  Y location,  Voltage 
input9, 61.465, 62.56, 1.79998
output12, 61.465, 57.12, 1.79998
FILLER_0_16_121, 61.465, 57.12, 1.79998
FILLER_0_17_125, 61.465, 57.12, 1.79998
FILLER_0_15_125, 61.465, 51.68, 1.79999
FILLER_0_16_129, 61.465, 51.68, 1.79999
FILLER_0_13_125, 61.465, 46.24, 1.79998
FILLER_0_11_125, 61.465, 40.8, 1.79998
FILLER_0_12_126, 61.465, 40.8, 1.79998
input1, 61.465, 35.36, 1.79998
FILLER_0_10_129, 61.465, 35.36, 1.79998
FILLER_0_7_125, 61.465, 29.92, 1.79998
wire17, 61.465, 24.48, 1.79998
FILLER_0_5_128, 61.465, 24.48, 1.79998
FILLER_0_6_128, 61.465, 24.48, 1.79998
FILLER_0_3_125, 61.465, 19.04, 1.79998
input4, 61.465, 13.6, 1.79998
output16, 61.465, 13.6, 1.79998
FILLER_0_1_125, 61.465, 13.6, 1.79998
FILLER_0_14_79, 45.48, 51.68, 1.79999
_060_, 45.48, 46.24, 1.79999
_069_, 45.48, 40.8, 1.79999
_070_, 45.48, 40.8, 1.79999
FILLER_0_10_80, 45.48, 40.8, 1.79999
_065_, 45.48, 35.36, 1.79999
_068_, 45.48, 35.36, 1.79999
_084_, 45.48, 35.36, 1.79999
_099_, 45.48, 35.36, 1.79999
_100_, 45.48, 35.36, 1.79999
_101_, 45.48, 35.36, 1.79999
FILLER_0_8_80, 45.48, 35.36, 1.79999
_062_, 45.48, 29.92, 1.79999
_083_, 45.48, 29.92, 1.79999
_112_, 45.48, 29.92, 1.79999
_113_, 45.48, 29.92, 1.79999
FILLER_0_7_85, 45.48, 29.92, 1.79999
FILLER_0_7_93, 45.48, 29.92, 1.79999
_067_, 45.48, 24.48, 1.79999
_071_, 45.48, 24.48, 1.79999
_105_, 45.48, 24.48, 1.79999
FILLER_0_18_49, 29.495, 62.56, 1.79998
FILLER_0_17_45, 29.495, 57.12, 1.79998
FILLER_0_17_53, 29.495, 57.12, 1.79998
FILLER_0_15_51, 29.495, 51.68, 1.79998
_093_, 29.495, 46.24, 1.79998
_110_, 29.495, 46.24, 1.79998
FILLER_0_13_51, 29.495, 46.24, 1.79998
FILLER_0_13_57, 29.495, 46.24, 1.79998
_094_, 29.495, 40.8, 1.79998
_095_, 29.495, 40.8, 1.79998
_103_, 29.495, 40.8, 1.79998
_109_, 29.495, 40.8, 1.79998
_111_, 29.495, 40.8, 1.79998
FILLER_0_10_50, 29.495, 40.8, 1.79998
_079_, 29.495, 35.36, 1.79998
_080_, 29.495, 35.36, 1.79998
_102_, 29.495, 35.36, 1.79998
FILLER_0_9_53, 29.495, 35.36, 1.79998
FILLER_0_9_57, 29.495, 35.36, 1.79998
_107_, 29.495, 29.92, 1.79998
_108_, 29.495, 29.92, 1.79998
FILLER_0_7_57, 29.495, 29.92, 1.79998
FILLER_0_8_57, 29.495, 29.92, 1.79998
_091_, 29.495, 24.48, 1.79998
_092_, 29.495, 24.48, 1.79998
FILLER_0_3_51, 29.495, 19.04, 1.79998
FILLER_0_0_53, 29.495, 13.6, 1.79998
FILLER_0_0_57, 29.495, 13.6, 1.79998
FILLER_0_1_51, 29.495, 13.6, 1.79998
FILLER_0_18_19, 13.51, 57.12, 1.79997
FILLER_0_10_19, 13.51, 35.36, 1.79997
input8, 13.51, 13.6, 1.79997
FILLER_0_0_19, 13.51, 13.6, 1.79997
FILLER_0_2_19, 13.51, 13.6, 1.79997
PHY_36, 5.52, 62.56, 1.79997
PHY_37, 69.46, 62.56, 1.79998
output15, 21.502, 62.56, 1.79997
FILLER_0_18_69, 37.487, 62.56, 1.79998
PHY_32, 5.52, 57.12, 1.79996
PHY_34, 5.52, 57.12, 1.79996
input2, 5.52, 57.12, 1.79996
output14, 5.52, 57.12, 1.79996
PHY_33, 69.46, 57.12, 1.79998
PHY_35, 69.46, 57.12, 1.79998
input3, 69.46, 57.12, 1.79998
FILLER_0_17_133, 69.46, 57.12, 1.79998
input5, 37.487, 57.12, 1.79998
FILLER_0_18_77, 37.487, 57.12, 1.79998
FILLER_0_17_105, 53.472, 57.12, 1.79998
FILLER_0_18_109, 53.472, 57.12, 1.79998
PHY_28, 5.52, 51.68, 1.79998
PHY_30, 5.52, 51.68, 1.79998
PHY_29, 69.46, 51.68, 1.79999
PHY_31, 69.46, 51.68, 1.79999
FILLER_0_14_133, 69.46, 51.68, 1.79999
FILLER_0_15_133, 69.46, 51.68, 1.79999
FILLER_0_14_29, 21.502, 51.68, 1.79998
FILLER_0_16_77, 37.487, 51.68, 1.79998
FILLER_0_15_105, 53.472, 51.68, 1.79999
PHY_24, 5.52, 46.24, 1.79998
PHY_26, 5.52, 46.24, 1.79998
PHY_25, 69.46, 46.24, 1.79998
PHY_27, 69.46, 46.24, 1.79998
FILLER_0_13_133, 69.46, 46.24, 1.79998
_117_, 21.502, 46.24, 1.79998
FILLER_0_14_37, 21.502, 46.24, 1.79998
_116_, 37.487, 46.24, 1.79998
FILLER_0_13_102, 53.472, 46.24, 1.79999
PHY_20, 5.52, 40.8, 1.79998
PHY_22, 5.52, 40.8, 1.79998
PHY_21, 69.46, 40.8, 1.79998
PHY_23, 69.46, 40.8, 1.79998
FILLER_0_11_133, 69.46, 40.8, 1.79998
_090_, 21.502, 40.8, 1.79998
FILLER_0_10_29, 21.502, 40.8, 1.79998
FILLER_0_11_39, 21.502, 40.8, 1.79998
FILLER_0_12_41, 21.502, 40.8, 1.79998
_061_, 37.487, 40.8, 1.79998
_118_, 37.487, 40.8, 1.79998
wire19, 37.487, 40.8, 1.79998
FILLER_0_11_73, 37.487, 40.8, 1.79998
_098_, 53.472, 40.8, 1.79999
FILLER_0_11_107, 53.472, 40.8, 1.79999
PHY_16, 5.52, 35.36, 1.79997
PHY_18, 5.52, 35.36, 1.79997
input11, 5.52, 35.36, 1.79997
PHY_17, 69.46, 35.36, 1.79998
PHY_19, 69.46, 35.36, 1.79998
_074_, 21.502, 35.36, 1.79997
_075_, 21.502, 35.36, 1.79997
_076_, 21.502, 35.36, 1.79997
_077_, 21.502, 35.36, 1.79997
_078_, 21.502, 35.36, 1.79997
FILLER_0_10_37, 21.502, 35.36, 1.79997
_059_, 37.487, 35.36, 1.79998
_086_, 37.487, 35.36, 1.79998
_087_, 37.487, 35.36, 1.79998
_088_, 37.487, 35.36, 1.79998
_115_, 37.487, 35.36, 1.79998
FILLER_0_10_74, 37.487, 35.36, 1.79998
_096_, 53.472, 35.36, 1.79998
_097_, 53.472, 35.36, 1.79998
wire18, 53.472, 35.36, 1.79998
FILLER_0_9_108, 53.472, 35.36, 1.79998
PHY_12, 5.52, 29.92, 1.79998
PHY_14, 5.52, 29.92, 1.79998
PHY_13, 69.46, 29.92, 1.79998
PHY_15, 69.46, 29.92, 1.79998
FILLER_0_7_133, 69.46, 29.92, 1.79998
_057_, 21.502, 29.92, 1.79998
_072_, 21.502, 29.92, 1.79998
_073_, 21.502, 29.92, 1.79998
FILLER_0_7_27, 21.502, 29.92, 1.79998
_081_, 37.487, 29.92, 1.79998
_082_, 37.487, 29.92, 1.79998
_085_, 37.487, 29.92, 1.79998
_089_, 37.487, 29.92, 1.79998
FILLER_0_6_61, 37.487, 29.92, 1.79998
FILLER_0_7_77, 37.487, 29.92, 1.79998
_058_, 53.472, 29.92, 1.79998
_064_, 53.472, 29.92, 1.79998
FILLER_0_7_104, 53.472, 29.92, 1.79998
PHY_8, 5.52, 24.48, 1.79998
PHY_10, 5.52, 24.48, 1.79998
PHY_9, 69.46, 24.48, 1.79998
PHY_11, 69.46, 24.48, 1.79998
FILLER_0_4_133, 69.46, 24.48, 1.79998
FILLER_0_5_39, 21.502, 24.48, 1.79998
FILLER_0_6_41, 21.502, 24.48, 1.79998
_106_, 37.487, 24.48, 1.79998
_114_, 37.487, 24.48, 1.79998
FILLER_0_4_65, 37.487, 24.48, 1.79998
FILLER_0_5_69, 37.487, 24.48, 1.79998
_063_, 53.472, 24.48, 1.79998
_066_, 53.472, 24.48, 1.79998
FILLER_0_5_102, 53.472, 24.48, 1.79998
PHY_4, 5.52, 19.04, 1.79998
PHY_6, 5.52, 19.04, 1.79998
PHY_5, 69.46, 19.04, 1.79998
PHY_7, 69.46, 19.04, 1.79998
FILLER_0_2_133, 69.46, 19.04, 1.79998
FILLER_0_3_133, 69.46, 19.04, 1.79998
_104_, 37.487, 19.04, 1.79998
FILLER_0_4_73, 37.487, 19.04, 1.79998
FILLER_0_3_105, 53.472, 19.04, 1.79999
PHY_0, 5.52, 13.6, 1.79997
PHY_2, 5.52, 13.6, 1.79997
input6, 5.52, 13.6, 1.79997
input10, 5.52, 13.6, 1.79997
PHY_1, 69.46, 13.6, 1.79998
PHY_3, 69.46, 13.6, 1.79998
output13, 37.487, 13.6, 1.79998
FILLER_0_2_77, 37.487, 13.6, 1.79998
input7, 53.472, 13.6, 1.79998
FILLER_0_0_97, 53.472, 13.6, 1.79998
FILLER_0_0_105, 53.472, 13.6, 1.79998
FILLER_0_1_105, 53.472, 13.6, 1.79998

