Instance name,  X location,  Y location,  Voltage 
PHY_35, 69.455, 59.84, 2.16277e-05
PHY_37, 69.455, 59.84, 2.16277e-05
FILLER_0_17_133, 69.455, 59.84, 2.16277e-05
PHY_31, 69.455, 54.4, 1.98293e-05
PHY_33, 69.455, 54.4, 1.98293e-05
input3, 69.455, 54.4, 1.98293e-05
FILLER_0_15_133, 69.455, 54.4, 1.98293e-05
PHY_27, 69.455, 48.96, 1.83853e-05
PHY_29, 69.455, 48.96, 1.83853e-05
FILLER_0_13_133, 69.455, 48.96, 1.83853e-05
FILLER_0_14_133, 69.455, 48.96, 1.83853e-05
PHY_23, 69.455, 43.52, 1.8766e-05
PHY_25, 69.455, 43.52, 1.8766e-05
FILLER_0_11_133, 69.455, 43.52, 1.8766e-05
PHY_19, 69.455, 38.08, 1.92189e-05
PHY_21, 69.455, 38.08, 1.92189e-05
PHY_15, 69.455, 32.64, 2.02907e-05
PHY_17, 69.455, 32.64, 2.02907e-05
FILLER_0_7_133, 69.455, 32.64, 2.02907e-05
PHY_11, 69.455, 27.2, 2.00322e-05
PHY_13, 69.455, 27.2, 2.00322e-05
PHY_7, 69.455, 21.76, 1.88537e-05
PHY_9, 69.455, 21.76, 1.88537e-05
FILLER_0_3_133, 69.455, 21.76, 1.88537e-05
FILLER_0_4_133, 69.455, 21.76, 1.88537e-05
PHY_3, 69.455, 16.32, 1.88013e-05
PHY_5, 69.455, 16.32, 1.88013e-05
FILLER_0_2_133, 69.455, 16.32, 1.88013e-05
PHY_1, 69.455, 10.88, 2.26243e-05
FILLER_0_18_109, 53.47, 59.84, 1.94537e-05
FILLER_0_17_105, 53.47, 54.4, 1.70284e-05
FILLER_0_13_102, 53.47, 48.96, 1.62525e-05
FILLER_0_15_105, 53.47, 48.96, 1.62525e-05
_096_, 53.47, 38.08, 1.83992e-05
_097_, 53.47, 38.08, 1.83992e-05
_098_, 53.47, 38.08, 1.83992e-05
FILLER_0_11_107, 53.47, 38.08, 1.83992e-05
_058_, 53.47, 32.64, 1.96821e-05
wire18, 53.47, 32.64, 1.96821e-05
FILLER_0_7_104, 53.47, 32.64, 1.96821e-05
FILLER_0_9_108, 53.47, 32.64, 1.96821e-05
_063_, 53.47, 27.2, 1.95939e-05
_064_, 53.47, 27.2, 1.95939e-05
_066_, 53.47, 27.2, 1.95939e-05
FILLER_0_5_102, 53.47, 27.2, 1.95939e-05
FILLER_0_3_105, 53.47, 16.32, 1.69783e-05
input7, 53.47, 10.88, 2.15185e-05
FILLER_0_0_97, 53.47, 10.88, 2.15185e-05
FILLER_0_0_105, 53.47, 10.88, 2.15185e-05
FILLER_0_1_105, 53.47, 10.88, 2.15185e-05
input5, 37.485, 59.84, 1.44767e-05
FILLER_0_18_69, 37.485, 59.84, 1.44767e-05
FILLER_0_18_77, 37.485, 59.84, 1.44767e-05
FILLER_0_16_77, 37.485, 54.4, 1.25666e-05
_116_, 37.485, 48.96, 1.12451e-05
_118_, 37.485, 43.52, 1.23807e-05
_059_, 37.485, 38.08, 1.41921e-05
_061_, 37.485, 38.08, 1.41921e-05
_115_, 37.485, 38.08, 1.41921e-05
wire19, 37.485, 38.08, 1.41921e-05
FILLER_0_10_74, 37.485, 38.08, 1.41921e-05
FILLER_0_11_73, 37.485, 38.08, 1.41921e-05
_082_, 37.485, 32.64, 1.49748e-05
_085_, 37.485, 32.64, 1.49748e-05
_086_, 37.485, 32.64, 1.49748e-05
_087_, 37.485, 32.64, 1.49748e-05
_088_, 37.485, 32.64, 1.49748e-05
_089_, 37.485, 32.64, 1.49748e-05
_081_, 37.485, 27.2, 1.4776e-05
_114_, 37.485, 27.2, 1.4776e-05
FILLER_0_5_69, 37.485, 27.2, 1.4776e-05
FILLER_0_6_61, 37.485, 27.2, 1.4776e-05
FILLER_0_7_77, 37.485, 27.2, 1.4776e-05
_104_, 37.485, 21.76, 1.28416e-05
_106_, 37.485, 21.76, 1.28416e-05
FILLER_0_4_65, 37.485, 21.76, 1.28416e-05
FILLER_0_4_73, 37.485, 21.76, 1.28416e-05
FILLER_0_2_77, 37.485, 16.32, 1.26163e-05
output13, 37.485, 10.88, 1.75066e-05
output15, 21.5, 59.84, 2.19888e-05
_117_, 21.5, 48.96, 1.66611e-05
FILLER_0_14_29, 21.5, 48.96, 1.66611e-05
FILLER_0_14_37, 21.5, 48.96, 1.66611e-05
FILLER_0_12_41, 21.5, 43.52, 1.7531e-05
_075_, 21.5, 38.08, 2.12736e-05
_076_, 21.5, 38.08, 2.12736e-05
_090_, 21.5, 38.08, 2.12736e-05
FILLER_0_10_29, 21.5, 38.08, 2.12736e-05
FILLER_0_10_37, 21.5, 38.08, 2.12736e-05
FILLER_0_11_39, 21.5, 38.08, 2.12736e-05
_057_, 21.5, 32.64, 1.89929e-05
_074_, 21.5, 32.64, 1.89929e-05
_077_, 21.5, 32.64, 1.89929e-05
_078_, 21.5, 32.64, 1.89929e-05
FILLER_0_7_27, 21.5, 32.64, 1.89929e-05
_072_, 21.5, 27.2, 1.92749e-05
_073_, 21.5, 27.2, 1.92749e-05
FILLER_0_6_41, 21.5, 27.2, 1.92749e-05
FILLER_0_5_39, 21.5, 21.76, 1.63815e-05
PHY_34, 5.52, 59.84, 2.47853e-05
PHY_36, 5.52, 59.84, 2.47853e-05
input2, 5.52, 59.84, 2.47853e-05
FILLER_0_18_19, 13.51, 59.84, 2.3387e-05
FILLER_0_17_45, 29.492, 59.84, 1.8233e-05
FILLER_0_18_49, 29.492, 59.84, 1.8233e-05
input9, 61.462, 59.84, 2.29853e-05
output12, 61.462, 59.84, 2.29853e-05
PHY_30, 5.52, 54.4, 3.09013e-05
PHY_32, 5.52, 54.4, 3.09013e-05
output14, 5.52, 54.4, 3.09013e-05
FILLER_0_15_51, 29.492, 54.4, 1.66199e-05
FILLER_0_17_53, 29.492, 54.4, 1.66199e-05
FILLER_0_16_121, 61.462, 54.4, 1.84287e-05
FILLER_0_16_129, 61.462, 54.4, 1.84287e-05
FILLER_0_17_125, 61.462, 54.4, 1.84287e-05
PHY_26, 5.52, 48.96, 1.66612e-05
PHY_28, 5.52, 48.96, 1.66612e-05
FILLER_0_13_51, 29.492, 48.96, 1.39533e-05
FILLER_0_14_79, 45.477, 48.96, 1.37487e-05
FILLER_0_15_125, 61.462, 48.96, 1.73188e-05
PHY_22, 5.52, 43.52, 1.7531e-05
PHY_24, 5.52, 43.52, 1.7531e-05
_093_, 29.492, 43.52, 1.63384e-05
_094_, 29.492, 43.52, 1.63384e-05
_103_, 29.492, 43.52, 1.63384e-05
_109_, 29.492, 43.52, 1.63384e-05
_110_, 29.492, 43.52, 1.63384e-05
FILLER_0_13_57, 29.492, 43.52, 1.63384e-05
_060_, 45.477, 43.52, 1.58403e-05
_070_, 45.477, 43.52, 1.58403e-05
FILLER_0_12_126, 61.462, 43.52, 1.80218e-05
FILLER_0_13_125, 61.462, 43.52, 1.80218e-05
PHY_18, 5.52, 38.08, 2.3934e-05
PHY_20, 5.52, 38.08, 2.3934e-05
input11, 5.52, 38.08, 2.3934e-05
FILLER_0_10_19, 13.51, 38.08, 2.26038e-05
_079_, 29.492, 38.08, 2.02071e-05
_080_, 29.492, 38.08, 2.02071e-05
_095_, 29.492, 38.08, 2.02071e-05
_102_, 29.492, 38.08, 2.02071e-05
_111_, 29.492, 38.08, 2.02071e-05
FILLER_0_10_50, 29.492, 38.08, 2.02071e-05
_065_, 45.477, 38.08, 1.71453e-05
_068_, 45.477, 38.08, 1.71453e-05
_069_, 45.477, 38.08, 1.71453e-05
_084_, 45.477, 38.08, 1.71453e-05
_099_, 45.477, 38.08, 1.71453e-05
FILLER_0_10_80, 45.477, 38.08, 1.71453e-05
FILLER_0_10_129, 61.462, 38.08, 1.8809e-05
FILLER_0_11_125, 61.462, 38.08, 1.8809e-05
PHY_14, 5.52, 32.64, 1.8993e-05
PHY_16, 5.52, 32.64, 1.8993e-05
_107_, 29.492, 32.64, 1.72968e-05
FILLER_0_8_57, 29.492, 32.64, 1.72968e-05
FILLER_0_9_53, 29.492, 32.64, 1.72968e-05
FILLER_0_9_57, 29.492, 32.64, 1.72968e-05
_062_, 45.477, 32.64, 1.82514e-05
_100_, 45.477, 32.64, 1.82514e-05
_101_, 45.477, 32.64, 1.82514e-05
FILLER_0_7_85, 45.477, 32.64, 1.82514e-05
FILLER_0_8_80, 45.477, 32.64, 1.82514e-05
input1, 61.462, 32.64, 2.06847e-05
PHY_10, 5.52, 27.2, 1.9275e-05
PHY_12, 5.52, 27.2, 1.9275e-05
_091_, 29.492, 27.2, 1.84749e-05
_092_, 29.492, 27.2, 1.84749e-05
_108_, 29.492, 27.2, 1.84749e-05
FILLER_0_7_57, 29.492, 27.2, 1.84749e-05
_071_, 45.477, 27.2, 1.80965e-05
_083_, 45.477, 27.2, 1.80965e-05
_112_, 45.477, 27.2, 1.80965e-05
_113_, 45.477, 27.2, 1.80965e-05
FILLER_0_7_93, 45.477, 27.2, 1.80965e-05
wire17, 61.462, 27.2, 2.01911e-05
FILLER_0_6_128, 61.462, 27.2, 2.01911e-05
FILLER_0_7_125, 61.462, 27.2, 2.01911e-05
PHY_6, 5.52, 21.76, 1.63816e-05
PHY_8, 5.52, 21.76, 1.63816e-05
FILLER_0_3_51, 29.492, 21.76, 1.46117e-05
_067_, 45.477, 21.76, 1.54549e-05
_105_, 45.477, 21.76, 1.54549e-05
FILLER_0_5_128, 61.462, 21.76, 1.8052e-05
PHY_2, 5.52, 16.32, 1.95591e-05
PHY_4, 5.52, 16.32, 1.95591e-05
input10, 5.52, 16.32, 1.95591e-05
FILLER_0_2_19, 13.51, 16.32, 1.83737e-05
FILLER_0_1_51, 29.492, 16.32, 1.49024e-05
FILLER_0_3_125, 61.462, 16.32, 1.78897e-05
PHY_0, 5.52, 10.88, 2.22516e-05
input6, 5.52, 10.88, 2.22516e-05
input8, 13.51, 10.88, 2.11559e-05
FILLER_0_0_19, 13.51, 10.88, 2.11559e-05
FILLER_0_0_53, 29.492, 10.88, 1.84936e-05
FILLER_0_0_57, 29.492, 10.88, 1.84936e-05
input4, 61.462, 10.88, 2.46437e-05
output16, 61.462, 10.88, 2.46437e-05
FILLER_0_1_125, 61.462, 10.88, 2.46437e-05

