
===========================================================================
 report_power
============================================================================
======================= Fastest Corner ===================================

Group                  Internal  Switching    Leakage      Total
                          Power      Power      Power      Power (Watts)
----------------------------------------------------------------
Sequential             1.48e-02   4.29e-03   2.19e-05   1.91e-02  19.9%
Combinational          3.59e-02   4.10e-02   3.87e-07   7.69e-02  80.1%
Macro                  0.00e+00   0.00e+00   0.00e+00   0.00e+00   0.0%
Pad                    0.00e+00   0.00e+00   0.00e+00   0.00e+00   0.0%
----------------------------------------------------------------
Total                  5.07e-02   4.53e-02   2.23e-05   9.60e-02 100.0%
                          52.8%      47.2%       0.0%

======================= Slowest Corner ===================================

Group                  Internal  Switching    Leakage      Total
                          Power      Power      Power      Power (Watts)
----------------------------------------------------------------
Sequential             9.88e-03   2.86e-03   8.76e-05   1.28e-02  19.4%
Combinational          2.58e-02   2.71e-02   1.79e-04   5.31e-02  80.6%
Macro                  0.00e+00   0.00e+00   0.00e+00   0.00e+00   0.0%
Pad                    0.00e+00   0.00e+00   0.00e+00   0.00e+00   0.0%
----------------------------------------------------------------
Total                  3.57e-02   3.00e-02   2.66e-04   6.60e-02 100.0%
                          54.2%      45.4%       0.4%

======================= Typical Corner ===================================

Group                  Internal  Switching    Leakage      Total
                          Power      Power      Power      Power (Watts)
----------------------------------------------------------------
Sequential             1.28e-02   3.64e-03   2.19e-05   1.64e-02  19.8%
Combinational          3.20e-02   3.47e-02   2.09e-07   6.67e-02  80.2%
Macro                  0.00e+00   0.00e+00   0.00e+00   0.00e+00   0.0%
Pad                    0.00e+00   0.00e+00   0.00e+00   0.00e+00   0.0%
----------------------------------------------------------------
Total                  4.47e-02   3.83e-02   2.21e-05   8.31e-02 100.0%
                          53.9%      46.1%       0.0%

