
===========================================================================
 report_power
============================================================================
======================= Fastest Corner ===================================

Group                  Internal  Switching    Leakage      Total
                          Power      Power      Power      Power (Watts)
----------------------------------------------------------------
Sequential             1.48e-02   4.77e-03   2.19e-05   1.96e-02  19.6%
Combinational          3.59e-02   4.41e-02   3.87e-07   8.00e-02  80.4%
Macro                  0.00e+00   0.00e+00   0.00e+00   0.00e+00   0.0%
Pad                    0.00e+00   0.00e+00   0.00e+00   0.00e+00   0.0%
----------------------------------------------------------------
Total                  5.07e-02   4.89e-02   2.23e-05   9.96e-02 100.0%
                          50.9%      49.1%       0.0%

======================= Slowest Corner ===================================

Group                  Internal  Switching    Leakage      Total
                          Power      Power      Power      Power (Watts)
----------------------------------------------------------------
Sequential             9.82e-03   3.18e-03   8.76e-05   1.31e-02  19.2%
Combinational          2.59e-02   2.92e-02   1.79e-04   5.52e-02  80.8%
Macro                  0.00e+00   0.00e+00   0.00e+00   0.00e+00   0.0%
Pad                    0.00e+00   0.00e+00   0.00e+00   0.00e+00   0.0%
----------------------------------------------------------------
Total                  3.57e-02   3.24e-02   2.66e-04   6.83e-02 100.0%
                          52.2%      47.4%       0.4%

======================= Typical Corner ===================================

Group                  Internal  Switching    Leakage      Total
                          Power      Power      Power      Power (Watts)
----------------------------------------------------------------
Sequential             1.27e-02   4.04e-03   2.19e-05   1.68e-02  19.5%
Combinational          3.20e-02   3.73e-02   2.09e-07   6.93e-02  80.5%
Macro                  0.00e+00   0.00e+00   0.00e+00   0.00e+00   0.0%
Pad                    0.00e+00   0.00e+00   0.00e+00   0.00e+00   0.0%
----------------------------------------------------------------
Total                  4.47e-02   4.14e-02   2.21e-05   8.61e-02 100.0%
                          51.9%      48.1%       0.0%

