
===========================================================================
 report_power
============================================================================
======================= Fastest Corner ===================================

Group                  Internal  Switching    Leakage      Total
                          Power      Power      Power      Power (Watts)
----------------------------------------------------------------
Sequential             1.48e-02   4.54e-03   2.19e-05   1.94e-02  19.8%
Combinational          3.59e-02   4.26e-02   3.87e-07   7.85e-02  80.2%
Macro                  0.00e+00   0.00e+00   0.00e+00   0.00e+00   0.0%
Pad                    0.00e+00   0.00e+00   0.00e+00   0.00e+00   0.0%
----------------------------------------------------------------
Total                  5.07e-02   4.72e-02   2.23e-05   9.79e-02 100.0%
                          51.8%      48.2%       0.0%

======================= Slowest Corner ===================================

Group                  Internal  Switching    Leakage      Total
                          Power      Power      Power      Power (Watts)
----------------------------------------------------------------
Sequential             9.85e-03   3.03e-03   8.76e-05   1.30e-02  19.3%
Combinational          2.59e-02   2.82e-02   1.79e-04   5.42e-02  80.7%
Macro                  0.00e+00   0.00e+00   0.00e+00   0.00e+00   0.0%
Pad                    0.00e+00   0.00e+00   0.00e+00   0.00e+00   0.0%
----------------------------------------------------------------
Total                  3.57e-02   3.12e-02   2.66e-04   6.72e-02 100.0%
                          53.1%      46.5%       0.4%

======================= Typical Corner ===================================

Group                  Internal  Switching    Leakage      Total
                          Power      Power      Power      Power (Watts)
----------------------------------------------------------------
Sequential             1.27e-02   3.85e-03   2.19e-05   1.66e-02  19.6%
Combinational          3.20e-02   3.61e-02   2.09e-07   6.81e-02  80.4%
Macro                  0.00e+00   0.00e+00   0.00e+00   0.00e+00   0.0%
Pad                    0.00e+00   0.00e+00   0.00e+00   0.00e+00   0.0%
----------------------------------------------------------------
Total                  4.47e-02   3.99e-02   2.21e-05   8.47e-02 100.0%
                          52.8%      47.1%       0.0%

