
===========================================================================
 report_power
============================================================================
======================= Fastest Corner ===================================

Group                  Internal  Switching    Leakage      Total
                          Power      Power      Power      Power (Watts)
----------------------------------------------------------------
Sequential             2.67e-04   7.01e-05   2.17e-07   3.37e-04  39.8%
Combinational          2.75e-04   2.34e-04   3.16e-09   5.09e-04  60.2%
Macro                  0.00e+00   0.00e+00   0.00e+00   0.00e+00   0.0%
Pad                    0.00e+00   0.00e+00   0.00e+00   0.00e+00   0.0%
----------------------------------------------------------------
Total                  5.42e-04   3.04e-04   2.20e-07   8.46e-04 100.0%
                          64.0%      35.9%       0.0%

======================= Slowest Corner ===================================

Group                  Internal  Switching    Leakage      Total
                          Power      Power      Power      Power (Watts)
----------------------------------------------------------------
Sequential             1.79e-04   4.57e-05   8.66e-07   2.25e-04  39.1%
Combinational          1.98e-04   1.52e-04   1.26e-06   3.51e-04  60.9%
Macro                  0.00e+00   0.00e+00   0.00e+00   0.00e+00   0.0%
Pad                    0.00e+00   0.00e+00   0.00e+00   0.00e+00   0.0%
----------------------------------------------------------------
Total                  3.77e-04   1.98e-04   2.13e-06   5.76e-04 100.0%
                          65.3%      34.3%       0.4%

======================= Typical Corner ===================================

Group                  Internal  Switching    Leakage      Total
                          Power      Power      Power      Power (Watts)
----------------------------------------------------------------
Sequential             2.31e-04   5.87e-05   2.17e-07   2.90e-04  39.7%
Combinational          2.44e-04   1.96e-04   2.16e-09   4.40e-04  60.3%
Macro                  0.00e+00   0.00e+00   0.00e+00   0.00e+00   0.0%
Pad                    0.00e+00   0.00e+00   0.00e+00   0.00e+00   0.0%
----------------------------------------------------------------
Total                  4.74e-04   2.55e-04   2.19e-07   7.30e-04 100.0%
                          65.0%      34.9%       0.0%

