
===========================================================================
report_checks -path_delay min (Hold)
============================================================================
======================= Fastest Corner ===================================

Startpoint: b[0] (input port clocked by __VIRTUAL_CLK__)
Endpoint: result[0] (output port clocked by __VIRTUAL_CLK__)
Path Group: __VIRTUAL_CLK__
Path Type: min
Corner: Fastest

Fanout     Cap    Slew   Delay    Time   Description
-----------------------------------------------------------------------------
                  0.00    0.00    0.00   clock __VIRTUAL_CLK__ (rise edge)
                          0.00    0.00   clock network delay (ideal)
                          2.00    2.00 v input external delay
                  0.01    0.00    2.00 v b[0] (in)
     1    0.00                           b[0] (net)
                  0.01    0.00    2.00 v input5/A (sky130_fd_sc_hd__clkbuf_2)
                  0.07    0.09    2.10 v input5/X (sky130_fd_sc_hd__clkbuf_2)
     7    0.02                           net5 (net)
                  0.07    0.00    2.10 v _061_/A (sky130_fd_sc_hd__nand2_1)
                  0.03    0.05    2.15 ^ _061_/Y (sky130_fd_sc_hd__nand2_1)
     1    0.00                           _004_ (net)
                  0.03    0.00    2.15 ^ _070_/A3 (sky130_fd_sc_hd__a31o_1)
                  0.09    0.12    2.27 ^ _070_/X (sky130_fd_sc_hd__a31o_1)
     2    0.01                           net12 (net)
                  0.09    0.00    2.27 ^ output12/A (sky130_fd_sc_hd__clkbuf_4)
                  0.09    0.14    2.40 ^ output12/X (sky130_fd_sc_hd__clkbuf_4)
     1    0.04                           result[0] (net)
                  0.09    0.00    2.40 ^ result[0] (out)
                                  2.40   data arrival time

                  0.00    0.00    0.00   clock __VIRTUAL_CLK__ (rise edge)
                          0.00    0.00   clock network delay (ideal)
                          0.25    0.25   clock uncertainty
                          0.00    0.25   clock reconvergence pessimism
                         -2.00   -1.75   output external delay
                                 -1.75   data required time
-----------------------------------------------------------------------------
                                 -1.75   data required time
                                 -2.40   data arrival time
-----------------------------------------------------------------------------
                                  4.15   slack (MET)


Startpoint: op[1] (input port clocked by __VIRTUAL_CLK__)
Endpoint: result[2] (output port clocked by __VIRTUAL_CLK__)
Path Group: __VIRTUAL_CLK__
Path Type: min
Corner: Fastest

Fanout     Cap    Slew   Delay    Time   Description
-----------------------------------------------------------------------------
                  0.00    0.00    0.00   clock __VIRTUAL_CLK__ (rise edge)
                          0.00    0.00   clock network delay (ideal)
                          2.00    2.00 ^ input external delay
                  0.01    0.01    2.01 ^ op[1] (in)
     1    0.00                           op[1] (net)
                  0.01    0.00    2.01 ^ input10/A (sky130_fd_sc_hd__clkbuf_2)
                  0.12    0.12    2.12 ^ input10/X (sky130_fd_sc_hd__clkbuf_2)
     8    0.03                           net10 (net)
                  0.12    0.00    2.13 ^ _089_/B (sky130_fd_sc_hd__nor2_1)
                  0.04    0.04    2.17 v _089_/Y (sky130_fd_sc_hd__nor2_1)
     2    0.01                           _030_ (net)
                  0.04    0.00    2.17 v _102_/A1 (sky130_fd_sc_hd__a31o_1)
                  0.04    0.13    2.30 v _102_/X (sky130_fd_sc_hd__a31o_1)
     2    0.01                           net14 (net)
                  0.04    0.00    2.30 v output14/A (sky130_fd_sc_hd__clkbuf_4)
                  0.06    0.12    2.42 v output14/X (sky130_fd_sc_hd__clkbuf_4)
     1    0.03                           result[2] (net)
                  0.06    0.00    2.42 v result[2] (out)
                                  2.42   data arrival time

                  0.00    0.00    0.00   clock __VIRTUAL_CLK__ (rise edge)
                          0.00    0.00   clock network delay (ideal)
                          0.25    0.25   clock uncertainty
                          0.00    0.25   clock reconvergence pessimism
                         -2.00   -1.75   output external delay
                                 -1.75   data required time
-----------------------------------------------------------------------------
                                 -1.75   data required time
                                 -2.42   data arrival time
-----------------------------------------------------------------------------
                                  4.17   slack (MET)


Startpoint: b[1] (input port clocked by __VIRTUAL_CLK__)
Endpoint: result[1] (output port clocked by __VIRTUAL_CLK__)
Path Group: __VIRTUAL_CLK__
Path Type: min
Corner: Fastest

Fanout     Cap    Slew   Delay    Time   Description
-----------------------------------------------------------------------------
                  0.00    0.00    0.00   clock __VIRTUAL_CLK__ (rise edge)
                          0.00    0.00   clock network delay (ideal)
                          2.00    2.00 ^ input external delay
                  0.02    0.01    2.01 ^ b[1] (in)
     1    0.00                           b[1] (net)
                  0.02    0.00    2.01 ^ input6/A (sky130_fd_sc_hd__clkbuf_2)
                  0.11    0.11    2.12 ^ input6/X (sky130_fd_sc_hd__clkbuf_2)
     6    0.02                           net6 (net)
                  0.11    0.00    2.12 ^ _082_/A2 (sky130_fd_sc_hd__o22a_1)
                  0.03    0.07    2.19 ^ _082_/X (sky130_fd_sc_hd__o22a_1)
     1    0.00                           _024_ (net)
                  0.03    0.00    2.19 ^ _087_/B (sky130_fd_sc_hd__or3_1)
                  0.03    0.06    2.25 ^ _087_/X (sky130_fd_sc_hd__or3_1)
     1    0.00                           _029_ (net)
                  0.03    0.00    2.25 ^ _088_/A (sky130_fd_sc_hd__buf_1)
                  0.09    0.08    2.34 ^ _088_/X (sky130_fd_sc_hd__buf_1)
     2    0.01                           net13 (net)
                  0.09    0.00    2.34 ^ output13/A (sky130_fd_sc_hd__clkbuf_4)
                  0.08    0.13    2.47 ^ output13/X (sky130_fd_sc_hd__clkbuf_4)
     1    0.03                           result[1] (net)
                  0.08    0.00    2.47 ^ result[1] (out)
                                  2.47   data arrival time

                  0.00    0.00    0.00   clock __VIRTUAL_CLK__ (rise edge)
                          0.00    0.00   clock network delay (ideal)
                          0.25    0.25   clock uncertainty
                          0.00    0.25   clock reconvergence pessimism
                         -2.00   -1.75   output external delay
                                 -1.75   data required time
-----------------------------------------------------------------------------
                                 -1.75   data required time
                                 -2.47   data arrival time
-----------------------------------------------------------------------------
                                  4.22   slack (MET)


Startpoint: a[2] (input port clocked by __VIRTUAL_CLK__)
Endpoint: result[3] (output port clocked by __VIRTUAL_CLK__)
Path Group: __VIRTUAL_CLK__
Path Type: min
Corner: Fastest

Fanout     Cap    Slew   Delay    Time   Description
-----------------------------------------------------------------------------
                  0.00    0.00    0.00   clock __VIRTUAL_CLK__ (rise edge)
                          0.00    0.00   clock network delay (ideal)
                          2.00    2.00 ^ input external delay
                  0.01    0.01    2.01 ^ a[2] (in)
     1    0.00                           a[2] (net)
                  0.01    0.00    2.01 ^ input3/A (sky130_fd_sc_hd__buf_2)
                  0.13    0.12    2.13 ^ input3/X (sky130_fd_sc_hd__buf_2)
     8    0.03                           net3 (net)
                  0.13    0.00    2.13 ^ _115_/A1 (sky130_fd_sc_hd__a211o_1)
                  0.04    0.09    2.23 ^ _115_/X (sky130_fd_sc_hd__a211o_1)
     2    0.01                           _055_ (net)
                  0.04    0.00    2.23 ^ _116_/B (sky130_fd_sc_hd__and2_1)
                  0.04    0.07    2.30 ^ _116_/X (sky130_fd_sc_hd__and2_1)
     1    0.00                           _056_ (net)
                  0.04    0.00    2.30 ^ _117_/A (sky130_fd_sc_hd__clkbuf_1)
                  0.04    0.06    2.36 ^ _117_/X (sky130_fd_sc_hd__clkbuf_1)
     1    0.00                           net15 (net)
                  0.04    0.00    2.36 ^ output15/A (sky130_fd_sc_hd__clkbuf_4)
                  0.08    0.12    2.48 ^ output15/X (sky130_fd_sc_hd__clkbuf_4)
     1    0.03                           result[3] (net)
                  0.08    0.00    2.48 ^ result[3] (out)
                                  2.48   data arrival time

                  0.00    0.00    0.00   clock __VIRTUAL_CLK__ (rise edge)
                          0.00    0.00   clock network delay (ideal)
                          0.25    0.25   clock uncertainty
                          0.00    0.25   clock reconvergence pessimism
                         -2.00   -1.75   output external delay
                                 -1.75   data required time
-----------------------------------------------------------------------------
                                 -1.75   data required time
                                 -2.48   data arrival time
-----------------------------------------------------------------------------
                                  4.23   slack (MET)


Startpoint: a[2] (input port clocked by __VIRTUAL_CLK__)
Endpoint: zero (output port clocked by __VIRTUAL_CLK__)
Path Group: __VIRTUAL_CLK__
Path Type: min
Corner: Fastest

Fanout     Cap    Slew   Delay    Time   Description
-----------------------------------------------------------------------------
                  0.00    0.00    0.00   clock __VIRTUAL_CLK__ (rise edge)
                          0.00    0.00   clock network delay (ideal)
                          2.00    2.00 ^ input external delay
                  0.01    0.01    2.01 ^ a[2] (in)
     1    0.00                           a[2] (net)
                  0.01    0.00    2.01 ^ input3/A (sky130_fd_sc_hd__buf_2)
                  0.13    0.12    2.13 ^ input3/X (sky130_fd_sc_hd__buf_2)
     8    0.03                           net3 (net)
                  0.13    0.00    2.13 ^ _115_/A1 (sky130_fd_sc_hd__a211o_1)
                  0.04    0.09    2.23 ^ _115_/X (sky130_fd_sc_hd__a211o_1)
     2    0.01                           _055_ (net)
                  0.04    0.00    2.23 ^ _118_/A2 (sky130_fd_sc_hd__a2111oi_1)
                  0.03    0.04    2.27 v _118_/Y (sky130_fd_sc_hd__a2111oi_1)
     1    0.00                           net16 (net)
                  0.03    0.00    2.27 v wire19/A (sky130_fd_sc_hd__clkbuf_1)
                  0.03    0.06    2.33 v wire19/X (sky130_fd_sc_hd__clkbuf_1)
     1    0.01                           net19 (net)
                  0.03    0.00    2.33 v wire18/A (sky130_fd_sc_hd__clkbuf_1)
                  0.02    0.06    2.38 v wire18/X (sky130_fd_sc_hd__clkbuf_1)
     1    0.00                           net18 (net)
                  0.02    0.00    2.39 v wire17/A (sky130_fd_sc_hd__clkbuf_1)
                  0.02    0.06    2.44 v wire17/X (sky130_fd_sc_hd__clkbuf_1)
     1    0.00                           net17 (net)
                  0.02    0.00    2.44 v output16/A (sky130_fd_sc_hd__clkbuf_4)
                  0.06    0.11    2.55 v output16/X (sky130_fd_sc_hd__clkbuf_4)
     1    0.03                           zero (net)
                  0.06    0.00    2.56 v zero (out)
                                  2.56   data arrival time

                  0.00    0.00    0.00   clock __VIRTUAL_CLK__ (rise edge)
                          0.00    0.00   clock network delay (ideal)
                          0.25    0.25   clock uncertainty
                          0.00    0.25   clock reconvergence pessimism
                         -2.00   -1.75   output external delay
                                 -1.75   data required time
-----------------------------------------------------------------------------
                                 -1.75   data required time
                                 -2.56   data arrival time
-----------------------------------------------------------------------------
                                  4.31   slack (MET)



======================= Slowest Corner ===================================

Startpoint: b[0] (input port clocked by __VIRTUAL_CLK__)
Endpoint: result[0] (output port clocked by __VIRTUAL_CLK__)
Path Group: __VIRTUAL_CLK__
Path Type: min
Corner: Slowest

Fanout     Cap    Slew   Delay    Time   Description
-----------------------------------------------------------------------------
                  0.00    0.00    0.00   clock __VIRTUAL_CLK__ (rise edge)
                          0.00    0.00   clock network delay (ideal)
                          2.00    2.00 v input external delay
                  0.02    0.01    2.01 v b[0] (in)
     1    0.00                           b[0] (net)
                  0.02    0.00    2.01 v input5/A (sky130_fd_sc_hd__clkbuf_2)
                  0.18    0.25    2.26 v input5/X (sky130_fd_sc_hd__clkbuf_2)
     7    0.02                           net5 (net)
                  0.18    0.00    2.26 v _061_/A (sky130_fd_sc_hd__nand2_1)
                  0.08    0.13    2.39 ^ _061_/Y (sky130_fd_sc_hd__nand2_1)
     1    0.00                           _004_ (net)
                  0.08    0.00    2.39 ^ _070_/A3 (sky130_fd_sc_hd__a31o_1)
                  0.20    0.39    2.78 ^ _070_/X (sky130_fd_sc_hd__a31o_1)
     2    0.01                           net12 (net)
                  0.20    0.00    2.78 ^ output12/A (sky130_fd_sc_hd__clkbuf_4)
                  0.18    0.37    3.15 ^ output12/X (sky130_fd_sc_hd__clkbuf_4)
     1    0.04                           result[0] (net)
                  0.18    0.00    3.15 ^ result[0] (out)
                                  3.15   data arrival time

                  0.00    0.00    0.00   clock __VIRTUAL_CLK__ (rise edge)
                          0.00    0.00   clock network delay (ideal)
                          0.25    0.25   clock uncertainty
                          0.00    0.25   clock reconvergence pessimism
                         -2.00   -1.75   output external delay
                                 -1.75   data required time
-----------------------------------------------------------------------------
                                 -1.75   data required time
                                 -3.15   data arrival time
-----------------------------------------------------------------------------
                                  4.90   slack (MET)


Startpoint: op[1] (input port clocked by __VIRTUAL_CLK__)
Endpoint: result[2] (output port clocked by __VIRTUAL_CLK__)
Path Group: __VIRTUAL_CLK__
Path Type: min
Corner: Slowest

Fanout     Cap    Slew   Delay    Time   Description
-----------------------------------------------------------------------------
                  0.00    0.00    0.00   clock __VIRTUAL_CLK__ (rise edge)
                          0.00    0.00   clock network delay (ideal)
                          2.00    2.00 ^ input external delay
                  0.03    0.02    2.02 ^ op[1] (in)
     1    0.00                           op[1] (net)
                  0.03    0.00    2.02 ^ input10/A (sky130_fd_sc_hd__clkbuf_2)
                  0.24    0.28    2.30 ^ input10/X (sky130_fd_sc_hd__clkbuf_2)
     8    0.03                           net10 (net)
                  0.24    0.00    2.30 ^ _089_/B (sky130_fd_sc_hd__nor2_1)
                  0.09    0.16    2.45 v _089_/Y (sky130_fd_sc_hd__nor2_1)
     2    0.01                           _030_ (net)
                  0.09    0.00    2.45 v _102_/A1 (sky130_fd_sc_hd__a31o_1)
                  0.13    0.37    2.83 v _102_/X (sky130_fd_sc_hd__a31o_1)
     2    0.01                           net14 (net)
                  0.13    0.00    2.83 v output14/A (sky130_fd_sc_hd__clkbuf_4)
                  0.14    0.33    3.16 v output14/X (sky130_fd_sc_hd__clkbuf_4)
     1    0.03                           result[2] (net)
                  0.14    0.00    3.16 v result[2] (out)
                                  3.16   data arrival time

                  0.00    0.00    0.00   clock __VIRTUAL_CLK__ (rise edge)
                          0.00    0.00   clock network delay (ideal)
                          0.25    0.25   clock uncertainty
                          0.00    0.25   clock reconvergence pessimism
                         -2.00   -1.75   output external delay
                                 -1.75   data required time
-----------------------------------------------------------------------------
                                 -1.75   data required time
                                 -3.16   data arrival time
-----------------------------------------------------------------------------
                                  4.91   slack (MET)


Startpoint: b[1] (input port clocked by __VIRTUAL_CLK__)
Endpoint: result[1] (output port clocked by __VIRTUAL_CLK__)
Path Group: __VIRTUAL_CLK__
Path Type: min
Corner: Slowest

Fanout     Cap    Slew   Delay    Time   Description
-----------------------------------------------------------------------------
                  0.00    0.00    0.00   clock __VIRTUAL_CLK__ (rise edge)
                          0.00    0.00   clock network delay (ideal)
                          2.00    2.00 ^ input external delay
                  0.04    0.02    2.02 ^ b[1] (in)
     1    0.00                           b[1] (net)
                  0.04    0.00    2.02 ^ input6/A (sky130_fd_sc_hd__clkbuf_2)
                  0.22    0.27    2.29 ^ input6/X (sky130_fd_sc_hd__clkbuf_2)
     6    0.02                           net6 (net)
                  0.22    0.00    2.29 ^ _082_/A2 (sky130_fd_sc_hd__o22a_1)
                  0.07    0.28    2.57 ^ _082_/X (sky130_fd_sc_hd__o22a_1)
     1    0.00                           _024_ (net)
                  0.07    0.00    2.57 ^ _087_/B (sky130_fd_sc_hd__or3_1)
                  0.06    0.15    2.72 ^ _087_/X (sky130_fd_sc_hd__or3_1)
     1    0.00                           _029_ (net)
                  0.06    0.00    2.72 ^ _088_/A (sky130_fd_sc_hd__buf_1)
                  0.19    0.22    2.94 ^ _088_/X (sky130_fd_sc_hd__buf_1)
     2    0.01                           net13 (net)
                  0.19    0.00    2.94 ^ output13/A (sky130_fd_sc_hd__clkbuf_4)
                  0.18    0.36    3.31 ^ output13/X (sky130_fd_sc_hd__clkbuf_4)
     1    0.03                           result[1] (net)
                  0.18    0.00    3.31 ^ result[1] (out)
                                  3.31   data arrival time

                  0.00    0.00    0.00   clock __VIRTUAL_CLK__ (rise edge)
                          0.00    0.00   clock network delay (ideal)
                          0.25    0.25   clock uncertainty
                          0.00    0.25   clock reconvergence pessimism
                         -2.00   -1.75   output external delay
                                 -1.75   data required time
-----------------------------------------------------------------------------
                                 -1.75   data required time
                                 -3.31   data arrival time
-----------------------------------------------------------------------------
                                  5.06   slack (MET)


Startpoint: a[2] (input port clocked by __VIRTUAL_CLK__)
Endpoint: result[3] (output port clocked by __VIRTUAL_CLK__)
Path Group: __VIRTUAL_CLK__
Path Type: min
Corner: Slowest

Fanout     Cap    Slew   Delay    Time   Description
-----------------------------------------------------------------------------
                  0.00    0.00    0.00   clock __VIRTUAL_CLK__ (rise edge)
                          0.00    0.00   clock network delay (ideal)
                          2.00    2.00 ^ input external delay
                  0.03    0.01    2.01 ^ a[2] (in)
     1    0.00                           a[2] (net)
                  0.03    0.00    2.01 ^ input3/A (sky130_fd_sc_hd__buf_2)
                  0.27    0.30    2.32 ^ input3/X (sky130_fd_sc_hd__buf_2)
     8    0.03                           net3 (net)
                  0.27    0.00    2.32 ^ _115_/A1 (sky130_fd_sc_hd__a211o_1)
                  0.09    0.32    2.64 ^ _115_/X (sky130_fd_sc_hd__a211o_1)
     2    0.01                           _055_ (net)
                  0.09    0.00    2.64 ^ _116_/B (sky130_fd_sc_hd__and2_1)
                  0.09    0.23    2.87 ^ _116_/X (sky130_fd_sc_hd__and2_1)
     1    0.00                           _056_ (net)
                  0.09    0.00    2.87 ^ _117_/A (sky130_fd_sc_hd__clkbuf_1)
                  0.09    0.16    3.03 ^ _117_/X (sky130_fd_sc_hd__clkbuf_1)
     1    0.00                           net15 (net)
                  0.09    0.00    3.03 ^ output15/A (sky130_fd_sc_hd__clkbuf_4)
                  0.18    0.32    3.35 ^ output15/X (sky130_fd_sc_hd__clkbuf_4)
     1    0.03                           result[3] (net)
                  0.18    0.00    3.35 ^ result[3] (out)
                                  3.35   data arrival time

                  0.00    0.00    0.00   clock __VIRTUAL_CLK__ (rise edge)
                          0.00    0.00   clock network delay (ideal)
                          0.25    0.25   clock uncertainty
                          0.00    0.25   clock reconvergence pessimism
                         -2.00   -1.75   output external delay
                                 -1.75   data required time
-----------------------------------------------------------------------------
                                 -1.75   data required time
                                 -3.35   data arrival time
-----------------------------------------------------------------------------
                                  5.10   slack (MET)


Startpoint: a[2] (input port clocked by __VIRTUAL_CLK__)
Endpoint: zero (output port clocked by __VIRTUAL_CLK__)
Path Group: __VIRTUAL_CLK__
Path Type: min
Corner: Slowest

Fanout     Cap    Slew   Delay    Time   Description
-----------------------------------------------------------------------------
                  0.00    0.00    0.00   clock __VIRTUAL_CLK__ (rise edge)
                          0.00    0.00   clock network delay (ideal)
                          2.00    2.00 ^ input external delay
                  0.03    0.01    2.01 ^ a[2] (in)
     1    0.00                           a[2] (net)
                  0.03    0.00    2.01 ^ input3/A (sky130_fd_sc_hd__buf_2)
                  0.27    0.30    2.32 ^ input3/X (sky130_fd_sc_hd__buf_2)
     8    0.03                           net3 (net)
                  0.27    0.00    2.32 ^ _115_/A1 (sky130_fd_sc_hd__a211o_1)
                  0.09    0.32    2.64 ^ _115_/X (sky130_fd_sc_hd__a211o_1)
     2    0.01                           _055_ (net)
                  0.09    0.00    2.64 ^ _118_/A2 (sky130_fd_sc_hd__a2111oi_1)
                  0.07    0.15    2.79 v _118_/Y (sky130_fd_sc_hd__a2111oi_1)
     1    0.00                           net16 (net)
                  0.07    0.00    2.79 v wire19/A (sky130_fd_sc_hd__clkbuf_1)
                  0.08    0.18    2.96 v wire19/X (sky130_fd_sc_hd__clkbuf_1)
     1    0.01                           net19 (net)
                  0.08    0.00    2.96 v wire18/A (sky130_fd_sc_hd__clkbuf_1)
                  0.06    0.17    3.13 v wire18/X (sky130_fd_sc_hd__clkbuf_1)
     1    0.00                           net18 (net)
                  0.06    0.00    3.13 v wire17/A (sky130_fd_sc_hd__clkbuf_1)
                  0.07    0.16    3.29 v wire17/X (sky130_fd_sc_hd__clkbuf_1)
     1    0.00                           net17 (net)
                  0.07    0.00    3.29 v output16/A (sky130_fd_sc_hd__clkbuf_4)
                  0.14    0.31    3.60 v output16/X (sky130_fd_sc_hd__clkbuf_4)
     1    0.03                           zero (net)
                  0.14    0.00    3.60 v zero (out)
                                  3.60   data arrival time

                  0.00    0.00    0.00   clock __VIRTUAL_CLK__ (rise edge)
                          0.00    0.00   clock network delay (ideal)
                          0.25    0.25   clock uncertainty
                          0.00    0.25   clock reconvergence pessimism
                         -2.00   -1.75   output external delay
                                 -1.75   data required time
-----------------------------------------------------------------------------
                                 -1.75   data required time
                                 -3.60   data arrival time
-----------------------------------------------------------------------------
                                  5.35   slack (MET)



======================= Typical Corner ===================================

Startpoint: b[0] (input port clocked by __VIRTUAL_CLK__)
Endpoint: result[0] (output port clocked by __VIRTUAL_CLK__)
Path Group: __VIRTUAL_CLK__
Path Type: min
Corner: Typical

Fanout     Cap    Slew   Delay    Time   Description
-----------------------------------------------------------------------------
                  0.00    0.00    0.00   clock __VIRTUAL_CLK__ (rise edge)
                          0.00    0.00   clock network delay (ideal)
                          2.00    2.00 v input external delay
                  0.01    0.00    2.00 v b[0] (in)
     1    0.00                           b[0] (net)
                  0.01    0.00    2.00 v input5/A (sky130_fd_sc_hd__clkbuf_2)
                  0.10    0.14    2.14 v input5/X (sky130_fd_sc_hd__clkbuf_2)
     7    0.02                           net5 (net)
                  0.10    0.00    2.14 v _061_/A (sky130_fd_sc_hd__nand2_1)
                  0.05    0.07    2.22 ^ _061_/Y (sky130_fd_sc_hd__nand2_1)
     1    0.00                           _004_ (net)
                  0.05    0.00    2.22 ^ _070_/A3 (sky130_fd_sc_hd__a31o_1)
                  0.12    0.19    2.41 ^ _070_/X (sky130_fd_sc_hd__a31o_1)
     2    0.01                           net12 (net)
                  0.12    0.00    2.41 ^ output12/A (sky130_fd_sc_hd__clkbuf_4)
                  0.11    0.20    2.61 ^ output12/X (sky130_fd_sc_hd__clkbuf_4)
     1    0.04                           result[0] (net)
                  0.11    0.00    2.61 ^ result[0] (out)
                                  2.61   data arrival time

                  0.00    0.00    0.00   clock __VIRTUAL_CLK__ (rise edge)
                          0.00    0.00   clock network delay (ideal)
                          0.25    0.25   clock uncertainty
                          0.00    0.25   clock reconvergence pessimism
                         -2.00   -1.75   output external delay
                                 -1.75   data required time
-----------------------------------------------------------------------------
                                 -1.75   data required time
                                 -2.61   data arrival time
-----------------------------------------------------------------------------
                                  4.36   slack (MET)


Startpoint: op[1] (input port clocked by __VIRTUAL_CLK__)
Endpoint: result[2] (output port clocked by __VIRTUAL_CLK__)
Path Group: __VIRTUAL_CLK__
Path Type: min
Corner: Typical

Fanout     Cap    Slew   Delay    Time   Description
-----------------------------------------------------------------------------
                  0.00    0.00    0.00   clock __VIRTUAL_CLK__ (rise edge)
                          0.00    0.00   clock network delay (ideal)
                          2.00    2.00 ^ input external delay
                  0.02    0.01    2.01 ^ op[1] (in)
     1    0.00                           op[1] (net)
                  0.02    0.00    2.01 ^ input10/A (sky130_fd_sc_hd__clkbuf_2)
                  0.15    0.16    2.17 ^ input10/X (sky130_fd_sc_hd__clkbuf_2)
     8    0.03                           net10 (net)
                  0.15    0.00    2.18 ^ _089_/B (sky130_fd_sc_hd__nor2_1)
                  0.05    0.07    2.25 v _089_/Y (sky130_fd_sc_hd__nor2_1)
     2    0.01                           _030_ (net)
                  0.05    0.00    2.25 v _102_/A1 (sky130_fd_sc_hd__a31o_1)
                  0.07    0.20    2.45 v _102_/X (sky130_fd_sc_hd__a31o_1)
     2    0.01                           net14 (net)
                  0.07    0.00    2.45 v output14/A (sky130_fd_sc_hd__clkbuf_4)
                  0.08    0.18    2.63 v output14/X (sky130_fd_sc_hd__clkbuf_4)
     1    0.03                           result[2] (net)
                  0.08    0.00    2.63 v result[2] (out)
                                  2.63   data arrival time

                  0.00    0.00    0.00   clock __VIRTUAL_CLK__ (rise edge)
                          0.00    0.00   clock network delay (ideal)
                          0.25    0.25   clock uncertainty
                          0.00    0.25   clock reconvergence pessimism
                         -2.00   -1.75   output external delay
                                 -1.75   data required time
-----------------------------------------------------------------------------
                                 -1.75   data required time
                                 -2.63   data arrival time
-----------------------------------------------------------------------------
                                  4.38   slack (MET)


Startpoint: b[1] (input port clocked by __VIRTUAL_CLK__)
Endpoint: result[1] (output port clocked by __VIRTUAL_CLK__)
Path Group: __VIRTUAL_CLK__
Path Type: min
Corner: Typical

Fanout     Cap    Slew   Delay    Time   Description
-----------------------------------------------------------------------------
                  0.00    0.00    0.00   clock __VIRTUAL_CLK__ (rise edge)
                          0.00    0.00   clock network delay (ideal)
                          2.00    2.00 ^ input external delay
                  0.02    0.01    2.01 ^ b[1] (in)
     1    0.00                           b[1] (net)
                  0.02    0.00    2.01 ^ input6/A (sky130_fd_sc_hd__clkbuf_2)
                  0.14    0.16    2.17 ^ input6/X (sky130_fd_sc_hd__clkbuf_2)
     6    0.02                           net6 (net)
                  0.14    0.00    2.17 ^ _082_/A2 (sky130_fd_sc_hd__o22a_1)
                  0.04    0.13    2.30 ^ _082_/X (sky130_fd_sc_hd__o22a_1)
     1    0.00                           _024_ (net)
                  0.04    0.00    2.31 ^ _087_/B (sky130_fd_sc_hd__or3_1)
                  0.04    0.08    2.39 ^ _087_/X (sky130_fd_sc_hd__or3_1)
     1    0.00                           _029_ (net)
                  0.04    0.00    2.39 ^ _088_/A (sky130_fd_sc_hd__buf_1)
                  0.12    0.12    2.51 ^ _088_/X (sky130_fd_sc_hd__buf_1)
     2    0.01                           net13 (net)
                  0.12    0.00    2.51 ^ output13/A (sky130_fd_sc_hd__clkbuf_4)
                  0.11    0.20    2.71 ^ output13/X (sky130_fd_sc_hd__clkbuf_4)
     1    0.03                           result[1] (net)
                  0.11    0.00    2.71 ^ result[1] (out)
                                  2.71   data arrival time

                  0.00    0.00    0.00   clock __VIRTUAL_CLK__ (rise edge)
                          0.00    0.00   clock network delay (ideal)
                          0.25    0.25   clock uncertainty
                          0.00    0.25   clock reconvergence pessimism
                         -2.00   -1.75   output external delay
                                 -1.75   data required time
-----------------------------------------------------------------------------
                                 -1.75   data required time
                                 -2.71   data arrival time
-----------------------------------------------------------------------------
                                  4.46   slack (MET)


Startpoint: a[2] (input port clocked by __VIRTUAL_CLK__)
Endpoint: result[3] (output port clocked by __VIRTUAL_CLK__)
Path Group: __VIRTUAL_CLK__
Path Type: min
Corner: Typical

Fanout     Cap    Slew   Delay    Time   Description
-----------------------------------------------------------------------------
                  0.00    0.00    0.00   clock __VIRTUAL_CLK__ (rise edge)
                          0.00    0.00   clock network delay (ideal)
                          2.00    2.00 ^ input external delay
                  0.02    0.01    2.01 ^ a[2] (in)
     1    0.00                           a[2] (net)
                  0.02    0.00    2.01 ^ input3/A (sky130_fd_sc_hd__buf_2)
                  0.17    0.18    2.18 ^ input3/X (sky130_fd_sc_hd__buf_2)
     8    0.03                           net3 (net)
                  0.17    0.00    2.19 ^ _115_/A1 (sky130_fd_sc_hd__a211o_1)
                  0.06    0.15    2.34 ^ _115_/X (sky130_fd_sc_hd__a211o_1)
     2    0.01                           _055_ (net)
                  0.06    0.00    2.34 ^ _116_/B (sky130_fd_sc_hd__and2_1)
                  0.05    0.12    2.46 ^ _116_/X (sky130_fd_sc_hd__and2_1)
     1    0.00                           _056_ (net)
                  0.05    0.00    2.46 ^ _117_/A (sky130_fd_sc_hd__clkbuf_1)
                  0.05    0.08    2.55 ^ _117_/X (sky130_fd_sc_hd__clkbuf_1)
     1    0.00                           net15 (net)
                  0.05    0.00    2.55 ^ output15/A (sky130_fd_sc_hd__clkbuf_4)
                  0.11    0.18    2.72 ^ output15/X (sky130_fd_sc_hd__clkbuf_4)
     1    0.03                           result[3] (net)
                  0.11    0.00    2.73 ^ result[3] (out)
                                  2.73   data arrival time

                  0.00    0.00    0.00   clock __VIRTUAL_CLK__ (rise edge)
                          0.00    0.00   clock network delay (ideal)
                          0.25    0.25   clock uncertainty
                          0.00    0.25   clock reconvergence pessimism
                         -2.00   -1.75   output external delay
                                 -1.75   data required time
-----------------------------------------------------------------------------
                                 -1.75   data required time
                                 -2.73   data arrival time
-----------------------------------------------------------------------------
                                  4.48   slack (MET)


Startpoint: a[2] (input port clocked by __VIRTUAL_CLK__)
Endpoint: zero (output port clocked by __VIRTUAL_CLK__)
Path Group: __VIRTUAL_CLK__
Path Type: min
Corner: Typical

Fanout     Cap    Slew   Delay    Time   Description
-----------------------------------------------------------------------------
                  0.00    0.00    0.00   clock __VIRTUAL_CLK__ (rise edge)
                          0.00    0.00   clock network delay (ideal)
                          2.00    2.00 ^ input external delay
                  0.02    0.01    2.01 ^ a[2] (in)
     1    0.00                           a[2] (net)
                  0.02    0.00    2.01 ^ input3/A (sky130_fd_sc_hd__buf_2)
                  0.17    0.18    2.18 ^ input3/X (sky130_fd_sc_hd__buf_2)
     8    0.03                           net3 (net)
                  0.17    0.00    2.19 ^ _115_/A1 (sky130_fd_sc_hd__a211o_1)
                  0.06    0.15    2.34 ^ _115_/X (sky130_fd_sc_hd__a211o_1)
     2    0.01                           _055_ (net)
                  0.06    0.00    2.34 ^ _118_/A2 (sky130_fd_sc_hd__a2111oi_1)
                  0.04    0.06    2.41 v _118_/Y (sky130_fd_sc_hd__a2111oi_1)
     1    0.00                           net16 (net)
                  0.04    0.00    2.41 v wire19/A (sky130_fd_sc_hd__clkbuf_1)
                  0.04    0.10    2.50 v wire19/X (sky130_fd_sc_hd__clkbuf_1)
     1    0.01                           net19 (net)
                  0.04    0.00    2.50 v wire18/A (sky130_fd_sc_hd__clkbuf_1)
                  0.03    0.09    2.59 v wire18/X (sky130_fd_sc_hd__clkbuf_1)
     1    0.00                           net18 (net)
                  0.03    0.00    2.59 v wire17/A (sky130_fd_sc_hd__clkbuf_1)
                  0.03    0.08    2.68 v wire17/X (sky130_fd_sc_hd__clkbuf_1)
     1    0.00                           net17 (net)
                  0.03    0.00    2.68 v output16/A (sky130_fd_sc_hd__clkbuf_4)
                  0.08    0.17    2.84 v output16/X (sky130_fd_sc_hd__clkbuf_4)
     1    0.03                           zero (net)
                  0.08    0.00    2.85 v zero (out)
                                  2.85   data arrival time

                  0.00    0.00    0.00   clock __VIRTUAL_CLK__ (rise edge)
                          0.00    0.00   clock network delay (ideal)
                          0.25    0.25   clock uncertainty
                          0.00    0.25   clock reconvergence pessimism
                         -2.00   -1.75   output external delay
                                 -1.75   data required time
-----------------------------------------------------------------------------
                                 -1.75   data required time
                                 -2.85   data arrival time
-----------------------------------------------------------------------------
                                  4.60   slack (MET)



