
===========================================================================
report_checks -path_delay min (Hold)
============================================================================
======================= Fastest Corner ===================================

Startpoint: b[0] (input port clocked by __VIRTUAL_CLK__)
Endpoint: result[0] (output port clocked by __VIRTUAL_CLK__)
Path Group: __VIRTUAL_CLK__
Path Type: min
Corner: Fastest

Fanout     Cap    Slew   Delay    Time   Description
-----------------------------------------------------------------------------
                  0.00    0.00    0.00   clock __VIRTUAL_CLK__ (rise edge)
                          0.00    0.00   clock network delay (ideal)
                          2.00    2.00 v input external delay
                  0.01    0.00    2.00 v b[0] (in)
     1    0.00                           b[0] (net)
                  0.01    0.00    2.00 v input5/A (sky130_fd_sc_hd__clkbuf_2)
                  0.06    0.09    2.09 v input5/X (sky130_fd_sc_hd__clkbuf_2)
     7    0.02                           net5 (net)
                  0.06    0.00    2.09 v _061_/A (sky130_fd_sc_hd__nand2_1)
                  0.03    0.05    2.14 ^ _061_/Y (sky130_fd_sc_hd__nand2_1)
     1    0.00                           _004_ (net)
                  0.03    0.00    2.14 ^ _070_/A3 (sky130_fd_sc_hd__a31o_1)
                  0.08    0.11    2.25 ^ _070_/X (sky130_fd_sc_hd__a31o_1)
     2    0.01                           net12 (net)
                  0.08    0.00    2.25 ^ output12/A (sky130_fd_sc_hd__clkbuf_4)
                  0.09    0.13    2.39 ^ output12/X (sky130_fd_sc_hd__clkbuf_4)
     1    0.03                           result[0] (net)
                  0.09    0.00    2.39 ^ result[0] (out)
                                  2.39   data arrival time

                  0.00    0.00    0.00   clock __VIRTUAL_CLK__ (rise edge)
                          0.00    0.00   clock network delay (ideal)
                          0.25    0.25   clock uncertainty
                          0.00    0.25   clock reconvergence pessimism
                         -2.00   -1.75   output external delay
                                 -1.75   data required time
-----------------------------------------------------------------------------
                                 -1.75   data required time
                                 -2.39   data arrival time
-----------------------------------------------------------------------------
                                  4.14   slack (MET)


Startpoint: op[1] (input port clocked by __VIRTUAL_CLK__)
Endpoint: result[2] (output port clocked by __VIRTUAL_CLK__)
Path Group: __VIRTUAL_CLK__
Path Type: min
Corner: Fastest

Fanout     Cap    Slew   Delay    Time   Description
-----------------------------------------------------------------------------
                  0.00    0.00    0.00   clock __VIRTUAL_CLK__ (rise edge)
                          0.00    0.00   clock network delay (ideal)
                          2.00    2.00 ^ input external delay
                  0.01    0.01    2.01 ^ op[1] (in)
     1    0.00                           op[1] (net)
                  0.01    0.00    2.01 ^ input10/A (sky130_fd_sc_hd__clkbuf_2)
                  0.11    0.11    2.12 ^ input10/X (sky130_fd_sc_hd__clkbuf_2)
     8    0.03                           net10 (net)
                  0.11    0.00    2.12 ^ _089_/B (sky130_fd_sc_hd__nor2_1)
                  0.04    0.04    2.16 v _089_/Y (sky130_fd_sc_hd__nor2_1)
     2    0.01                           _030_ (net)
                  0.04    0.00    2.16 v _102_/A1 (sky130_fd_sc_hd__a31o_1)
                  0.04    0.13    2.28 v _102_/X (sky130_fd_sc_hd__a31o_1)
     2    0.01                           net14 (net)
                  0.04    0.00    2.29 v output14/A (sky130_fd_sc_hd__clkbuf_4)
                  0.06    0.12    2.40 v output14/X (sky130_fd_sc_hd__clkbuf_4)
     1    0.03                           result[2] (net)
                  0.06    0.00    2.41 v result[2] (out)
                                  2.41   data arrival time

                  0.00    0.00    0.00   clock __VIRTUAL_CLK__ (rise edge)
                          0.00    0.00   clock network delay (ideal)
                          0.25    0.25   clock uncertainty
                          0.00    0.25   clock reconvergence pessimism
                         -2.00   -1.75   output external delay
                                 -1.75   data required time
-----------------------------------------------------------------------------
                                 -1.75   data required time
                                 -2.41   data arrival time
-----------------------------------------------------------------------------
                                  4.16   slack (MET)


Startpoint: b[1] (input port clocked by __VIRTUAL_CLK__)
Endpoint: result[1] (output port clocked by __VIRTUAL_CLK__)
Path Group: __VIRTUAL_CLK__
Path Type: min
Corner: Fastest

Fanout     Cap    Slew   Delay    Time   Description
-----------------------------------------------------------------------------
                  0.00    0.00    0.00   clock __VIRTUAL_CLK__ (rise edge)
                          0.00    0.00   clock network delay (ideal)
                          2.00    2.00 ^ input external delay
                  0.02    0.01    2.01 ^ b[1] (in)
     1    0.00                           b[1] (net)
                  0.02    0.00    2.01 ^ input6/A (sky130_fd_sc_hd__clkbuf_2)
                  0.10    0.11    2.12 ^ input6/X (sky130_fd_sc_hd__clkbuf_2)
     6    0.02                           net6 (net)
                  0.10    0.00    2.12 ^ _082_/A2 (sky130_fd_sc_hd__o22a_1)
                  0.02    0.07    2.19 ^ _082_/X (sky130_fd_sc_hd__o22a_1)
     1    0.00                           _024_ (net)
                  0.02    0.00    2.19 ^ _087_/B (sky130_fd_sc_hd__or3_1)
                  0.03    0.06    2.24 ^ _087_/X (sky130_fd_sc_hd__or3_1)
     1    0.00                           _029_ (net)
                  0.03    0.00    2.24 ^ _088_/A (sky130_fd_sc_hd__buf_1)
                  0.08    0.08    2.32 ^ _088_/X (sky130_fd_sc_hd__buf_1)
     2    0.01                           net13 (net)
                  0.08    0.00    2.32 ^ output13/A (sky130_fd_sc_hd__clkbuf_4)
                  0.08    0.13    2.45 ^ output13/X (sky130_fd_sc_hd__clkbuf_4)
     1    0.03                           result[1] (net)
                  0.08    0.00    2.46 ^ result[1] (out)
                                  2.46   data arrival time

                  0.00    0.00    0.00   clock __VIRTUAL_CLK__ (rise edge)
                          0.00    0.00   clock network delay (ideal)
                          0.25    0.25   clock uncertainty
                          0.00    0.25   clock reconvergence pessimism
                         -2.00   -1.75   output external delay
                                 -1.75   data required time
-----------------------------------------------------------------------------
                                 -1.75   data required time
                                 -2.46   data arrival time
-----------------------------------------------------------------------------
                                  4.21   slack (MET)


Startpoint: a[2] (input port clocked by __VIRTUAL_CLK__)
Endpoint: result[3] (output port clocked by __VIRTUAL_CLK__)
Path Group: __VIRTUAL_CLK__
Path Type: min
Corner: Fastest

Fanout     Cap    Slew   Delay    Time   Description
-----------------------------------------------------------------------------
                  0.00    0.00    0.00   clock __VIRTUAL_CLK__ (rise edge)
                          0.00    0.00   clock network delay (ideal)
                          2.00    2.00 ^ input external delay
                  0.01    0.01    2.01 ^ a[2] (in)
     1    0.00                           a[2] (net)
                  0.01    0.00    2.01 ^ input3/A (sky130_fd_sc_hd__buf_2)
                  0.12    0.12    2.13 ^ input3/X (sky130_fd_sc_hd__buf_2)
     8    0.03                           net3 (net)
                  0.12    0.00    2.13 ^ _115_/A1 (sky130_fd_sc_hd__a211o_1)
                  0.04    0.09    2.22 ^ _115_/X (sky130_fd_sc_hd__a211o_1)
     2    0.01                           _055_ (net)
                  0.04    0.00    2.22 ^ _116_/B (sky130_fd_sc_hd__and2_1)
                  0.04    0.07    2.29 ^ _116_/X (sky130_fd_sc_hd__and2_1)
     1    0.00                           _056_ (net)
                  0.04    0.00    2.29 ^ _117_/A (sky130_fd_sc_hd__clkbuf_1)
                  0.04    0.05    2.35 ^ _117_/X (sky130_fd_sc_hd__clkbuf_1)
     1    0.00                           net15 (net)
                  0.04    0.00    2.35 ^ output15/A (sky130_fd_sc_hd__clkbuf_4)
                  0.08    0.12    2.47 ^ output15/X (sky130_fd_sc_hd__clkbuf_4)
     1    0.03                           result[3] (net)
                  0.08    0.00    2.47 ^ result[3] (out)
                                  2.47   data arrival time

                  0.00    0.00    0.00   clock __VIRTUAL_CLK__ (rise edge)
                          0.00    0.00   clock network delay (ideal)
                          0.25    0.25   clock uncertainty
                          0.00    0.25   clock reconvergence pessimism
                         -2.00   -1.75   output external delay
                                 -1.75   data required time
-----------------------------------------------------------------------------
                                 -1.75   data required time
                                 -2.47   data arrival time
-----------------------------------------------------------------------------
                                  4.22   slack (MET)


Startpoint: a[2] (input port clocked by __VIRTUAL_CLK__)
Endpoint: zero (output port clocked by __VIRTUAL_CLK__)
Path Group: __VIRTUAL_CLK__
Path Type: min
Corner: Fastest

Fanout     Cap    Slew   Delay    Time   Description
-----------------------------------------------------------------------------
                  0.00    0.00    0.00   clock __VIRTUAL_CLK__ (rise edge)
                          0.00    0.00   clock network delay (ideal)
                          2.00    2.00 ^ input external delay
                  0.01    0.01    2.01 ^ a[2] (in)
     1    0.00                           a[2] (net)
                  0.01    0.00    2.01 ^ input3/A (sky130_fd_sc_hd__buf_2)
                  0.12    0.12    2.13 ^ input3/X (sky130_fd_sc_hd__buf_2)
     8    0.03                           net3 (net)
                  0.12    0.00    2.13 ^ _115_/A1 (sky130_fd_sc_hd__a211o_1)
                  0.04    0.09    2.22 ^ _115_/X (sky130_fd_sc_hd__a211o_1)
     2    0.01                           _055_ (net)
                  0.04    0.00    2.22 ^ _118_/A2 (sky130_fd_sc_hd__a2111oi_1)
                  0.03    0.04    2.26 v _118_/Y (sky130_fd_sc_hd__a2111oi_1)
     1    0.00                           net16 (net)
                  0.03    0.00    2.26 v wire19/A (sky130_fd_sc_hd__clkbuf_1)
                  0.03    0.06    2.32 v wire19/X (sky130_fd_sc_hd__clkbuf_1)
     1    0.00                           net19 (net)
                  0.03    0.00    2.32 v wire18/A (sky130_fd_sc_hd__clkbuf_1)
                  0.02    0.06    2.37 v wire18/X (sky130_fd_sc_hd__clkbuf_1)
     1    0.00                           net18 (net)
                  0.02    0.00    2.37 v wire17/A (sky130_fd_sc_hd__clkbuf_1)
                  0.02    0.05    2.43 v wire17/X (sky130_fd_sc_hd__clkbuf_1)
     1    0.00                           net17 (net)
                  0.02    0.00    2.43 v output16/A (sky130_fd_sc_hd__clkbuf_4)
                  0.06    0.11    2.54 v output16/X (sky130_fd_sc_hd__clkbuf_4)
     1    0.03                           zero (net)
                  0.06    0.00    2.54 v zero (out)
                                  2.54   data arrival time

                  0.00    0.00    0.00   clock __VIRTUAL_CLK__ (rise edge)
                          0.00    0.00   clock network delay (ideal)
                          0.25    0.25   clock uncertainty
                          0.00    0.25   clock reconvergence pessimism
                         -2.00   -1.75   output external delay
                                 -1.75   data required time
-----------------------------------------------------------------------------
                                 -1.75   data required time
                                 -2.54   data arrival time
-----------------------------------------------------------------------------
                                  4.29   slack (MET)



======================= Slowest Corner ===================================

Startpoint: b[0] (input port clocked by __VIRTUAL_CLK__)
Endpoint: result[0] (output port clocked by __VIRTUAL_CLK__)
Path Group: __VIRTUAL_CLK__
Path Type: min
Corner: Slowest

Fanout     Cap    Slew   Delay    Time   Description
-----------------------------------------------------------------------------
                  0.00    0.00    0.00   clock __VIRTUAL_CLK__ (rise edge)
                          0.00    0.00   clock network delay (ideal)
                          2.00    2.00 v input external delay
                  0.02    0.01    2.01 v b[0] (in)
     1    0.00                           b[0] (net)
                  0.02    0.00    2.01 v input5/A (sky130_fd_sc_hd__clkbuf_2)
                  0.16    0.24    2.25 v input5/X (sky130_fd_sc_hd__clkbuf_2)
     7    0.02                           net5 (net)
                  0.16    0.00    2.25 v _061_/A (sky130_fd_sc_hd__nand2_1)
                  0.08    0.12    2.38 ^ _061_/Y (sky130_fd_sc_hd__nand2_1)
     1    0.00                           _004_ (net)
                  0.08    0.00    2.38 ^ _070_/A3 (sky130_fd_sc_hd__a31o_1)
                  0.18    0.38    2.75 ^ _070_/X (sky130_fd_sc_hd__a31o_1)
     2    0.01                           net12 (net)
                  0.18    0.00    2.75 ^ output12/A (sky130_fd_sc_hd__clkbuf_4)
                  0.18    0.36    3.12 ^ output12/X (sky130_fd_sc_hd__clkbuf_4)
     1    0.03                           result[0] (net)
                  0.18    0.00    3.12 ^ result[0] (out)
                                  3.12   data arrival time

                  0.00    0.00    0.00   clock __VIRTUAL_CLK__ (rise edge)
                          0.00    0.00   clock network delay (ideal)
                          0.25    0.25   clock uncertainty
                          0.00    0.25   clock reconvergence pessimism
                         -2.00   -1.75   output external delay
                                 -1.75   data required time
-----------------------------------------------------------------------------
                                 -1.75   data required time
                                 -3.12   data arrival time
-----------------------------------------------------------------------------
                                  4.87   slack (MET)


Startpoint: op[1] (input port clocked by __VIRTUAL_CLK__)
Endpoint: result[2] (output port clocked by __VIRTUAL_CLK__)
Path Group: __VIRTUAL_CLK__
Path Type: min
Corner: Slowest

Fanout     Cap    Slew   Delay    Time   Description
-----------------------------------------------------------------------------
                  0.00    0.00    0.00   clock __VIRTUAL_CLK__ (rise edge)
                          0.00    0.00   clock network delay (ideal)
                          2.00    2.00 ^ input external delay
                  0.03    0.01    2.01 ^ op[1] (in)
     1    0.00                           op[1] (net)
                  0.03    0.00    2.01 ^ input10/A (sky130_fd_sc_hd__clkbuf_2)
                  0.22    0.27    2.28 ^ input10/X (sky130_fd_sc_hd__clkbuf_2)
     8    0.02                           net10 (net)
                  0.22    0.00    2.28 ^ _089_/B (sky130_fd_sc_hd__nor2_1)
                  0.08    0.15    2.43 v _089_/Y (sky130_fd_sc_hd__nor2_1)
     2    0.01                           _030_ (net)
                  0.08    0.00    2.43 v _102_/A1 (sky130_fd_sc_hd__a31o_1)
                  0.12    0.36    2.79 v _102_/X (sky130_fd_sc_hd__a31o_1)
     2    0.01                           net14 (net)
                  0.12    0.00    2.79 v output14/A (sky130_fd_sc_hd__clkbuf_4)
                  0.14    0.33    3.12 v output14/X (sky130_fd_sc_hd__clkbuf_4)
     1    0.03                           result[2] (net)
                  0.14    0.00    3.12 v result[2] (out)
                                  3.12   data arrival time

                  0.00    0.00    0.00   clock __VIRTUAL_CLK__ (rise edge)
                          0.00    0.00   clock network delay (ideal)
                          0.25    0.25   clock uncertainty
                          0.00    0.25   clock reconvergence pessimism
                         -2.00   -1.75   output external delay
                                 -1.75   data required time
-----------------------------------------------------------------------------
                                 -1.75   data required time
                                 -3.12   data arrival time
-----------------------------------------------------------------------------
                                  4.87   slack (MET)


Startpoint: b[1] (input port clocked by __VIRTUAL_CLK__)
Endpoint: result[1] (output port clocked by __VIRTUAL_CLK__)
Path Group: __VIRTUAL_CLK__
Path Type: min
Corner: Slowest

Fanout     Cap    Slew   Delay    Time   Description
-----------------------------------------------------------------------------
                  0.00    0.00    0.00   clock __VIRTUAL_CLK__ (rise edge)
                          0.00    0.00   clock network delay (ideal)
                          2.00    2.00 ^ input external delay
                  0.04    0.02    2.02 ^ b[1] (in)
     1    0.00                           b[1] (net)
                  0.04    0.00    2.02 ^ input6/A (sky130_fd_sc_hd__clkbuf_2)
                  0.20    0.26    2.28 ^ input6/X (sky130_fd_sc_hd__clkbuf_2)
     6    0.02                           net6 (net)
                  0.20    0.00    2.28 ^ _082_/A2 (sky130_fd_sc_hd__o22a_1)
                  0.06    0.27    2.55 ^ _082_/X (sky130_fd_sc_hd__o22a_1)
     1    0.00                           _024_ (net)
                  0.06    0.00    2.55 ^ _087_/B (sky130_fd_sc_hd__or3_1)
                  0.06    0.15    2.70 ^ _087_/X (sky130_fd_sc_hd__or3_1)
     1    0.00                           _029_ (net)
                  0.06    0.00    2.70 ^ _088_/A (sky130_fd_sc_hd__buf_1)
                  0.17    0.21    2.91 ^ _088_/X (sky130_fd_sc_hd__buf_1)
     2    0.01                           net13 (net)
                  0.17    0.00    2.91 ^ output13/A (sky130_fd_sc_hd__clkbuf_4)
                  0.18    0.36    3.27 ^ output13/X (sky130_fd_sc_hd__clkbuf_4)
     1    0.03                           result[1] (net)
                  0.18    0.00    3.27 ^ result[1] (out)
                                  3.27   data arrival time

                  0.00    0.00    0.00   clock __VIRTUAL_CLK__ (rise edge)
                          0.00    0.00   clock network delay (ideal)
                          0.25    0.25   clock uncertainty
                          0.00    0.25   clock reconvergence pessimism
                         -2.00   -1.75   output external delay
                                 -1.75   data required time
-----------------------------------------------------------------------------
                                 -1.75   data required time
                                 -3.27   data arrival time
-----------------------------------------------------------------------------
                                  5.02   slack (MET)


Startpoint: a[2] (input port clocked by __VIRTUAL_CLK__)
Endpoint: result[3] (output port clocked by __VIRTUAL_CLK__)
Path Group: __VIRTUAL_CLK__
Path Type: min
Corner: Slowest

Fanout     Cap    Slew   Delay    Time   Description
-----------------------------------------------------------------------------
                  0.00    0.00    0.00   clock __VIRTUAL_CLK__ (rise edge)
                          0.00    0.00   clock network delay (ideal)
                          2.00    2.00 ^ input external delay
                  0.03    0.01    2.01 ^ a[2] (in)
     1    0.00                           a[2] (net)
                  0.03    0.00    2.01 ^ input3/A (sky130_fd_sc_hd__buf_2)
                  0.25    0.30    2.31 ^ input3/X (sky130_fd_sc_hd__buf_2)
     8    0.03                           net3 (net)
                  0.25    0.00    2.31 ^ _115_/A1 (sky130_fd_sc_hd__a211o_1)
                  0.09    0.31    2.62 ^ _115_/X (sky130_fd_sc_hd__a211o_1)
     2    0.01                           _055_ (net)
                  0.09    0.00    2.62 ^ _116_/B (sky130_fd_sc_hd__and2_1)
                  0.08    0.23    2.85 ^ _116_/X (sky130_fd_sc_hd__and2_1)
     1    0.00                           _056_ (net)
                  0.08    0.00    2.85 ^ _117_/A (sky130_fd_sc_hd__clkbuf_1)
                  0.08    0.16    3.00 ^ _117_/X (sky130_fd_sc_hd__clkbuf_1)
     1    0.00                           net15 (net)
                  0.08    0.00    3.00 ^ output15/A (sky130_fd_sc_hd__clkbuf_4)
                  0.18    0.32    3.32 ^ output15/X (sky130_fd_sc_hd__clkbuf_4)
     1    0.03                           result[3] (net)
                  0.18    0.00    3.32 ^ result[3] (out)
                                  3.32   data arrival time

                  0.00    0.00    0.00   clock __VIRTUAL_CLK__ (rise edge)
                          0.00    0.00   clock network delay (ideal)
                          0.25    0.25   clock uncertainty
                          0.00    0.25   clock reconvergence pessimism
                         -2.00   -1.75   output external delay
                                 -1.75   data required time
-----------------------------------------------------------------------------
                                 -1.75   data required time
                                 -3.32   data arrival time
-----------------------------------------------------------------------------
                                  5.07   slack (MET)


Startpoint: a[2] (input port clocked by __VIRTUAL_CLK__)
Endpoint: zero (output port clocked by __VIRTUAL_CLK__)
Path Group: __VIRTUAL_CLK__
Path Type: min
Corner: Slowest

Fanout     Cap    Slew   Delay    Time   Description
-----------------------------------------------------------------------------
                  0.00    0.00    0.00   clock __VIRTUAL_CLK__ (rise edge)
                          0.00    0.00   clock network delay (ideal)
                          2.00    2.00 ^ input external delay
                  0.03    0.01    2.01 ^ a[2] (in)
     1    0.00                           a[2] (net)
                  0.03    0.00    2.01 ^ input3/A (sky130_fd_sc_hd__buf_2)
                  0.25    0.30    2.31 ^ input3/X (sky130_fd_sc_hd__buf_2)
     8    0.03                           net3 (net)
                  0.25    0.00    2.31 ^ _115_/A1 (sky130_fd_sc_hd__a211o_1)
                  0.09    0.31    2.62 ^ _115_/X (sky130_fd_sc_hd__a211o_1)
     2    0.01                           _055_ (net)
                  0.09    0.00    2.62 ^ _118_/A2 (sky130_fd_sc_hd__a2111oi_1)
                  0.07    0.14    2.76 v _118_/Y (sky130_fd_sc_hd__a2111oi_1)
     1    0.00                           net16 (net)
                  0.07    0.00    2.76 v wire19/A (sky130_fd_sc_hd__clkbuf_1)
                  0.07    0.17    2.93 v wire19/X (sky130_fd_sc_hd__clkbuf_1)
     1    0.00                           net19 (net)
                  0.07    0.00    2.93 v wire18/A (sky130_fd_sc_hd__clkbuf_1)
                  0.06    0.16    3.09 v wire18/X (sky130_fd_sc_hd__clkbuf_1)
     1    0.00                           net18 (net)
                  0.06    0.00    3.09 v wire17/A (sky130_fd_sc_hd__clkbuf_1)
                  0.06    0.16    3.25 v wire17/X (sky130_fd_sc_hd__clkbuf_1)
     1    0.00                           net17 (net)
                  0.06    0.00    3.25 v output16/A (sky130_fd_sc_hd__clkbuf_4)
                  0.14    0.30    3.56 v output16/X (sky130_fd_sc_hd__clkbuf_4)
     1    0.03                           zero (net)
                  0.14    0.00    3.56 v zero (out)
                                  3.56   data arrival time

                  0.00    0.00    0.00   clock __VIRTUAL_CLK__ (rise edge)
                          0.00    0.00   clock network delay (ideal)
                          0.25    0.25   clock uncertainty
                          0.00    0.25   clock reconvergence pessimism
                         -2.00   -1.75   output external delay
                                 -1.75   data required time
-----------------------------------------------------------------------------
                                 -1.75   data required time
                                 -3.56   data arrival time
-----------------------------------------------------------------------------
                                  5.31   slack (MET)



======================= Typical Corner ===================================

Startpoint: b[0] (input port clocked by __VIRTUAL_CLK__)
Endpoint: result[0] (output port clocked by __VIRTUAL_CLK__)
Path Group: __VIRTUAL_CLK__
Path Type: min
Corner: Typical

Fanout     Cap    Slew   Delay    Time   Description
-----------------------------------------------------------------------------
                  0.00    0.00    0.00   clock __VIRTUAL_CLK__ (rise edge)
                          0.00    0.00   clock network delay (ideal)
                          2.00    2.00 v input external delay
                  0.01    0.00    2.00 v b[0] (in)
     1    0.00                           b[0] (net)
                  0.01    0.00    2.00 v input5/A (sky130_fd_sc_hd__clkbuf_2)
                  0.09    0.13    2.14 v input5/X (sky130_fd_sc_hd__clkbuf_2)
     7    0.02                           net5 (net)
                  0.09    0.00    2.14 v _061_/A (sky130_fd_sc_hd__nand2_1)
                  0.05    0.07    2.21 ^ _061_/Y (sky130_fd_sc_hd__nand2_1)
     1    0.00                           _004_ (net)
                  0.05    0.00    2.21 ^ _070_/A3 (sky130_fd_sc_hd__a31o_1)
                  0.11    0.18    2.39 ^ _070_/X (sky130_fd_sc_hd__a31o_1)
     2    0.01                           net12 (net)
                  0.11    0.00    2.39 ^ output12/A (sky130_fd_sc_hd__clkbuf_4)
                  0.11    0.20    2.59 ^ output12/X (sky130_fd_sc_hd__clkbuf_4)
     1    0.03                           result[0] (net)
                  0.11    0.00    2.59 ^ result[0] (out)
                                  2.59   data arrival time

                  0.00    0.00    0.00   clock __VIRTUAL_CLK__ (rise edge)
                          0.00    0.00   clock network delay (ideal)
                          0.25    0.25   clock uncertainty
                          0.00    0.25   clock reconvergence pessimism
                         -2.00   -1.75   output external delay
                                 -1.75   data required time
-----------------------------------------------------------------------------
                                 -1.75   data required time
                                 -2.59   data arrival time
-----------------------------------------------------------------------------
                                  4.34   slack (MET)


Startpoint: op[1] (input port clocked by __VIRTUAL_CLK__)
Endpoint: result[2] (output port clocked by __VIRTUAL_CLK__)
Path Group: __VIRTUAL_CLK__
Path Type: min
Corner: Typical

Fanout     Cap    Slew   Delay    Time   Description
-----------------------------------------------------------------------------
                  0.00    0.00    0.00   clock __VIRTUAL_CLK__ (rise edge)
                          0.00    0.00   clock network delay (ideal)
                          2.00    2.00 ^ input external delay
                  0.02    0.01    2.01 ^ op[1] (in)
     1    0.00                           op[1] (net)
                  0.02    0.00    2.01 ^ input10/A (sky130_fd_sc_hd__clkbuf_2)
                  0.14    0.16    2.17 ^ input10/X (sky130_fd_sc_hd__clkbuf_2)
     8    0.03                           net10 (net)
                  0.14    0.00    2.17 ^ _089_/B (sky130_fd_sc_hd__nor2_1)
                  0.05    0.07    2.24 v _089_/Y (sky130_fd_sc_hd__nor2_1)
     2    0.01                           _030_ (net)
                  0.05    0.00    2.24 v _102_/A1 (sky130_fd_sc_hd__a31o_1)
                  0.06    0.19    2.43 v _102_/X (sky130_fd_sc_hd__a31o_1)
     2    0.01                           net14 (net)
                  0.06    0.00    2.43 v output14/A (sky130_fd_sc_hd__clkbuf_4)
                  0.08    0.18    2.61 v output14/X (sky130_fd_sc_hd__clkbuf_4)
     1    0.03                           result[2] (net)
                  0.08    0.00    2.61 v result[2] (out)
                                  2.61   data arrival time

                  0.00    0.00    0.00   clock __VIRTUAL_CLK__ (rise edge)
                          0.00    0.00   clock network delay (ideal)
                          0.25    0.25   clock uncertainty
                          0.00    0.25   clock reconvergence pessimism
                         -2.00   -1.75   output external delay
                                 -1.75   data required time
-----------------------------------------------------------------------------
                                 -1.75   data required time
                                 -2.61   data arrival time
-----------------------------------------------------------------------------
                                  4.36   slack (MET)


Startpoint: b[1] (input port clocked by __VIRTUAL_CLK__)
Endpoint: result[1] (output port clocked by __VIRTUAL_CLK__)
Path Group: __VIRTUAL_CLK__
Path Type: min
Corner: Typical

Fanout     Cap    Slew   Delay    Time   Description
-----------------------------------------------------------------------------
                  0.00    0.00    0.00   clock __VIRTUAL_CLK__ (rise edge)
                          0.00    0.00   clock network delay (ideal)
                          2.00    2.00 ^ input external delay
                  0.02    0.01    2.01 ^ b[1] (in)
     1    0.00                           b[1] (net)
                  0.02    0.00    2.01 ^ input6/A (sky130_fd_sc_hd__clkbuf_2)
                  0.13    0.15    2.16 ^ input6/X (sky130_fd_sc_hd__clkbuf_2)
     6    0.02                           net6 (net)
                  0.13    0.00    2.16 ^ _082_/A2 (sky130_fd_sc_hd__o22a_1)
                  0.04    0.13    2.30 ^ _082_/X (sky130_fd_sc_hd__o22a_1)
     1    0.00                           _024_ (net)
                  0.04    0.00    2.30 ^ _087_/B (sky130_fd_sc_hd__or3_1)
                  0.04    0.08    2.38 ^ _087_/X (sky130_fd_sc_hd__or3_1)
     1    0.00                           _029_ (net)
                  0.04    0.00    2.38 ^ _088_/A (sky130_fd_sc_hd__buf_1)
                  0.11    0.12    2.50 ^ _088_/X (sky130_fd_sc_hd__buf_1)
     2    0.01                           net13 (net)
                  0.11    0.00    2.50 ^ output13/A (sky130_fd_sc_hd__clkbuf_4)
                  0.11    0.20    2.69 ^ output13/X (sky130_fd_sc_hd__clkbuf_4)
     1    0.03                           result[1] (net)
                  0.11    0.00    2.69 ^ result[1] (out)
                                  2.69   data arrival time

                  0.00    0.00    0.00   clock __VIRTUAL_CLK__ (rise edge)
                          0.00    0.00   clock network delay (ideal)
                          0.25    0.25   clock uncertainty
                          0.00    0.25   clock reconvergence pessimism
                         -2.00   -1.75   output external delay
                                 -1.75   data required time
-----------------------------------------------------------------------------
                                 -1.75   data required time
                                 -2.69   data arrival time
-----------------------------------------------------------------------------
                                  4.44   slack (MET)


Startpoint: a[2] (input port clocked by __VIRTUAL_CLK__)
Endpoint: result[3] (output port clocked by __VIRTUAL_CLK__)
Path Group: __VIRTUAL_CLK__
Path Type: min
Corner: Typical

Fanout     Cap    Slew   Delay    Time   Description
-----------------------------------------------------------------------------
                  0.00    0.00    0.00   clock __VIRTUAL_CLK__ (rise edge)
                          0.00    0.00   clock network delay (ideal)
                          2.00    2.00 ^ input external delay
                  0.02    0.01    2.01 ^ a[2] (in)
     1    0.00                           a[2] (net)
                  0.02    0.00    2.01 ^ input3/A (sky130_fd_sc_hd__buf_2)
                  0.16    0.17    2.18 ^ input3/X (sky130_fd_sc_hd__buf_2)
     8    0.03                           net3 (net)
                  0.16    0.00    2.18 ^ _115_/A1 (sky130_fd_sc_hd__a211o_1)
                  0.06    0.15    2.33 ^ _115_/X (sky130_fd_sc_hd__a211o_1)
     2    0.01                           _055_ (net)
                  0.06    0.00    2.33 ^ _116_/B (sky130_fd_sc_hd__and2_1)
                  0.05    0.12    2.45 ^ _116_/X (sky130_fd_sc_hd__and2_1)
     1    0.00                           _056_ (net)
                  0.05    0.00    2.45 ^ _117_/A (sky130_fd_sc_hd__clkbuf_1)
                  0.05    0.08    2.53 ^ _117_/X (sky130_fd_sc_hd__clkbuf_1)
     1    0.00                           net15 (net)
                  0.05    0.00    2.53 ^ output15/A (sky130_fd_sc_hd__clkbuf_4)
                  0.11    0.18    2.71 ^ output15/X (sky130_fd_sc_hd__clkbuf_4)
     1    0.03                           result[3] (net)
                  0.11    0.00    2.71 ^ result[3] (out)
                                  2.71   data arrival time

                  0.00    0.00    0.00   clock __VIRTUAL_CLK__ (rise edge)
                          0.00    0.00   clock network delay (ideal)
                          0.25    0.25   clock uncertainty
                          0.00    0.25   clock reconvergence pessimism
                         -2.00   -1.75   output external delay
                                 -1.75   data required time
-----------------------------------------------------------------------------
                                 -1.75   data required time
                                 -2.71   data arrival time
-----------------------------------------------------------------------------
                                  4.46   slack (MET)


Startpoint: a[2] (input port clocked by __VIRTUAL_CLK__)
Endpoint: zero (output port clocked by __VIRTUAL_CLK__)
Path Group: __VIRTUAL_CLK__
Path Type: min
Corner: Typical

Fanout     Cap    Slew   Delay    Time   Description
-----------------------------------------------------------------------------
                  0.00    0.00    0.00   clock __VIRTUAL_CLK__ (rise edge)
                          0.00    0.00   clock network delay (ideal)
                          2.00    2.00 ^ input external delay
                  0.02    0.01    2.01 ^ a[2] (in)
     1    0.00                           a[2] (net)
                  0.02    0.00    2.01 ^ input3/A (sky130_fd_sc_hd__buf_2)
                  0.16    0.17    2.18 ^ input3/X (sky130_fd_sc_hd__buf_2)
     8    0.03                           net3 (net)
                  0.16    0.00    2.18 ^ _115_/A1 (sky130_fd_sc_hd__a211o_1)
                  0.06    0.15    2.33 ^ _115_/X (sky130_fd_sc_hd__a211o_1)
     2    0.01                           _055_ (net)
                  0.06    0.00    2.33 ^ _118_/A2 (sky130_fd_sc_hd__a2111oi_1)
                  0.04    0.06    2.39 v _118_/Y (sky130_fd_sc_hd__a2111oi_1)
     1    0.00                           net16 (net)
                  0.04    0.00    2.39 v wire19/A (sky130_fd_sc_hd__clkbuf_1)
                  0.04    0.09    2.49 v wire19/X (sky130_fd_sc_hd__clkbuf_1)
     1    0.00                           net19 (net)
                  0.04    0.00    2.49 v wire18/A (sky130_fd_sc_hd__clkbuf_1)
                  0.03    0.08    2.57 v wire18/X (sky130_fd_sc_hd__clkbuf_1)
     1    0.00                           net18 (net)
                  0.03    0.00    2.57 v wire17/A (sky130_fd_sc_hd__clkbuf_1)
                  0.03    0.08    2.65 v wire17/X (sky130_fd_sc_hd__clkbuf_1)
     1    0.00                           net17 (net)
                  0.03    0.00    2.65 v output16/A (sky130_fd_sc_hd__clkbuf_4)
                  0.08    0.17    2.82 v output16/X (sky130_fd_sc_hd__clkbuf_4)
     1    0.03                           zero (net)
                  0.08    0.00    2.82 v zero (out)
                                  2.82   data arrival time

                  0.00    0.00    0.00   clock __VIRTUAL_CLK__ (rise edge)
                          0.00    0.00   clock network delay (ideal)
                          0.25    0.25   clock uncertainty
                          0.00    0.25   clock reconvergence pessimism
                         -2.00   -1.75   output external delay
                                 -1.75   data required time
-----------------------------------------------------------------------------
                                 -1.75   data required time
                                 -2.82   data arrival time
-----------------------------------------------------------------------------
                                  4.57   slack (MET)



