
===========================================================================
report_checks -path_delay max (Setup)
============================================================================
======================= Fastest Corner ===================================

Startpoint: op[2] (input port clocked by __VIRTUAL_CLK__)
Endpoint: zero (output port clocked by __VIRTUAL_CLK__)
Path Group: __VIRTUAL_CLK__
Path Type: max
Corner: Fastest

Fanout     Cap    Slew   Delay    Time   Description
-----------------------------------------------------------------------------
                  0.00    0.00    0.00   clock __VIRTUAL_CLK__ (rise edge)
                          0.00    0.00   clock network delay (ideal)
                          2.00    2.00 v input external delay
                  0.00    0.00    2.00 v op[2] (in)
     1    0.00                           op[2] (net)
                  0.00    0.00    2.00 v input11/A (sky130_fd_sc_hd__buf_2)
                  0.05    0.11    2.11 v input11/X (sky130_fd_sc_hd__buf_2)
     9    0.03                           net11 (net)
                  0.05    0.00    2.11 v _071_/A (sky130_fd_sc_hd__or3b_2)
                  0.08    0.33    2.43 v _071_/X (sky130_fd_sc_hd__or3b_2)
     4    0.02                           _013_ (net)
                  0.08    0.00    2.43 v _091_/B1 (sky130_fd_sc_hd__o21a_1)
                  0.04    0.10    2.53 v _091_/X (sky130_fd_sc_hd__o21a_1)
     2    0.01                           _032_ (net)
                  0.04    0.00    2.53 v _092_/B (sky130_fd_sc_hd__xnor2_1)
                  0.18    0.17    2.70 ^ _092_/Y (sky130_fd_sc_hd__xnor2_1)
     2    0.01                           _033_ (net)
                  0.18    0.00    2.70 ^ _093_/B (sky130_fd_sc_hd__xor2_1)
                  0.10    0.12    2.82 ^ _093_/X (sky130_fd_sc_hd__xor2_1)
     2    0.00                           _034_ (net)
                  0.10    0.00    2.82 ^ _095_/B1 (sky130_fd_sc_hd__o21ai_1)
                  0.06    0.06    2.88 v _095_/Y (sky130_fd_sc_hd__o21ai_1)
     3    0.01                           _036_ (net)
                  0.06    0.00    2.88 v _110_/A2 (sky130_fd_sc_hd__a31o_1)
                  0.02    0.14    3.02 v _110_/X (sky130_fd_sc_hd__a31o_1)
     1    0.00                           _050_ (net)
                  0.02    0.00    3.02 v _111_/B (sky130_fd_sc_hd__or2_1)
                  0.04    0.13    3.15 v _111_/X (sky130_fd_sc_hd__or2_1)
     2    0.00                           _051_ (net)
                  0.04    0.00    3.15 v _118_/A1 (sky130_fd_sc_hd__a2111oi_1)
                  0.20    0.21    3.36 ^ _118_/Y (sky130_fd_sc_hd__a2111oi_1)
     1    0.00                           net16 (net)
                  0.20    0.00    3.36 ^ wire19/A (sky130_fd_sc_hd__clkbuf_1)
                  0.05    0.08    3.44 ^ wire19/X (sky130_fd_sc_hd__clkbuf_1)
     1    0.01                           net19 (net)
                  0.05    0.00    3.44 ^ wire18/A (sky130_fd_sc_hd__clkbuf_1)
                  0.04    0.07    3.51 ^ wire18/X (sky130_fd_sc_hd__clkbuf_1)
     1    0.00                           net18 (net)
                  0.04    0.00    3.51 ^ wire17/A (sky130_fd_sc_hd__clkbuf_1)
                  0.04    0.07    3.57 ^ wire17/X (sky130_fd_sc_hd__clkbuf_1)
     1    0.00                           net17 (net)
                  0.04    0.00    3.57 ^ output16/A (sky130_fd_sc_hd__clkbuf_4)
                  0.08    0.14    3.71 ^ output16/X (sky130_fd_sc_hd__clkbuf_4)
     1    0.03                           zero (net)
                  0.08    0.00    3.71 ^ zero (out)
                                  3.71   data arrival time

                  0.00   10.00   10.00   clock __VIRTUAL_CLK__ (rise edge)
                          0.00   10.00   clock network delay (ideal)
                         -0.25    9.75   clock uncertainty
                          0.00    9.75   clock reconvergence pessimism
                         -2.00    7.75   output external delay
                                  7.75   data required time
-----------------------------------------------------------------------------
                                  7.75   data required time
                                 -3.71   data arrival time
-----------------------------------------------------------------------------
                                  4.04   slack (MET)


Startpoint: op[2] (input port clocked by __VIRTUAL_CLK__)
Endpoint: result[3] (output port clocked by __VIRTUAL_CLK__)
Path Group: __VIRTUAL_CLK__
Path Type: max
Corner: Fastest

Fanout     Cap    Slew   Delay    Time   Description
-----------------------------------------------------------------------------
                  0.00    0.00    0.00   clock __VIRTUAL_CLK__ (rise edge)
                          0.00    0.00   clock network delay (ideal)
                          2.00    2.00 v input external delay
                  0.00    0.00    2.00 v op[2] (in)
     1    0.00                           op[2] (net)
                  0.00    0.00    2.00 v input11/A (sky130_fd_sc_hd__buf_2)
                  0.05    0.11    2.11 v input11/X (sky130_fd_sc_hd__buf_2)
     9    0.03                           net11 (net)
                  0.05    0.00    2.11 v _071_/A (sky130_fd_sc_hd__or3b_2)
                  0.08    0.33    2.43 v _071_/X (sky130_fd_sc_hd__or3b_2)
     4    0.02                           _013_ (net)
                  0.08    0.00    2.43 v _091_/B1 (sky130_fd_sc_hd__o21a_1)
                  0.04    0.10    2.53 v _091_/X (sky130_fd_sc_hd__o21a_1)
     2    0.01                           _032_ (net)
                  0.04    0.00    2.53 v _092_/B (sky130_fd_sc_hd__xnor2_1)
                  0.18    0.17    2.70 ^ _092_/Y (sky130_fd_sc_hd__xnor2_1)
     2    0.01                           _033_ (net)
                  0.18    0.00    2.70 ^ _093_/B (sky130_fd_sc_hd__xor2_1)
                  0.10    0.12    2.82 ^ _093_/X (sky130_fd_sc_hd__xor2_1)
     2    0.00                           _034_ (net)
                  0.10    0.00    2.82 ^ _095_/B1 (sky130_fd_sc_hd__o21ai_1)
                  0.06    0.06    2.88 v _095_/Y (sky130_fd_sc_hd__o21ai_1)
     3    0.01                           _036_ (net)
                  0.06    0.00    2.88 v _110_/A2 (sky130_fd_sc_hd__a31o_1)
                  0.02    0.14    3.02 v _110_/X (sky130_fd_sc_hd__a31o_1)
     1    0.00                           _050_ (net)
                  0.02    0.00    3.02 v _111_/B (sky130_fd_sc_hd__or2_1)
                  0.04    0.13    3.15 v _111_/X (sky130_fd_sc_hd__or2_1)
     2    0.00                           _051_ (net)
                  0.04    0.00    3.15 v _116_/A (sky130_fd_sc_hd__and2_1)
                  0.03    0.09    3.24 v _116_/X (sky130_fd_sc_hd__and2_1)
     1    0.00                           _056_ (net)
                  0.03    0.00    3.24 v _117_/A (sky130_fd_sc_hd__clkbuf_1)
                  0.02    0.06    3.30 v _117_/X (sky130_fd_sc_hd__clkbuf_1)
     1    0.00                           net15 (net)
                  0.02    0.00    3.30 v output15/A (sky130_fd_sc_hd__clkbuf_4)
                  0.06    0.12    3.42 v output15/X (sky130_fd_sc_hd__clkbuf_4)
     1    0.03                           result[3] (net)
                  0.06    0.00    3.42 v result[3] (out)
                                  3.42   data arrival time

                  0.00   10.00   10.00   clock __VIRTUAL_CLK__ (rise edge)
                          0.00   10.00   clock network delay (ideal)
                         -0.25    9.75   clock uncertainty
                          0.00    9.75   clock reconvergence pessimism
                         -2.00    7.75   output external delay
                                  7.75   data required time
-----------------------------------------------------------------------------
                                  7.75   data required time
                                 -3.42   data arrival time
-----------------------------------------------------------------------------
                                  4.33   slack (MET)


Startpoint: op[2] (input port clocked by __VIRTUAL_CLK__)
Endpoint: result[2] (output port clocked by __VIRTUAL_CLK__)
Path Group: __VIRTUAL_CLK__
Path Type: max
Corner: Fastest

Fanout     Cap    Slew   Delay    Time   Description
-----------------------------------------------------------------------------
                  0.00    0.00    0.00   clock __VIRTUAL_CLK__ (rise edge)
                          0.00    0.00   clock network delay (ideal)
                          2.00    2.00 v input external delay
                  0.00    0.00    2.00 v op[2] (in)
     1    0.00                           op[2] (net)
                  0.00    0.00    2.00 v input11/A (sky130_fd_sc_hd__buf_2)
                  0.05    0.11    2.11 v input11/X (sky130_fd_sc_hd__buf_2)
     9    0.03                           net11 (net)
                  0.05    0.00    2.11 v _071_/A (sky130_fd_sc_hd__or3b_2)
                  0.08    0.33    2.43 v _071_/X (sky130_fd_sc_hd__or3b_2)
     4    0.02                           _013_ (net)
                  0.08    0.00    2.43 v _072_/A2 (sky130_fd_sc_hd__a21o_1)
                  0.04    0.15    2.59 v _072_/X (sky130_fd_sc_hd__a21o_1)
     3    0.01                           _014_ (net)
                  0.04    0.00    2.59 v _075_/A1 (sky130_fd_sc_hd__a21o_1)
                  0.03    0.11    2.70 v _075_/X (sky130_fd_sc_hd__a21o_1)
     2    0.01                           _017_ (net)
                  0.03    0.00    2.70 v _079_/A (sky130_fd_sc_hd__and3_1)
                  0.04    0.11    2.81 v _079_/X (sky130_fd_sc_hd__and3_1)
     3    0.01                           _021_ (net)
                  0.04    0.00    2.81 v _094_/B (sky130_fd_sc_hd__or3_1)
                  0.04    0.21    3.01 v _094_/X (sky130_fd_sc_hd__or3_1)
     1    0.00                           _035_ (net)
                  0.04    0.00    3.01 v _102_/A2 (sky130_fd_sc_hd__a31o_1)
                  0.05    0.16    3.18 v _102_/X (sky130_fd_sc_hd__a31o_1)
     2    0.01                           net14 (net)
                  0.05    0.00    3.18 v output14/A (sky130_fd_sc_hd__clkbuf_4)
                  0.06    0.14    3.31 v output14/X (sky130_fd_sc_hd__clkbuf_4)
     1    0.03                           result[2] (net)
                  0.06    0.00    3.31 v result[2] (out)
                                  3.31   data arrival time

                  0.00   10.00   10.00   clock __VIRTUAL_CLK__ (rise edge)
                          0.00   10.00   clock network delay (ideal)
                         -0.25    9.75   clock uncertainty
                          0.00    9.75   clock reconvergence pessimism
                         -2.00    7.75   output external delay
                                  7.75   data required time
-----------------------------------------------------------------------------
                                  7.75   data required time
                                 -3.31   data arrival time
-----------------------------------------------------------------------------
                                  4.44   slack (MET)


Startpoint: op[2] (input port clocked by __VIRTUAL_CLK__)
Endpoint: result[1] (output port clocked by __VIRTUAL_CLK__)
Path Group: __VIRTUAL_CLK__
Path Type: max
Corner: Fastest

Fanout     Cap    Slew   Delay    Time   Description
-----------------------------------------------------------------------------
                  0.00    0.00    0.00   clock __VIRTUAL_CLK__ (rise edge)
                          0.00    0.00   clock network delay (ideal)
                          2.00    2.00 v input external delay
                  0.00    0.00    2.00 v op[2] (in)
     1    0.00                           op[2] (net)
                  0.00    0.00    2.00 v input11/A (sky130_fd_sc_hd__buf_2)
                  0.05    0.11    2.11 v input11/X (sky130_fd_sc_hd__buf_2)
     9    0.03                           net11 (net)
                  0.05    0.00    2.11 v _071_/A (sky130_fd_sc_hd__or3b_2)
                  0.08    0.33    2.43 v _071_/X (sky130_fd_sc_hd__or3b_2)
     4    0.02                           _013_ (net)
                  0.08    0.00    2.43 v _072_/A2 (sky130_fd_sc_hd__a21o_1)
                  0.04    0.15    2.59 v _072_/X (sky130_fd_sc_hd__a21o_1)
     3    0.01                           _014_ (net)
                  0.04    0.00    2.59 v _075_/A1 (sky130_fd_sc_hd__a21o_1)
                  0.03    0.11    2.70 v _075_/X (sky130_fd_sc_hd__a21o_1)
     2    0.01                           _017_ (net)
                  0.03    0.00    2.70 v _078_/A1 (sky130_fd_sc_hd__a21oi_1)
                  0.09    0.09    2.79 ^ _078_/Y (sky130_fd_sc_hd__a21oi_1)
     1    0.00                           _020_ (net)
                  0.09    0.00    2.79 ^ _080_/B (sky130_fd_sc_hd__nor3_1)
                  0.04    0.04    2.83 v _080_/Y (sky130_fd_sc_hd__nor3_1)
     1    0.00                           _022_ (net)
                  0.04    0.00    2.83 v _087_/A (sky130_fd_sc_hd__or3_1)
                  0.04    0.22    3.05 v _087_/X (sky130_fd_sc_hd__or3_1)
     1    0.00                           _029_ (net)
                  0.04    0.00    3.05 v _088_/A (sky130_fd_sc_hd__buf_1)
                  0.04    0.08    3.13 v _088_/X (sky130_fd_sc_hd__buf_1)
     2    0.01                           net13 (net)
                  0.04    0.00    3.13 v output13/A (sky130_fd_sc_hd__clkbuf_4)
                  0.06    0.13    3.26 v output13/X (sky130_fd_sc_hd__clkbuf_4)
     1    0.03                           result[1] (net)
                  0.06    0.00    3.26 v result[1] (out)
                                  3.26   data arrival time

                  0.00   10.00   10.00   clock __VIRTUAL_CLK__ (rise edge)
                          0.00   10.00   clock network delay (ideal)
                         -0.25    9.75   clock uncertainty
                          0.00    9.75   clock reconvergence pessimism
                         -2.00    7.75   output external delay
                                  7.75   data required time
-----------------------------------------------------------------------------
                                  7.75   data required time
                                 -3.26   data arrival time
-----------------------------------------------------------------------------
                                  4.49   slack (MET)


Startpoint: op[0] (input port clocked by __VIRTUAL_CLK__)
Endpoint: result[0] (output port clocked by __VIRTUAL_CLK__)
Path Group: __VIRTUAL_CLK__
Path Type: max
Corner: Fastest

Fanout     Cap    Slew   Delay    Time   Description
-----------------------------------------------------------------------------
                  0.00    0.00    0.00   clock __VIRTUAL_CLK__ (rise edge)
                          0.00    0.00   clock network delay (ideal)
                          2.00    2.00 ^ input external delay
                  0.02    0.01    2.01 ^ op[0] (in)
     1    0.00                           op[0] (net)
                  0.02    0.00    2.01 ^ input9/A (sky130_fd_sc_hd__clkbuf_2)
                  0.09    0.11    2.12 ^ input9/X (sky130_fd_sc_hd__clkbuf_2)
     6    0.02                           net9 (net)
                  0.09    0.00    2.12 ^ _066_/A_N (sky130_fd_sc_hd__and2b_1)
                  0.03    0.12    2.24 v _066_/X (sky130_fd_sc_hd__and2b_1)
     2    0.00                           _009_ (net)
                  0.03    0.00    2.24 v _067_/B (sky130_fd_sc_hd__and2b_1)
                  0.06    0.13    2.38 v _067_/X (sky130_fd_sc_hd__and2b_1)
     4    0.01                           _010_ (net)
                  0.06    0.00    2.38 v _068_/C (sky130_fd_sc_hd__and3_1)
                  0.03    0.13    2.50 v _068_/X (sky130_fd_sc_hd__and3_1)
     1    0.00                           _011_ (net)
                  0.03    0.00    2.50 v _069_/C1 (sky130_fd_sc_hd__a211o_1)
                  0.03    0.10    2.61 v _069_/X (sky130_fd_sc_hd__a211o_1)
     1    0.00                           _012_ (net)
                  0.03    0.00    2.61 v _070_/B1 (sky130_fd_sc_hd__a31o_1)
                  0.05    0.10    2.70 v _070_/X (sky130_fd_sc_hd__a31o_1)
     2    0.01                           net12 (net)
                  0.05    0.00    2.70 v output12/A (sky130_fd_sc_hd__clkbuf_4)
                  0.06    0.14    2.84 v output12/X (sky130_fd_sc_hd__clkbuf_4)
     1    0.03                           result[0] (net)
                  0.06    0.00    2.84 v result[0] (out)
                                  2.84   data arrival time

                  0.00   10.00   10.00   clock __VIRTUAL_CLK__ (rise edge)
                          0.00   10.00   clock network delay (ideal)
                         -0.25    9.75   clock uncertainty
                          0.00    9.75   clock reconvergence pessimism
                         -2.00    7.75   output external delay
                                  7.75   data required time
-----------------------------------------------------------------------------
                                  7.75   data required time
                                 -2.84   data arrival time
-----------------------------------------------------------------------------
                                  4.91   slack (MET)



======================= Slowest Corner ===================================

Startpoint: op[2] (input port clocked by __VIRTUAL_CLK__)
Endpoint: zero (output port clocked by __VIRTUAL_CLK__)
Path Group: __VIRTUAL_CLK__
Path Type: max
Corner: Slowest

Fanout     Cap    Slew   Delay    Time   Description
-----------------------------------------------------------------------------
                  0.00    0.00    0.00   clock __VIRTUAL_CLK__ (rise edge)
                          0.00    0.00   clock network delay (ideal)
                          2.00    2.00 v input external delay
                  0.02    0.01    2.01 v op[2] (in)
     1    0.00                           op[2] (net)
                  0.02    0.00    2.01 v input11/A (sky130_fd_sc_hd__buf_2)
                  0.14    0.31    2.32 v input11/X (sky130_fd_sc_hd__buf_2)
     9    0.03                           net11 (net)
                  0.14    0.00    2.32 v _071_/A (sky130_fd_sc_hd__or3b_2)
                  0.24    1.30    3.62 v _071_/X (sky130_fd_sc_hd__or3b_2)
     4    0.02                           _013_ (net)
                  0.24    0.00    3.62 v _091_/B1 (sky130_fd_sc_hd__o21a_1)
                  0.11    0.33    3.95 v _091_/X (sky130_fd_sc_hd__o21a_1)
     2    0.01                           _032_ (net)
                  0.11    0.00    3.95 v _092_/B (sky130_fd_sc_hd__xnor2_1)
                  0.41    0.42    4.38 ^ _092_/Y (sky130_fd_sc_hd__xnor2_1)
     2    0.01                           _033_ (net)
                  0.41    0.00    4.38 ^ _093_/B (sky130_fd_sc_hd__xor2_1)
                  0.23    0.41    4.78 ^ _093_/X (sky130_fd_sc_hd__xor2_1)
     2    0.00                           _034_ (net)
                  0.23    0.00    4.78 ^ _095_/B1 (sky130_fd_sc_hd__o21ai_1)
                  0.19    0.28    5.06 v _095_/Y (sky130_fd_sc_hd__o21ai_1)
     3    0.01                           _036_ (net)
                  0.19    0.00    5.06 v _110_/A2 (sky130_fd_sc_hd__a31o_1)
                  0.06    0.42    5.48 v _110_/X (sky130_fd_sc_hd__a31o_1)
     1    0.00                           _050_ (net)
                  0.06    0.00    5.48 v _111_/B (sky130_fd_sc_hd__or2_1)
                  0.12    0.50    5.98 v _111_/X (sky130_fd_sc_hd__or2_1)
     2    0.00                           _051_ (net)
                  0.12    0.00    5.98 v _118_/A1 (sky130_fd_sc_hd__a2111oi_1)
                  0.50    0.61    6.60 ^ _118_/Y (sky130_fd_sc_hd__a2111oi_1)
     1    0.00                           net16 (net)
                  0.50    0.00    6.60 ^ wire19/A (sky130_fd_sc_hd__clkbuf_1)
                  0.11    0.34    6.93 ^ wire19/X (sky130_fd_sc_hd__clkbuf_1)
     1    0.01                           net19 (net)
                  0.11    0.00    6.93 ^ wire18/A (sky130_fd_sc_hd__clkbuf_1)
                  0.09    0.19    7.12 ^ wire18/X (sky130_fd_sc_hd__clkbuf_1)
     1    0.00                           net18 (net)
                  0.09    0.00    7.13 ^ wire17/A (sky130_fd_sc_hd__clkbuf_1)
                  0.10    0.19    7.31 ^ wire17/X (sky130_fd_sc_hd__clkbuf_1)
     1    0.00                           net17 (net)
                  0.10    0.00    7.31 ^ output16/A (sky130_fd_sc_hd__clkbuf_4)
                  0.18    0.36    7.67 ^ output16/X (sky130_fd_sc_hd__clkbuf_4)
     1    0.03                           zero (net)
                  0.18    0.00    7.67 ^ zero (out)
                                  7.67   data arrival time

                  0.00   10.00   10.00   clock __VIRTUAL_CLK__ (rise edge)
                          0.00   10.00   clock network delay (ideal)
                         -0.25    9.75   clock uncertainty
                          0.00    9.75   clock reconvergence pessimism
                         -2.00    7.75   output external delay
                                  7.75   data required time
-----------------------------------------------------------------------------
                                  7.75   data required time
                                 -7.67   data arrival time
-----------------------------------------------------------------------------
                                  0.08   slack (MET)


Startpoint: op[2] (input port clocked by __VIRTUAL_CLK__)
Endpoint: result[3] (output port clocked by __VIRTUAL_CLK__)
Path Group: __VIRTUAL_CLK__
Path Type: max
Corner: Slowest

Fanout     Cap    Slew   Delay    Time   Description
-----------------------------------------------------------------------------
                  0.00    0.00    0.00   clock __VIRTUAL_CLK__ (rise edge)
                          0.00    0.00   clock network delay (ideal)
                          2.00    2.00 v input external delay
                  0.02    0.01    2.01 v op[2] (in)
     1    0.00                           op[2] (net)
                  0.02    0.00    2.01 v input11/A (sky130_fd_sc_hd__buf_2)
                  0.14    0.31    2.32 v input11/X (sky130_fd_sc_hd__buf_2)
     9    0.03                           net11 (net)
                  0.14    0.00    2.32 v _071_/A (sky130_fd_sc_hd__or3b_2)
                  0.24    1.30    3.62 v _071_/X (sky130_fd_sc_hd__or3b_2)
     4    0.02                           _013_ (net)
                  0.24    0.00    3.62 v _091_/B1 (sky130_fd_sc_hd__o21a_1)
                  0.11    0.33    3.95 v _091_/X (sky130_fd_sc_hd__o21a_1)
     2    0.01                           _032_ (net)
                  0.11    0.00    3.95 v _092_/B (sky130_fd_sc_hd__xnor2_1)
                  0.41    0.42    4.38 ^ _092_/Y (sky130_fd_sc_hd__xnor2_1)
     2    0.01                           _033_ (net)
                  0.41    0.00    4.38 ^ _093_/B (sky130_fd_sc_hd__xor2_1)
                  0.23    0.41    4.78 ^ _093_/X (sky130_fd_sc_hd__xor2_1)
     2    0.00                           _034_ (net)
                  0.23    0.00    4.78 ^ _095_/B1 (sky130_fd_sc_hd__o21ai_1)
                  0.19    0.28    5.06 v _095_/Y (sky130_fd_sc_hd__o21ai_1)
     3    0.01                           _036_ (net)
                  0.19    0.00    5.06 v _110_/A2 (sky130_fd_sc_hd__a31o_1)
                  0.06    0.42    5.48 v _110_/X (sky130_fd_sc_hd__a31o_1)
     1    0.00                           _050_ (net)
                  0.06    0.00    5.48 v _111_/B (sky130_fd_sc_hd__or2_1)
                  0.12    0.50    5.98 v _111_/X (sky130_fd_sc_hd__or2_1)
     2    0.00                           _051_ (net)
                  0.12    0.00    5.98 v _116_/A (sky130_fd_sc_hd__and2_1)
                  0.07    0.31    6.30 v _116_/X (sky130_fd_sc_hd__and2_1)
     1    0.00                           _056_ (net)
                  0.07    0.00    6.30 v _117_/A (sky130_fd_sc_hd__clkbuf_1)
                  0.05    0.17    6.47 v _117_/X (sky130_fd_sc_hd__clkbuf_1)
     1    0.00                           net15 (net)
                  0.05    0.00    6.47 v output15/A (sky130_fd_sc_hd__clkbuf_4)
                  0.14    0.33    6.80 v output15/X (sky130_fd_sc_hd__clkbuf_4)
     1    0.03                           result[3] (net)
                  0.14    0.00    6.81 v result[3] (out)
                                  6.81   data arrival time

                  0.00   10.00   10.00   clock __VIRTUAL_CLK__ (rise edge)
                          0.00   10.00   clock network delay (ideal)
                         -0.25    9.75   clock uncertainty
                          0.00    9.75   clock reconvergence pessimism
                         -2.00    7.75   output external delay
                                  7.75   data required time
-----------------------------------------------------------------------------
                                  7.75   data required time
                                 -6.81   data arrival time
-----------------------------------------------------------------------------
                                  0.94   slack (MET)


Startpoint: op[2] (input port clocked by __VIRTUAL_CLK__)
Endpoint: result[2] (output port clocked by __VIRTUAL_CLK__)
Path Group: __VIRTUAL_CLK__
Path Type: max
Corner: Slowest

Fanout     Cap    Slew   Delay    Time   Description
-----------------------------------------------------------------------------
                  0.00    0.00    0.00   clock __VIRTUAL_CLK__ (rise edge)
                          0.00    0.00   clock network delay (ideal)
                          2.00    2.00 v input external delay
                  0.02    0.01    2.01 v op[2] (in)
     1    0.00                           op[2] (net)
                  0.02    0.00    2.01 v input11/A (sky130_fd_sc_hd__buf_2)
                  0.14    0.31    2.32 v input11/X (sky130_fd_sc_hd__buf_2)
     9    0.03                           net11 (net)
                  0.14    0.00    2.32 v _071_/A (sky130_fd_sc_hd__or3b_2)
                  0.24    1.30    3.62 v _071_/X (sky130_fd_sc_hd__or3b_2)
     4    0.02                           _013_ (net)
                  0.24    0.00    3.62 v _072_/A2 (sky130_fd_sc_hd__a21o_1)
                  0.11    0.46    4.08 v _072_/X (sky130_fd_sc_hd__a21o_1)
     3    0.01                           _014_ (net)
                  0.11    0.00    4.08 v _075_/A1 (sky130_fd_sc_hd__a21o_1)
                  0.08    0.34    4.42 v _075_/X (sky130_fd_sc_hd__a21o_1)
     2    0.00                           _017_ (net)
                  0.08    0.00    4.42 v _079_/A (sky130_fd_sc_hd__and3_1)
                  0.11    0.35    4.76 v _079_/X (sky130_fd_sc_hd__and3_1)
     3    0.01                           _021_ (net)
                  0.11    0.00    4.76 v _094_/B (sky130_fd_sc_hd__or3_1)
                  0.14    0.85    5.61 v _094_/X (sky130_fd_sc_hd__or3_1)
     1    0.00                           _035_ (net)
                  0.14    0.00    5.61 v _102_/A2 (sky130_fd_sc_hd__a31o_1)
                  0.12    0.48    6.09 v _102_/X (sky130_fd_sc_hd__a31o_1)
     2    0.01                           net14 (net)
                  0.12    0.00    6.09 v output14/A (sky130_fd_sc_hd__clkbuf_4)
                  0.14    0.37    6.46 v output14/X (sky130_fd_sc_hd__clkbuf_4)
     1    0.03                           result[2] (net)
                  0.14    0.00    6.46 v result[2] (out)
                                  6.46   data arrival time

                  0.00   10.00   10.00   clock __VIRTUAL_CLK__ (rise edge)
                          0.00   10.00   clock network delay (ideal)
                         -0.25    9.75   clock uncertainty
                          0.00    9.75   clock reconvergence pessimism
                         -2.00    7.75   output external delay
                                  7.75   data required time
-----------------------------------------------------------------------------
                                  7.75   data required time
                                 -6.46   data arrival time
-----------------------------------------------------------------------------
                                  1.29   slack (MET)


Startpoint: op[2] (input port clocked by __VIRTUAL_CLK__)
Endpoint: result[1] (output port clocked by __VIRTUAL_CLK__)
Path Group: __VIRTUAL_CLK__
Path Type: max
Corner: Slowest

Fanout     Cap    Slew   Delay    Time   Description
-----------------------------------------------------------------------------
                  0.00    0.00    0.00   clock __VIRTUAL_CLK__ (rise edge)
                          0.00    0.00   clock network delay (ideal)
                          2.00    2.00 v input external delay
                  0.02    0.01    2.01 v op[2] (in)
     1    0.00                           op[2] (net)
                  0.02    0.00    2.01 v input11/A (sky130_fd_sc_hd__buf_2)
                  0.14    0.31    2.32 v input11/X (sky130_fd_sc_hd__buf_2)
     9    0.03                           net11 (net)
                  0.14    0.00    2.32 v _071_/A (sky130_fd_sc_hd__or3b_2)
                  0.24    1.30    3.62 v _071_/X (sky130_fd_sc_hd__or3b_2)
     4    0.02                           _013_ (net)
                  0.24    0.00    3.62 v _072_/A2 (sky130_fd_sc_hd__a21o_1)
                  0.11    0.46    4.08 v _072_/X (sky130_fd_sc_hd__a21o_1)
     3    0.01                           _014_ (net)
                  0.11    0.00    4.08 v _075_/A1 (sky130_fd_sc_hd__a21o_1)
                  0.08    0.34    4.42 v _075_/X (sky130_fd_sc_hd__a21o_1)
     2    0.00                           _017_ (net)
                  0.08    0.00    4.42 v _078_/A1 (sky130_fd_sc_hd__a21oi_1)
                  0.20    0.24    4.65 ^ _078_/Y (sky130_fd_sc_hd__a21oi_1)
     1    0.00                           _020_ (net)
                  0.20    0.00    4.65 ^ _080_/B (sky130_fd_sc_hd__nor3_1)
                  0.07    0.14    4.80 v _080_/Y (sky130_fd_sc_hd__nor3_1)
     1    0.00                           _022_ (net)
                  0.07    0.00    4.80 v _087_/A (sky130_fd_sc_hd__or3_1)
                  0.13    0.87    5.67 v _087_/X (sky130_fd_sc_hd__or3_1)
     1    0.00                           _029_ (net)
                  0.13    0.00    5.67 v _088_/A (sky130_fd_sc_hd__buf_1)
                  0.10    0.25    5.91 v _088_/X (sky130_fd_sc_hd__buf_1)
     2    0.01                           net13 (net)
                  0.10    0.00    5.91 v output13/A (sky130_fd_sc_hd__clkbuf_4)
                  0.14    0.36    6.27 v output13/X (sky130_fd_sc_hd__clkbuf_4)
     1    0.03                           result[1] (net)
                  0.14    0.00    6.27 v result[1] (out)
                                  6.27   data arrival time

                  0.00   10.00   10.00   clock __VIRTUAL_CLK__ (rise edge)
                          0.00   10.00   clock network delay (ideal)
                         -0.25    9.75   clock uncertainty
                          0.00    9.75   clock reconvergence pessimism
                         -2.00    7.75   output external delay
                                  7.75   data required time
-----------------------------------------------------------------------------
                                  7.75   data required time
                                 -6.27   data arrival time
-----------------------------------------------------------------------------
                                  1.48   slack (MET)


Startpoint: a[0] (input port clocked by __VIRTUAL_CLK__)
Endpoint: result[0] (output port clocked by __VIRTUAL_CLK__)
Path Group: __VIRTUAL_CLK__
Path Type: max
Corner: Slowest

Fanout     Cap    Slew   Delay    Time   Description
-----------------------------------------------------------------------------
                  0.00    0.00    0.00   clock __VIRTUAL_CLK__ (rise edge)
                          0.00    0.00   clock network delay (ideal)
                          2.00    2.00 v input external delay
                  0.02    0.01    2.01 v a[0] (in)
     1    0.00                           a[0] (net)
                  0.02    0.00    2.01 v input1/A (sky130_fd_sc_hd__dlymetal6s2s_1)
                  0.21    0.40    2.41 v input1/X (sky130_fd_sc_hd__dlymetal6s2s_1)
     6    0.02                           net1 (net)
                  0.21    0.00    2.41 v _060_/B (sky130_fd_sc_hd__or2_1)
                  0.12    0.57    2.98 v _060_/X (sky130_fd_sc_hd__or2_1)
     2    0.00                           _003_ (net)
                  0.12    0.00    2.98 v _065_/B1 (sky130_fd_sc_hd__a2bb2o_1)
                  0.10    0.63    3.61 v _065_/X (sky130_fd_sc_hd__a2bb2o_1)
     1    0.00                           _008_ (net)
                  0.10    0.00    3.61 v _069_/B1 (sky130_fd_sc_hd__a211o_1)
                  0.09    0.53    4.14 v _069_/X (sky130_fd_sc_hd__a211o_1)
     1    0.00                           _012_ (net)
                  0.09    0.00    4.14 v _070_/B1 (sky130_fd_sc_hd__a31o_1)
                  0.13    0.43    4.57 v _070_/X (sky130_fd_sc_hd__a31o_1)
     2    0.01                           net12 (net)
                  0.13    0.00    4.57 v output12/A (sky130_fd_sc_hd__clkbuf_4)
                  0.14    0.37    4.94 v output12/X (sky130_fd_sc_hd__clkbuf_4)
     1    0.03                           result[0] (net)
                  0.14    0.00    4.94 v result[0] (out)
                                  4.94   data arrival time

                  0.00   10.00   10.00   clock __VIRTUAL_CLK__ (rise edge)
                          0.00   10.00   clock network delay (ideal)
                         -0.25    9.75   clock uncertainty
                          0.00    9.75   clock reconvergence pessimism
                         -2.00    7.75   output external delay
                                  7.75   data required time
-----------------------------------------------------------------------------
                                  7.75   data required time
                                 -4.94   data arrival time
-----------------------------------------------------------------------------
                                  2.81   slack (MET)



======================= Typical Corner ===================================

Startpoint: op[2] (input port clocked by __VIRTUAL_CLK__)
Endpoint: zero (output port clocked by __VIRTUAL_CLK__)
Path Group: __VIRTUAL_CLK__
Path Type: max
Corner: Typical

Fanout     Cap    Slew   Delay    Time   Description
-----------------------------------------------------------------------------
                  0.00    0.00    0.00   clock __VIRTUAL_CLK__ (rise edge)
                          0.00    0.00   clock network delay (ideal)
                          2.00    2.00 v input external delay
                  0.01    0.00    2.00 v op[2] (in)
     1    0.00                           op[2] (net)
                  0.01    0.00    2.00 v input11/A (sky130_fd_sc_hd__buf_2)
                  0.08    0.16    2.16 v input11/X (sky130_fd_sc_hd__buf_2)
     9    0.03                           net11 (net)
                  0.08    0.00    2.16 v _071_/A (sky130_fd_sc_hd__or3b_2)
                  0.12    0.56    2.73 v _071_/X (sky130_fd_sc_hd__or3b_2)
     4    0.02                           _013_ (net)
                  0.12    0.00    2.73 v _091_/B1 (sky130_fd_sc_hd__o21a_1)
                  0.06    0.16    2.89 v _091_/X (sky130_fd_sc_hd__o21a_1)
     2    0.01                           _032_ (net)
                  0.06    0.00    2.89 v _092_/B (sky130_fd_sc_hd__xnor2_1)
                  0.25    0.25    3.14 ^ _092_/Y (sky130_fd_sc_hd__xnor2_1)
     2    0.01                           _033_ (net)
                  0.25    0.00    3.14 ^ _093_/B (sky130_fd_sc_hd__xor2_1)
                  0.14    0.20    3.34 ^ _093_/X (sky130_fd_sc_hd__xor2_1)
     2    0.00                           _034_ (net)
                  0.14    0.00    3.34 ^ _095_/B1 (sky130_fd_sc_hd__o21ai_1)
                  0.09    0.13    3.47 v _095_/Y (sky130_fd_sc_hd__o21ai_1)
     3    0.01                           _036_ (net)
                  0.09    0.00    3.47 v _110_/A2 (sky130_fd_sc_hd__a31o_1)
                  0.03    0.22    3.69 v _110_/X (sky130_fd_sc_hd__a31o_1)
     1    0.00                           _050_ (net)
                  0.03    0.00    3.69 v _111_/B (sky130_fd_sc_hd__or2_1)
                  0.06    0.22    3.91 v _111_/X (sky130_fd_sc_hd__or2_1)
     2    0.00                           _051_ (net)
                  0.06    0.00    3.91 v _118_/A1 (sky130_fd_sc_hd__a2111oi_1)
                  0.29    0.33    4.24 ^ _118_/Y (sky130_fd_sc_hd__a2111oi_1)
     1    0.00                           net16 (net)
                  0.29    0.00    4.24 ^ wire19/A (sky130_fd_sc_hd__clkbuf_1)
                  0.07    0.15    4.39 ^ wire19/X (sky130_fd_sc_hd__clkbuf_1)
     1    0.01                           net19 (net)
                  0.07    0.00    4.39 ^ wire18/A (sky130_fd_sc_hd__clkbuf_1)
                  0.06    0.10    4.49 ^ wire18/X (sky130_fd_sc_hd__clkbuf_1)
     1    0.00                           net18 (net)
                  0.06    0.00    4.49 ^ wire17/A (sky130_fd_sc_hd__clkbuf_1)
                  0.06    0.10    4.59 ^ wire17/X (sky130_fd_sc_hd__clkbuf_1)
     1    0.00                           net17 (net)
                  0.06    0.00    4.59 ^ output16/A (sky130_fd_sc_hd__clkbuf_4)
                  0.11    0.20    4.79 ^ output16/X (sky130_fd_sc_hd__clkbuf_4)
     1    0.03                           zero (net)
                  0.11    0.00    4.79 ^ zero (out)
                                  4.79   data arrival time

                  0.00   10.00   10.00   clock __VIRTUAL_CLK__ (rise edge)
                          0.00   10.00   clock network delay (ideal)
                         -0.25    9.75   clock uncertainty
                          0.00    9.75   clock reconvergence pessimism
                         -2.00    7.75   output external delay
                                  7.75   data required time
-----------------------------------------------------------------------------
                                  7.75   data required time
                                 -4.79   data arrival time
-----------------------------------------------------------------------------
                                  2.96   slack (MET)


Startpoint: op[2] (input port clocked by __VIRTUAL_CLK__)
Endpoint: result[3] (output port clocked by __VIRTUAL_CLK__)
Path Group: __VIRTUAL_CLK__
Path Type: max
Corner: Typical

Fanout     Cap    Slew   Delay    Time   Description
-----------------------------------------------------------------------------
                  0.00    0.00    0.00   clock __VIRTUAL_CLK__ (rise edge)
                          0.00    0.00   clock network delay (ideal)
                          2.00    2.00 v input external delay
                  0.01    0.00    2.00 v op[2] (in)
     1    0.00                           op[2] (net)
                  0.01    0.00    2.00 v input11/A (sky130_fd_sc_hd__buf_2)
                  0.08    0.16    2.16 v input11/X (sky130_fd_sc_hd__buf_2)
     9    0.03                           net11 (net)
                  0.08    0.00    2.16 v _071_/A (sky130_fd_sc_hd__or3b_2)
                  0.12    0.56    2.73 v _071_/X (sky130_fd_sc_hd__or3b_2)
     4    0.02                           _013_ (net)
                  0.12    0.00    2.73 v _091_/B1 (sky130_fd_sc_hd__o21a_1)
                  0.06    0.16    2.89 v _091_/X (sky130_fd_sc_hd__o21a_1)
     2    0.01                           _032_ (net)
                  0.06    0.00    2.89 v _092_/B (sky130_fd_sc_hd__xnor2_1)
                  0.25    0.25    3.14 ^ _092_/Y (sky130_fd_sc_hd__xnor2_1)
     2    0.01                           _033_ (net)
                  0.25    0.00    3.14 ^ _093_/B (sky130_fd_sc_hd__xor2_1)
                  0.14    0.20    3.34 ^ _093_/X (sky130_fd_sc_hd__xor2_1)
     2    0.00                           _034_ (net)
                  0.14    0.00    3.34 ^ _095_/B1 (sky130_fd_sc_hd__o21ai_1)
                  0.09    0.13    3.47 v _095_/Y (sky130_fd_sc_hd__o21ai_1)
     3    0.01                           _036_ (net)
                  0.09    0.00    3.47 v _110_/A2 (sky130_fd_sc_hd__a31o_1)
                  0.03    0.22    3.69 v _110_/X (sky130_fd_sc_hd__a31o_1)
     1    0.00                           _050_ (net)
                  0.03    0.00    3.69 v _111_/B (sky130_fd_sc_hd__or2_1)
                  0.06    0.22    3.91 v _111_/X (sky130_fd_sc_hd__or2_1)
     2    0.00                           _051_ (net)
                  0.06    0.00    3.91 v _116_/A (sky130_fd_sc_hd__and2_1)
                  0.04    0.15    4.06 v _116_/X (sky130_fd_sc_hd__and2_1)
     1    0.00                           _056_ (net)
                  0.04    0.00    4.06 v _117_/A (sky130_fd_sc_hd__clkbuf_1)
                  0.03    0.09    4.14 v _117_/X (sky130_fd_sc_hd__clkbuf_1)
     1    0.00                           net15 (net)
                  0.03    0.00    4.15 v output15/A (sky130_fd_sc_hd__clkbuf_4)
                  0.08    0.18    4.33 v output15/X (sky130_fd_sc_hd__clkbuf_4)
     1    0.03                           result[3] (net)
                  0.08    0.00    4.33 v result[3] (out)
                                  4.33   data arrival time

                  0.00   10.00   10.00   clock __VIRTUAL_CLK__ (rise edge)
                          0.00   10.00   clock network delay (ideal)
                         -0.25    9.75   clock uncertainty
                          0.00    9.75   clock reconvergence pessimism
                         -2.00    7.75   output external delay
                                  7.75   data required time
-----------------------------------------------------------------------------
                                  7.75   data required time
                                 -4.33   data arrival time
-----------------------------------------------------------------------------
                                  3.42   slack (MET)


Startpoint: op[2] (input port clocked by __VIRTUAL_CLK__)
Endpoint: result[2] (output port clocked by __VIRTUAL_CLK__)
Path Group: __VIRTUAL_CLK__
Path Type: max
Corner: Typical

Fanout     Cap    Slew   Delay    Time   Description
-----------------------------------------------------------------------------
                  0.00    0.00    0.00   clock __VIRTUAL_CLK__ (rise edge)
                          0.00    0.00   clock network delay (ideal)
                          2.00    2.00 v input external delay
                  0.01    0.00    2.00 v op[2] (in)
     1    0.00                           op[2] (net)
                  0.01    0.00    2.00 v input11/A (sky130_fd_sc_hd__buf_2)
                  0.08    0.16    2.16 v input11/X (sky130_fd_sc_hd__buf_2)
     9    0.03                           net11 (net)
                  0.08    0.00    2.16 v _071_/A (sky130_fd_sc_hd__or3b_2)
                  0.12    0.56    2.73 v _071_/X (sky130_fd_sc_hd__or3b_2)
     4    0.02                           _013_ (net)
                  0.12    0.00    2.73 v _072_/A2 (sky130_fd_sc_hd__a21o_1)
                  0.06    0.24    2.96 v _072_/X (sky130_fd_sc_hd__a21o_1)
     3    0.01                           _014_ (net)
                  0.06    0.00    2.96 v _075_/A1 (sky130_fd_sc_hd__a21o_1)
                  0.04    0.17    3.14 v _075_/X (sky130_fd_sc_hd__a21o_1)
     2    0.00                           _017_ (net)
                  0.04    0.00    3.14 v _079_/A (sky130_fd_sc_hd__and3_1)
                  0.05    0.17    3.30 v _079_/X (sky130_fd_sc_hd__and3_1)
     3    0.01                           _021_ (net)
                  0.05    0.00    3.30 v _094_/B (sky130_fd_sc_hd__or3_1)
                  0.07    0.36    3.66 v _094_/X (sky130_fd_sc_hd__or3_1)
     1    0.00                           _035_ (net)
                  0.07    0.00    3.66 v _102_/A2 (sky130_fd_sc_hd__a31o_1)
                  0.07    0.25    3.92 v _102_/X (sky130_fd_sc_hd__a31o_1)
     2    0.01                           net14 (net)
                  0.07    0.00    3.92 v output14/A (sky130_fd_sc_hd__clkbuf_4)
                  0.08    0.20    4.12 v output14/X (sky130_fd_sc_hd__clkbuf_4)
     1    0.03                           result[2] (net)
                  0.08    0.00    4.12 v result[2] (out)
                                  4.12   data arrival time

                  0.00   10.00   10.00   clock __VIRTUAL_CLK__ (rise edge)
                          0.00   10.00   clock network delay (ideal)
                         -0.25    9.75   clock uncertainty
                          0.00    9.75   clock reconvergence pessimism
                         -2.00    7.75   output external delay
                                  7.75   data required time
-----------------------------------------------------------------------------
                                  7.75   data required time
                                 -4.12   data arrival time
-----------------------------------------------------------------------------
                                  3.63   slack (MET)


Startpoint: op[2] (input port clocked by __VIRTUAL_CLK__)
Endpoint: result[1] (output port clocked by __VIRTUAL_CLK__)
Path Group: __VIRTUAL_CLK__
Path Type: max
Corner: Typical

Fanout     Cap    Slew   Delay    Time   Description
-----------------------------------------------------------------------------
                  0.00    0.00    0.00   clock __VIRTUAL_CLK__ (rise edge)
                          0.00    0.00   clock network delay (ideal)
                          2.00    2.00 v input external delay
                  0.01    0.00    2.00 v op[2] (in)
     1    0.00                           op[2] (net)
                  0.01    0.00    2.00 v input11/A (sky130_fd_sc_hd__buf_2)
                  0.08    0.16    2.16 v input11/X (sky130_fd_sc_hd__buf_2)
     9    0.03                           net11 (net)
                  0.08    0.00    2.16 v _071_/A (sky130_fd_sc_hd__or3b_2)
                  0.12    0.56    2.73 v _071_/X (sky130_fd_sc_hd__or3b_2)
     4    0.02                           _013_ (net)
                  0.12    0.00    2.73 v _072_/A2 (sky130_fd_sc_hd__a21o_1)
                  0.06    0.24    2.96 v _072_/X (sky130_fd_sc_hd__a21o_1)
     3    0.01                           _014_ (net)
                  0.06    0.00    2.96 v _075_/A1 (sky130_fd_sc_hd__a21o_1)
                  0.04    0.17    3.14 v _075_/X (sky130_fd_sc_hd__a21o_1)
     2    0.00                           _017_ (net)
                  0.04    0.00    3.14 v _078_/A1 (sky130_fd_sc_hd__a21oi_1)
                  0.12    0.14    3.28 ^ _078_/Y (sky130_fd_sc_hd__a21oi_1)
     1    0.00                           _020_ (net)
                  0.12    0.00    3.28 ^ _080_/B (sky130_fd_sc_hd__nor3_1)
                  0.05    0.07    3.34 v _080_/Y (sky130_fd_sc_hd__nor3_1)
     1    0.00                           _022_ (net)
                  0.05    0.00    3.34 v _087_/A (sky130_fd_sc_hd__or3_1)
                  0.06    0.38    3.72 v _087_/X (sky130_fd_sc_hd__or3_1)
     1    0.00                           _029_ (net)
                  0.06    0.00    3.72 v _088_/A (sky130_fd_sc_hd__buf_1)
                  0.05    0.13    3.84 v _088_/X (sky130_fd_sc_hd__buf_1)
     2    0.01                           net13 (net)
                  0.05    0.00    3.84 v output13/A (sky130_fd_sc_hd__clkbuf_4)
                  0.08    0.20    4.04 v output13/X (sky130_fd_sc_hd__clkbuf_4)
     1    0.03                           result[1] (net)
                  0.08    0.00    4.04 v result[1] (out)
                                  4.04   data arrival time

                  0.00   10.00   10.00   clock __VIRTUAL_CLK__ (rise edge)
                          0.00   10.00   clock network delay (ideal)
                         -0.25    9.75   clock uncertainty
                          0.00    9.75   clock reconvergence pessimism
                         -2.00    7.75   output external delay
                                  7.75   data required time
-----------------------------------------------------------------------------
                                  7.75   data required time
                                 -4.04   data arrival time
-----------------------------------------------------------------------------
                                  3.71   slack (MET)


Startpoint: a[0] (input port clocked by __VIRTUAL_CLK__)
Endpoint: result[0] (output port clocked by __VIRTUAL_CLK__)
Path Group: __VIRTUAL_CLK__
Path Type: max
Corner: Typical

Fanout     Cap    Slew   Delay    Time   Description
-----------------------------------------------------------------------------
                  0.00    0.00    0.00   clock __VIRTUAL_CLK__ (rise edge)
                          0.00    0.00   clock network delay (ideal)
                          2.00    2.00 v input external delay
                  0.01    0.00    2.00 v a[0] (in)
     1    0.00                           a[0] (net)
                  0.01    0.00    2.00 v input1/A (sky130_fd_sc_hd__dlymetal6s2s_1)
                  0.11    0.20    2.20 v input1/X (sky130_fd_sc_hd__dlymetal6s2s_1)
     6    0.02                           net1 (net)
                  0.11    0.00    2.20 v _060_/B (sky130_fd_sc_hd__or2_1)
                  0.06    0.25    2.45 v _060_/X (sky130_fd_sc_hd__or2_1)
     2    0.00                           _003_ (net)
                  0.06    0.00    2.45 v _065_/B1 (sky130_fd_sc_hd__a2bb2o_1)
                  0.05    0.29    2.74 v _065_/X (sky130_fd_sc_hd__a2bb2o_1)
     1    0.00                           _008_ (net)
                  0.05    0.00    2.74 v _069_/B1 (sky130_fd_sc_hd__a211o_1)
                  0.05    0.27    3.02 v _069_/X (sky130_fd_sc_hd__a211o_1)
     1    0.00                           _012_ (net)
                  0.05    0.00    3.02 v _070_/B1 (sky130_fd_sc_hd__a31o_1)
                  0.07    0.23    3.24 v _070_/X (sky130_fd_sc_hd__a31o_1)
     2    0.01                           net12 (net)
                  0.07    0.00    3.24 v output12/A (sky130_fd_sc_hd__clkbuf_4)
                  0.08    0.20    3.45 v output12/X (sky130_fd_sc_hd__clkbuf_4)
     1    0.03                           result[0] (net)
                  0.08    0.00    3.45 v result[0] (out)
                                  3.45   data arrival time

                  0.00   10.00   10.00   clock __VIRTUAL_CLK__ (rise edge)
                          0.00   10.00   clock network delay (ideal)
                         -0.25    9.75   clock uncertainty
                          0.00    9.75   clock reconvergence pessimism
                         -2.00    7.75   output external delay
                                  7.75   data required time
-----------------------------------------------------------------------------
                                  7.75   data required time
                                 -3.45   data arrival time
-----------------------------------------------------------------------------
                                  4.30   slack (MET)



