
===========================================================================
report_checks -unconstrained
===========================================================================
======================= Fastest Corner ===================================

Startpoint: op[2] (input port clocked by __VIRTUAL_CLK__)
Endpoint: zero (output port clocked by __VIRTUAL_CLK__)
Path Group: __VIRTUAL_CLK__
Path Type: max
Corner: Fastest

Fanout     Cap    Slew   Delay    Time   Description
-----------------------------------------------------------------------------
                  0.00    0.00    0.00   clock __VIRTUAL_CLK__ (rise edge)
                          0.00    0.00   clock network delay (ideal)
                          2.00    2.00 v input external delay
                  0.00    0.00    2.00 v op[2] (in)
     1    0.00                           op[2] (net)
                  0.00    0.00    2.00 v input11/A (sky130_fd_sc_hd__buf_2)
                  0.05    0.11    2.11 v input11/X (sky130_fd_sc_hd__buf_2)
     9    0.03                           net11 (net)
                  0.05    0.00    2.11 v _071_/A (sky130_fd_sc_hd__or3b_2)
                  0.08    0.33    2.43 v _071_/X (sky130_fd_sc_hd__or3b_2)
     4    0.02                           _013_ (net)
                  0.08    0.00    2.43 v _091_/B1 (sky130_fd_sc_hd__o21a_1)
                  0.04    0.10    2.53 v _091_/X (sky130_fd_sc_hd__o21a_1)
     2    0.01                           _032_ (net)
                  0.04    0.00    2.53 v _092_/B (sky130_fd_sc_hd__xnor2_1)
                  0.18    0.17    2.70 ^ _092_/Y (sky130_fd_sc_hd__xnor2_1)
     2    0.01                           _033_ (net)
                  0.18    0.00    2.70 ^ _093_/B (sky130_fd_sc_hd__xor2_1)
                  0.10    0.12    2.82 ^ _093_/X (sky130_fd_sc_hd__xor2_1)
     2    0.00                           _034_ (net)
                  0.10    0.00    2.82 ^ _095_/B1 (sky130_fd_sc_hd__o21ai_1)
                  0.06    0.06    2.88 v _095_/Y (sky130_fd_sc_hd__o21ai_1)
     3    0.01                           _036_ (net)
                  0.06    0.00    2.88 v _110_/A2 (sky130_fd_sc_hd__a31o_1)
                  0.02    0.14    3.02 v _110_/X (sky130_fd_sc_hd__a31o_1)
     1    0.00                           _050_ (net)
                  0.02    0.00    3.02 v _111_/B (sky130_fd_sc_hd__or2_1)
                  0.04    0.13    3.15 v _111_/X (sky130_fd_sc_hd__or2_1)
     2    0.00                           _051_ (net)
                  0.04    0.00    3.15 v _118_/A1 (sky130_fd_sc_hd__a2111oi_1)
                  0.20    0.21    3.36 ^ _118_/Y (sky130_fd_sc_hd__a2111oi_1)
     1    0.00                           net16 (net)
                  0.20    0.00    3.36 ^ wire19/A (sky130_fd_sc_hd__clkbuf_1)
                  0.05    0.08    3.44 ^ wire19/X (sky130_fd_sc_hd__clkbuf_1)
     1    0.01                           net19 (net)
                  0.05    0.00    3.44 ^ wire18/A (sky130_fd_sc_hd__clkbuf_1)
                  0.04    0.07    3.51 ^ wire18/X (sky130_fd_sc_hd__clkbuf_1)
     1    0.00                           net18 (net)
                  0.04    0.00    3.51 ^ wire17/A (sky130_fd_sc_hd__clkbuf_1)
                  0.04    0.07    3.57 ^ wire17/X (sky130_fd_sc_hd__clkbuf_1)
     1    0.00                           net17 (net)
                  0.04    0.00    3.57 ^ output16/A (sky130_fd_sc_hd__clkbuf_4)
                  0.08    0.14    3.71 ^ output16/X (sky130_fd_sc_hd__clkbuf_4)
     1    0.03                           zero (net)
                  0.08    0.00    3.71 ^ zero (out)
                                  3.71   data arrival time

                  0.00   10.00   10.00   clock __VIRTUAL_CLK__ (rise edge)
                          0.00   10.00   clock network delay (ideal)
                         -0.25    9.75   clock uncertainty
                          0.00    9.75   clock reconvergence pessimism
                         -2.00    7.75   output external delay
                                  7.75   data required time
-----------------------------------------------------------------------------
                                  7.75   data required time
                                 -3.71   data arrival time
-----------------------------------------------------------------------------
                                  4.04   slack (MET)



======================= Slowest Corner ===================================

Startpoint: op[2] (input port clocked by __VIRTUAL_CLK__)
Endpoint: zero (output port clocked by __VIRTUAL_CLK__)
Path Group: __VIRTUAL_CLK__
Path Type: max
Corner: Slowest

Fanout     Cap    Slew   Delay    Time   Description
-----------------------------------------------------------------------------
                  0.00    0.00    0.00   clock __VIRTUAL_CLK__ (rise edge)
                          0.00    0.00   clock network delay (ideal)
                          2.00    2.00 v input external delay
                  0.02    0.01    2.01 v op[2] (in)
     1    0.00                           op[2] (net)
                  0.02    0.00    2.01 v input11/A (sky130_fd_sc_hd__buf_2)
                  0.14    0.31    2.32 v input11/X (sky130_fd_sc_hd__buf_2)
     9    0.03                           net11 (net)
                  0.14    0.00    2.32 v _071_/A (sky130_fd_sc_hd__or3b_2)
                  0.24    1.30    3.62 v _071_/X (sky130_fd_sc_hd__or3b_2)
     4    0.02                           _013_ (net)
                  0.24    0.00    3.62 v _091_/B1 (sky130_fd_sc_hd__o21a_1)
                  0.11    0.33    3.95 v _091_/X (sky130_fd_sc_hd__o21a_1)
     2    0.01                           _032_ (net)
                  0.11    0.00    3.95 v _092_/B (sky130_fd_sc_hd__xnor2_1)
                  0.41    0.42    4.38 ^ _092_/Y (sky130_fd_sc_hd__xnor2_1)
     2    0.01                           _033_ (net)
                  0.41    0.00    4.38 ^ _093_/B (sky130_fd_sc_hd__xor2_1)
                  0.23    0.41    4.78 ^ _093_/X (sky130_fd_sc_hd__xor2_1)
     2    0.00                           _034_ (net)
                  0.23    0.00    4.78 ^ _095_/B1 (sky130_fd_sc_hd__o21ai_1)
                  0.19    0.28    5.06 v _095_/Y (sky130_fd_sc_hd__o21ai_1)
     3    0.01                           _036_ (net)
                  0.19    0.00    5.06 v _110_/A2 (sky130_fd_sc_hd__a31o_1)
                  0.06    0.42    5.48 v _110_/X (sky130_fd_sc_hd__a31o_1)
     1    0.00                           _050_ (net)
                  0.06    0.00    5.48 v _111_/B (sky130_fd_sc_hd__or2_1)
                  0.12    0.50    5.98 v _111_/X (sky130_fd_sc_hd__or2_1)
     2    0.00                           _051_ (net)
                  0.12    0.00    5.98 v _118_/A1 (sky130_fd_sc_hd__a2111oi_1)
                  0.50    0.61    6.60 ^ _118_/Y (sky130_fd_sc_hd__a2111oi_1)
     1    0.00                           net16 (net)
                  0.50    0.00    6.60 ^ wire19/A (sky130_fd_sc_hd__clkbuf_1)
                  0.11    0.34    6.93 ^ wire19/X (sky130_fd_sc_hd__clkbuf_1)
     1    0.01                           net19 (net)
                  0.11    0.00    6.93 ^ wire18/A (sky130_fd_sc_hd__clkbuf_1)
                  0.09    0.19    7.12 ^ wire18/X (sky130_fd_sc_hd__clkbuf_1)
     1    0.00                           net18 (net)
                  0.09    0.00    7.13 ^ wire17/A (sky130_fd_sc_hd__clkbuf_1)
                  0.10    0.19    7.31 ^ wire17/X (sky130_fd_sc_hd__clkbuf_1)
     1    0.00                           net17 (net)
                  0.10    0.00    7.31 ^ output16/A (sky130_fd_sc_hd__clkbuf_4)
                  0.18    0.36    7.67 ^ output16/X (sky130_fd_sc_hd__clkbuf_4)
     1    0.03                           zero (net)
                  0.18    0.00    7.67 ^ zero (out)
                                  7.67   data arrival time

                  0.00   10.00   10.00   clock __VIRTUAL_CLK__ (rise edge)
                          0.00   10.00   clock network delay (ideal)
                         -0.25    9.75   clock uncertainty
                          0.00    9.75   clock reconvergence pessimism
                         -2.00    7.75   output external delay
                                  7.75   data required time
-----------------------------------------------------------------------------
                                  7.75   data required time
                                 -7.67   data arrival time
-----------------------------------------------------------------------------
                                  0.08   slack (MET)



======================= Typical Corner ===================================

Startpoint: op[2] (input port clocked by __VIRTUAL_CLK__)
Endpoint: zero (output port clocked by __VIRTUAL_CLK__)
Path Group: __VIRTUAL_CLK__
Path Type: max
Corner: Typical

Fanout     Cap    Slew   Delay    Time   Description
-----------------------------------------------------------------------------
                  0.00    0.00    0.00   clock __VIRTUAL_CLK__ (rise edge)
                          0.00    0.00   clock network delay (ideal)
                          2.00    2.00 v input external delay
                  0.01    0.00    2.00 v op[2] (in)
     1    0.00                           op[2] (net)
                  0.01    0.00    2.00 v input11/A (sky130_fd_sc_hd__buf_2)
                  0.08    0.16    2.16 v input11/X (sky130_fd_sc_hd__buf_2)
     9    0.03                           net11 (net)
                  0.08    0.00    2.16 v _071_/A (sky130_fd_sc_hd__or3b_2)
                  0.12    0.56    2.73 v _071_/X (sky130_fd_sc_hd__or3b_2)
     4    0.02                           _013_ (net)
                  0.12    0.00    2.73 v _091_/B1 (sky130_fd_sc_hd__o21a_1)
                  0.06    0.16    2.89 v _091_/X (sky130_fd_sc_hd__o21a_1)
     2    0.01                           _032_ (net)
                  0.06    0.00    2.89 v _092_/B (sky130_fd_sc_hd__xnor2_1)
                  0.25    0.25    3.14 ^ _092_/Y (sky130_fd_sc_hd__xnor2_1)
     2    0.01                           _033_ (net)
                  0.25    0.00    3.14 ^ _093_/B (sky130_fd_sc_hd__xor2_1)
                  0.14    0.20    3.34 ^ _093_/X (sky130_fd_sc_hd__xor2_1)
     2    0.00                           _034_ (net)
                  0.14    0.00    3.34 ^ _095_/B1 (sky130_fd_sc_hd__o21ai_1)
                  0.09    0.13    3.47 v _095_/Y (sky130_fd_sc_hd__o21ai_1)
     3    0.01                           _036_ (net)
                  0.09    0.00    3.47 v _110_/A2 (sky130_fd_sc_hd__a31o_1)
                  0.03    0.22    3.69 v _110_/X (sky130_fd_sc_hd__a31o_1)
     1    0.00                           _050_ (net)
                  0.03    0.00    3.69 v _111_/B (sky130_fd_sc_hd__or2_1)
                  0.06    0.22    3.91 v _111_/X (sky130_fd_sc_hd__or2_1)
     2    0.00                           _051_ (net)
                  0.06    0.00    3.91 v _118_/A1 (sky130_fd_sc_hd__a2111oi_1)
                  0.29    0.33    4.24 ^ _118_/Y (sky130_fd_sc_hd__a2111oi_1)
     1    0.00                           net16 (net)
                  0.29    0.00    4.24 ^ wire19/A (sky130_fd_sc_hd__clkbuf_1)
                  0.07    0.15    4.39 ^ wire19/X (sky130_fd_sc_hd__clkbuf_1)
     1    0.01                           net19 (net)
                  0.07    0.00    4.39 ^ wire18/A (sky130_fd_sc_hd__clkbuf_1)
                  0.06    0.10    4.49 ^ wire18/X (sky130_fd_sc_hd__clkbuf_1)
     1    0.00                           net18 (net)
                  0.06    0.00    4.49 ^ wire17/A (sky130_fd_sc_hd__clkbuf_1)
                  0.06    0.10    4.59 ^ wire17/X (sky130_fd_sc_hd__clkbuf_1)
     1    0.00                           net17 (net)
                  0.06    0.00    4.59 ^ output16/A (sky130_fd_sc_hd__clkbuf_4)
                  0.11    0.20    4.79 ^ output16/X (sky130_fd_sc_hd__clkbuf_4)
     1    0.03                           zero (net)
                  0.11    0.00    4.79 ^ zero (out)
                                  4.79   data arrival time

                  0.00   10.00   10.00   clock __VIRTUAL_CLK__ (rise edge)
                          0.00   10.00   clock network delay (ideal)
                         -0.25    9.75   clock uncertainty
                          0.00    9.75   clock reconvergence pessimism
                         -2.00    7.75   output external delay
                                  7.75   data required time
-----------------------------------------------------------------------------
                                  7.75   data required time
                                 -4.79   data arrival time
-----------------------------------------------------------------------------
                                  2.96   slack (MET)




===========================================================================
report_checks --slack_max -0.01
============================================================================
======================= Fastest Corner ===================================

No paths found.

======================= Slowest Corner ===================================

No paths found.

======================= Typical Corner ===================================

No paths found.


===========================================================================
 report_check_types -max_slew -max_cap -max_fanout -violators
============================================================================
======================= Fastest Corner ===================================


======================= Slowest Corner ===================================


======================= Typical Corner ===================================



===========================================================================
report_parasitic_annotation -report_unannotated
============================================================================
Found 0 unannotated drivers.
Found 0 partially unannotated drivers.

===========================================================================
max slew violation count 0
max fanout violation count 0
max cap violation count 0
============================================================================

===========================================================================
check_setup -verbose -unconstrained_endpoints -multiple_clock -no_clock -no_input_delay -loops -generated_clocks
===========================================================================
